Component: ARM Compiler 5.06 update 5 (build 528) Tool: armlink [4d35e2]

==============================================================================

Section Cross References

    startup_stm32g474xx.o(STACK) refers (Special) to heapauxi.o(.text) for __use_two_region_memory
    startup_stm32g474xx.o(HEAP) refers (Special) to heapauxi.o(.text) for __use_two_region_memory
    startup_stm32g474xx.o(RESET) refers (Special) to heapauxi.o(.text) for __use_two_region_memory
    startup_stm32g474xx.o(RESET) refers to startup_stm32g474xx.o(STACK) for __initial_sp
    startup_stm32g474xx.o(RESET) refers to startup_stm32g474xx.o(.text) for Reset_Handler
    startup_stm32g474xx.o(RESET) refers to stm32g4xx_it.o(i.NMI_Handler) for NMI_Handler
    startup_stm32g474xx.o(RESET) refers to stm32g4xx_it.o(i.HardFault_Handler) for HardFault_Handler
    startup_stm32g474xx.o(RESET) refers to stm32g4xx_it.o(i.MemManage_Handler) for MemManage_Handler
    startup_stm32g474xx.o(RESET) refers to stm32g4xx_it.o(i.BusFault_Handler) for BusFault_Handler
    startup_stm32g474xx.o(RESET) refers to stm32g4xx_it.o(i.UsageFault_Handler) for UsageFault_Handler
    startup_stm32g474xx.o(RESET) refers to stm32g4xx_it.o(i.SVC_Handler) for SVC_Handler
    startup_stm32g474xx.o(RESET) refers to stm32g4xx_it.o(i.DebugMon_Handler) for DebugMon_Handler
    startup_stm32g474xx.o(RESET) refers to stm32g4xx_it.o(i.PendSV_Handler) for PendSV_Handler
    startup_stm32g474xx.o(RESET) refers to stm32g4xx_it.o(i.SysTick_Handler) for SysTick_Handler
    startup_stm32g474xx.o(RESET) refers to stm32g4xx_it.o(i.TIM2_IRQHandler) for TIM2_IRQHandler
    startup_stm32g474xx.o(RESET) refers to stm32g4xx_it.o(i.HRTIM1_Master_IRQHandler) for HRTIM1_Master_IRQHandler
    startup_stm32g474xx.o(RESET) refers to stm32g4xx_it.o(i.FDCAN3_IT0_IRQHandler) for FDCAN3_IT0_IRQHandler
    startup_stm32g474xx.o(.text) refers (Special) to heapauxi.o(.text) for __use_two_region_memory
    startup_stm32g474xx.o(.text) refers to system_stm32g4xx.o(i.SystemInit) for SystemInit
    startup_stm32g474xx.o(.text) refers to __main.o(!!!main) for __main
    startup_stm32g474xx.o(.text) refers to startup_stm32g474xx.o(HEAP) for Heap_Mem
    startup_stm32g474xx.o(.text) refers to startup_stm32g474xx.o(STACK) for Stack_Mem
    main.o(i.SystemClock_Config) refers to rt_memclr_w.o(.text) for __aeabi_memclr4
    main.o(i.SystemClock_Config) refers to stm32g4xx_hal_pwr_ex.o(i.HAL_PWREx_ControlVoltageScaling) for HAL_PWREx_ControlVoltageScaling
    main.o(i.SystemClock_Config) refers to stm32g4xx_hal_rcc.o(i.HAL_RCC_OscConfig) for HAL_RCC_OscConfig
    main.o(i.SystemClock_Config) refers to main.o(i.Error_Handler) for Error_Handler
    main.o(i.SystemClock_Config) refers to stm32g4xx_hal_rcc.o(i.HAL_RCC_ClockConfig) for HAL_RCC_ClockConfig
    main.o(i.main) refers to stm32g4xx_hal.o(i.HAL_Init) for HAL_Init
    main.o(i.main) refers to main.o(i.SystemClock_Config) for SystemClock_Config
    main.o(i.main) refers to gpio.o(i.MX_GPIO_Init) for MX_GPIO_Init
    main.o(i.main) refers to dma.o(i.MX_DMA_Init) for MX_DMA_Init
    main.o(i.main) refers to adc.o(i.MX_ADC1_Init) for MX_ADC1_Init
    main.o(i.main) refers to hrtim.o(i.MX_HRTIM1_Init) for MX_HRTIM1_Init
    main.o(i.main) refers to fmac.o(i.MX_FMAC_Init) for MX_FMAC_Init
    main.o(i.main) refers to fdcan.o(i.MX_FDCAN3_Init) for MX_FDCAN3_Init
    main.o(i.main) refers to adc.o(i.MX_ADC3_Init) for MX_ADC3_Init
    main.o(i.main) refers to tim.o(i.MX_TIM2_Init) for MX_TIM2_Init
    main.o(i.main) refers to tim.o(i.MX_TIM5_Init) for MX_TIM5_Init
    main.o(i.main) refers to usart.o(i.MX_USART1_UART_Init) for MX_USART1_UART_Init
    main.o(i.main) refers to adc.o(i.MX_ADC2_Init) for MX_ADC2_Init
    main.o(i.main) refers to adc.o(i.MX_ADC4_Init) for MX_ADC4_Init
    main.o(i.main) refers to opamp.o(i.MX_OPAMP2_Init) for MX_OPAMP2_Init
    main.o(i.main) refers to vofa_float.o(i.vofa_begin) for vofa_begin
    main.o(i.main) refers to pid_init.o(i.Pid_Init) for Pid_Init
    main.o(i.main) refers to opamp.o(i.OPAMP_Start) for OPAMP_Start
    main.o(i.main) refers to adc_.o(i.ADC_init) for ADC_init
    main.o(i.main) refers to fmac.o(i.HAL_FMAC_FilterConfig_my) for HAL_FMAC_FilterConfig_my
    main.o(i.main) refers to fdcan_init.o(i.FDCAN_Config_Filter) for FDCAN_Config_Filter
    main.o(i.main) refers to stm32g4xx_hal_tim.o(i.HAL_TIM_Base_Start_IT) for HAL_TIM_Base_Start_IT
    main.o(i.main) refers to stm32g4xx_hal_hrtim.o(i.HAL_HRTIM_WaveformCountStart) for HAL_HRTIM_WaveformCountStart
    main.o(i.main) refers to stm32g4xx_hal_hrtim.o(i.HAL_HRTIM_WaveformCountStart_IT) for HAL_HRTIM_WaveformCountStart_IT
    main.o(i.main) refers to tim.o(.bss) for htim2
    main.o(i.main) refers to hrtim.o(.bss) for hhrtim1
    gpio.o(i.MX_GPIO_Init) refers to rt_memclr_w.o(.text) for __aeabi_memclr4
    gpio.o(i.MX_GPIO_Init) refers to stm32g4xx_hal_gpio.o(i.HAL_GPIO_WritePin) for HAL_GPIO_WritePin
[...]
    Reset_Handler                            0x080002b9   Thumb Code     8  startup_stm32g474xx.o(.text)
    ADC1_2_IRQHandler                        0x080002d3   Thumb Code     0  startup_stm32g474xx.o(.text)
    ADC3_IRQHandler                          0x080002d3   Thumb Code     0  startup_stm32g474xx.o(.text)
    ADC4_IRQHandler                          0x080002d3   Thumb Code     0  startup_stm32g474xx.o(.text)
    ADC5_IRQHandler                          0x080002d3   Thumb Code     0  startup_stm32g474xx.o(.text)
    COMP1_2_3_IRQHandler                     0x080002d3   Thumb Code     0  startup_stm32g474xx.o(.text)
    COMP4_5_6_IRQHandler                     0x080002d3   Thumb Code     0  startup_stm32g474xx.o(.text)
    COMP7_IRQHandler                         0x080002d3   Thumb Code     0  startup_stm32g474xx.o(.text)
    CORDIC_IRQHandler                        0x080002d3   Thumb Code     0  startup_stm32g474xx.o(.text)
    CRS_IRQHandler                           0x080002d3   Thumb Code     0  startup_stm32g474xx.o(.text)
    DMA1_Channel1_IRQHandler                 0x080002d3   Thumb Code     0  startup_stm32g474xx.o(.text)
    DMA1_Channel2_IRQHandler                 0x080002d3   Thumb Code     0  startup_stm32g474xx.o(.text)
    DMA1_Channel3_IRQHandler                 0x080002d3   Thumb Code     0  startup_stm32g474xx.o(.text)
    DMA1_Channel4_IRQHandler                 0x080002d3   Thumb Code     0  startup_stm32g474xx.o(.text)
    DMA1_Channel5_IRQHandler                 0x080002d3   Thumb Code     0  startup_stm32g474xx.o(.text)
    DMA1_Channel6_IRQHandler                 0x080002d3   Thumb Code     0  startup_stm32g474xx.o(.text)
    DMA1_Channel7_IRQHandler                 0x080002d3   Thumb Code     0  startup_stm32g474xx.o(.text)
    DMA1_Channel8_IRQHandler                 0x080002d3   Thumb Code     0  startup_stm32g474xx.o(.text)
    DMA2_Channel1_IRQHandler                 0x080002d3   Thumb Code     0  startup_stm32g474xx.o(.text)
    DMA2_Channel2_IRQHandler                 0x080002d3   Thumb Code     0  startup_stm32g474xx.o(.text)
    DMA2_Channel3_IRQHandler                 0x080002d3   Thumb Code     0  startup_stm32g474xx.o(.text)
    DMA2_Channel4_IRQHandler                 0x080002d3   Thumb Code     0  startup_stm32g474xx.o(.text)
    DMA2_Channel5_IRQHandler                 0x080002d3   Thumb Code     0  startup_stm32g474xx.o(.text)
    DMA2_Channel6_IRQHandler                 0x080002d3   Thumb Code     0  startup_stm32g474xx.o(.text)
    DMA2_Channel7_IRQHandler                 0x080002d3   Thumb Code     0  startup_stm32g474xx.o(.text)
    DMA2_Channel8_IRQHandler                 0x080002d3   Thumb Code     0  startup_stm32g474xx.o(.text)
    DMAMUX_OVR_IRQHandler                    0x080002d3   Thumb Code     0  startup_stm32g474xx.o(.text)
    EXTI0_IRQHandler                         0x080002d3   Thumb Code     0  startup_stm32g474xx.o(.text)
    EXTI15_10_IRQHandler                     0x080002d3   Thumb Code     0  startup_stm32g474xx.o(.text)
    EXTI1_IRQHandler                         0x080002d3   Thumb Code     0  startup_stm32g474xx.o(.text)
    EXTI2_IRQHandler                         0x080002d3   Thumb Code     0  startup_stm32g474xx.o(.text)
    EXTI3_IRQHandler                         0x080002d3   Thumb Code     0  startup_stm32g474xx.o(.text)
    EXTI4_IRQHandler                         0x080002d3   Thumb Code     0  startup_stm32g474xx.o(.text)
    EXTI9_5_IRQHandler                       0x080002d3   Thumb Code     0  startup_stm32g474xx.o(.text)
    FDCAN1_IT0_IRQHandler                    0x080002d3   Thumb Code     0  startup_stm32g474xx.o(.text)
    FDCAN1_IT1_IRQHandler                    0x080002d3   Thumb Code     0  startup_stm32g474xx.o(.text)
    FDCAN2_IT0_IRQHandler                    0x080002d3   Thumb Code     0  startup_stm32g474xx.o(.text)
    FDCAN2_IT1_IRQHandler                    0x080002d3   Thumb Code     0  startup_stm32g474xx.o(.text)
    FDCAN3_IT1_IRQHandler                    0x080002d3   Thumb Code     0  startup_stm32g474xx.o(.text)
    FLASH_IRQHandler                         0x080002d3   Thumb Code     0  startup_stm32g474xx.o(.text)
    FMAC_IRQHandler                          0x080002d3   Thumb Code     0  startup_stm32g474xx.o(.text)
    FMC_IRQHandler                           0x080002d3   Thumb Code     0  startup_stm32g474xx.o(.text)
    FPU_IRQHandler                           0x080002d3   Thumb Code     0  startup_stm32g474xx.o(.text)
    HRTIM1_FLT_IRQHandler                    0x080002d3   Thumb Code     0  startup_stm32g474xx.o(.text)
    HRTIM1_TIMA_IRQHandler                   0x080002d3   Thumb Code     0  startup_stm32g474xx.o(.text)
    HRTIM1_TIMB_IRQHandler                   0x080002d3   Thumb Code     0  startup_stm32g474xx.o(.text)
    HRTIM1_TIMC_IRQHandler                   0x080002d3   Thumb Code     0  startup_stm32g474xx.o(.text)
    HRTIM1_TIMD_IRQHandler                   0x080002d3   Thumb Code     0  startup_stm32g474xx.o(.text)
    HRTIM1_TIME_IRQHandler                   0x080002d3   Thumb Code     0  startup_stm32g474xx.o(.text)
    HRTIM1_TIMF_IRQHandler                   0x080002d3   Thumb Code     0  startup_stm32g474xx.o(.text)
    I2C1_ER_IRQHandler                       0x080002d3   Thumb Code     0  startup_stm32g474xx.o(.text)
    I2C1_EV_IRQHandler                       0x080002d3   Thumb Code     0  startup_stm32g474xx.o(.text)
    I2C2_ER_IRQHandler                       0x080002d3   Thumb Code     0  startup_stm32g474xx.o(.text)
    I2C2_EV_IRQHandler                       0x080002d3   Thumb Code     0  startup_stm32g474xx.o(.text)
    I2C3_ER_IRQHandler                       0x080002d3   Thumb Code     0  startup_stm32g474xx.o(.text)
    I2C3_EV_IRQHandler                       0x080002d3   Thumb Code     0  startup_stm32g474xx.o(.text)
    I2C4_ER_IRQHandler                       0x080002d3   Thumb Code     0  startup_stm32g474xx.o(.text)
    I2C4_EV_IRQHandler                       0x080002d3   Thumb Code     0  startup_stm32g474xx.o(.text)
    LPTIM1_IRQHandler                        0x080002d3   Thumb Code     0  startup_stm32g474xx.o(.text)
    LPUART1_IRQHandler                       0x080002d3   Thumb Code     0  startup_stm32g474xx.o(.text)
    PVD_PVM_IRQHandler                       0x080002d3   Thumb Code     0  startup_stm32g474xx.o(.text)
    QUADSPI_IRQHandler                       0x080002d3   Thumb Code     0  startup_stm32g474xx.o(.text)
    RCC_IRQHandler                           0x080002d3   Thumb Code     0  startup_stm32g474xx.o(.text)
    RNG_IRQHandler                           0x080002d3   Thumb Code     0  startup_stm32g474xx.o(.text)
    RTC_Alarm_IRQHandler                     0x080002d3   Thumb Code     0  startup_stm32g474xx.o(.text)
    RTC_TAMP_LSECSS_IRQHandler               0x080002d3   Thumb Code     0  startup_stm32g474xx.o(.text)
    RTC_WKUP_IRQHandler                      0x080002d3   Thumb Code     0  startup_stm32g474xx.o(.text)
    SAI1_IRQHandler                          0x080002d3   Thumb Code     0  startup_stm32g474xx.o(.text)
    SPI1_IRQHandler                          0x080002d3   Thumb Code     0  startup_stm32g474xx.o(.text)
    SPI2_IRQHandler                          0x080002d3   Thumb Code     0  startup_stm32g474xx.o(.text)
    SPI3_IRQHandler                          0x080002d3   Thumb Code     0  startup_stm32g474xx.o(.text)
    SPI4_IRQHandler                          0x080002d3   Thumb Code     0  startup_stm32g474xx.o(.text)
    TIM1_BRK_TIM15_IRQHandler                0x080002d3   Thumb Code     0  startup_stm32g474xx.o(.text)
    TIM1_CC_IRQHandler                       0x080002d3   Thumb Code     0  startup_stm32g474xx.o(.text)
    TIM1_TRG_COM_TIM17_IRQHandler            0x080002d3   Thumb Code     0  startup_stm32g474xx.o(.text)
    TIM1_UP_TIM16_IRQHandler                 0x080002d3   Thumb Code     0  startup_stm32g474xx.o(.text)
    TIM20_BRK_IRQHandler                     0x080002d3   Thumb Code     0  startup_stm32g474xx.o(.text)
    TIM20_CC_IRQHandler                      0x080002d3   Thumb Code     0  startup_stm32g474xx.o(.text)
    TIM20_TRG_COM_IRQHandler                 0x080002d3   Thumb Code     0  startup_stm32g474xx.o(.text)
    TIM20_UP_IRQHandler                      0x080002d3   Thumb Code     0  startup_stm32g474xx.o(.text)
    TIM3_IRQHandler                          0x080002d3   Thumb Code     0  startup_stm32g474xx.o(.text)
    TIM4_IRQHandler                          0x080002d3   Thumb Code     0  startup_stm32g474xx.o(.text)
    TIM5_IRQHandler                          0x080002d3   Thumb Code     0  startup_stm32g474xx.o(.text)
    TIM6_DAC_IRQHandler                      0x080002d3   Thumb Code     0  startup_stm32g474xx.o(.text)
    TIM7_DAC_IRQHandler                      0x080002d3   Thumb Code     0  startup_stm32g474xx.o(.text)
    TIM8_BRK_IRQHandler                      0x080002d3   Thumb Code     0  startup_stm32g474xx.o(.text)
    TIM8_CC_IRQHandler                       0x080002d3   Thumb Code     0  startup_stm32g474xx.o(.text)
    TIM8_TRG_COM_IRQHandler                  0x080002d3   Thumb Code     0  startup_stm32g474xx.o(.text)
    TIM8_UP_IRQHandler                       0x080002d3   Thumb Code     0  startup_stm32g474xx.o(.text)
    UART4_IRQHandler                         0x080002d3   Thumb Code     0  startup_stm32g474xx.o(.text)
    UART5_IRQHandler                         0x080002d3   Thumb Code     0  startup_stm32g474xx.o(.text)
    UCPD1_IRQHandler                         0x080002d3   Thumb Code     0  startup_stm32g474xx.o(.text)
    USART1_IRQHandler                        0x080002d3   Thumb Code     0  startup_stm32g474xx.o(.text)
    USART2_IRQHandler                        0x080002d3   Thumb Code     0  startup_stm32g474xx.o(.text)
    USART3_IRQHandler                        0x080002d3   Thumb Code     0  startup_stm32g474xx.o(.text)
    USBWakeUp_IRQHandler                     0x080002d3   Thumb Code     0  startup_stm32g474xx.o(.text)
    USB_HP_IRQHandler                        0x080002d3   Thumb Code     0  startup_stm32g474xx.o(.text)
    USB_LP_IRQHandler                        0x080002d3   Thumb Code     0  startup_stm32g474xx.o(.text)
    WWDG_IRQHandler                          0x080002d3   Thumb Code     0  startup_stm32g474xx.o(.text)
    __user_initial_stackheap                 0x080002d5   Thumb Code     0  startup_stm32g474xx.o(.text)
    __aeabi_uldivmod                         0x080002f9   Thumb Code     0  lludivv7m.o(.text)
    _ll_udiv                                 0x080002f9   Thumb Code   238  lludivv7m.o(.text)
    __aeabi_memclr4                          0x080003e7   Thumb Code     0  rt_memclr_w.o(.text)
    __aeabi_memclr8                          0x080003e7   Thumb Code     0  rt_memclr_w.o(.text)
    __rt_memclr_w                            0x080003e7   Thumb Code    78  rt_memclr_w.o(.text)
    _memset_w                                0x080003eb   Thumb Code     0  rt_memclr_w.o(.text)
    __use_two_region_memory                  0x08000435   Thumb Code     2  heapauxi.o(.text)
    __rt_heap_escrow$2region                 0x08000437   Thumb Code     2  heapauxi.o(.text)
    __rt_heap_expand$2region                 0x08000439   Thumb Code     2  heapauxi.o(.text)
    __user_libspace                          0x0800043d   Thumb Code     8  libspace.o(.text)
    __user_perproc_libspace                  0x0800043d   Thumb Code     0  libspace.o(.text)
    __user_perthread_libspace                0x0800043d   Thumb Code     0  libspace.o(.text)
    __user_setup_stackheap                   0x08000445   Thumb Code    74  sys_stackheap_outer.o(.text)
    exit                                     0x0800048f   Thumb Code    18  exit.o(.text)
    _sys_exit                                0x080004a1   Thumb Code     8  sys_exit.o(.text)
    __I$use$semihosting                      0x080004ad   Thumb Code     0  use_no_semi.o(.text)
    __use_no_semihosting_swi                 0x080004ad   Thumb Code     2  use_no_semi.o(.text)
    __semihosting_library_function           0x080004af   Thumb Code     0  indicate_semi.o(.text)
    low_filter_calc                          0x080004af   Thumb Code    52  fliter.o(ccmram)
    All_pid_clean                            0x080004e5   Thumb Code    58  power_control_fox.o(ccmram)
    Buck_Boost_mix_pid                       0x0800051f   Thumb Code   448  power_control_fox.o(ccmram)
    Buck_pid                                 0x080006df   Thumb Code   592  power_control_fox.o(ccmram)
    BuckBoostVLoopCtlPID                     0x0800092f   Thumb Code   154  power_control_fox.o(ccmram)
    PID_calc                                 0x080009e5   Thumb Code   258  pid.o(ccmram)
    PID_clear                                0x08000ae7   Thumb Code    64  pid.o(ccmram)
    ADC1_dispose                             0x08000b2d   Thumb Code    74  adc_.o(i.ADC1_dispose)
    ADC2_dispose                             0x08000b95   Thumb Code    74  adc_.o(i.ADC2_dispose)
    ADC3_dispose                             0x08000bfd   Thumb Code   144  adc_.o(i.ADC3_dispose)
    ADC4_dispose                             0x08000cb9   Thumb Code    74  adc_.o(i.ADC4_dispose)
    ADC_DMAConvCplt                          0x08000d21   Thumb Code   146  stm32g4xx_hal_adc.o(i.ADC_DMAConvCplt)
    ADC_DMAError                             0x08000db3   Thumb Code    30  stm32g4xx_hal_adc.o(i.ADC_DMAError)
    ADC_DMAHalfConvCplt                      0x08000dd1   Thumb Code    14  stm32g4xx_hal_adc.o(i.ADC_DMAHalfConvCplt)
    ADC_Disable                              0x08000de1   Thumb Code   142  stm32g4xx_hal_adc.o(i.ADC_Disable)
    ADC_Enable                               0x08000e75   Thumb Code   200  stm32g4xx_hal_adc.o(i.ADC_Enable)
    ADC_init                                 0x08000f55   Thumb Code   158  adc_.o(i.ADC_init)
    Buck_Boost_Status                        0x0800103d   Thumb Code   296  function.o(i.Buck_Boost_Status)
    BusFault_Handler                         0x08001181   Thumb Code     4  stm32g4xx_it.o(i.BusFault_Handler)
    DebugMon_Handler                         0x0800122d   Thumb Code     2  stm32g4xx_it.o(i.DebugMon_Handler)
    Error_Handler                            0x0800122f   Thumb Code     6  main.o(i.Error_Handler)
    FDCAN3_IT0_IRQHandler                    0x08001235   Thumb Code    10  stm32g4xx_it.o(i.FDCAN3_IT0_IRQHandler)
    FDCAN_Config_Filter                      0x080012c9   Thumb Code    62  fdcan_init.o(i.FDCAN_Config_Filter)
    HAL_ADCEx_Calibration_Start              0x080019c1   Thumb Code   236  stm32g4xx_hal_adc_ex.o(i.HAL_ADCEx_Calibration_Start)
    HAL_ADCEx_MultiModeConfigChannel         0x08001b05   Thumb Code   632  stm32g4xx_hal_adc_ex.o(i.HAL_ADCEx_MultiModeConfigChannel)
    HAL_ADC_ConfigChannel                    0x08001dd1   Thumb Code  2758  stm32g4xx_hal_adc.o(i.HAL_ADC_ConfigChannel)
    HAL_ADC_ConvCpltCallback                 0x080028c9   Thumb Code     2  stm32g4xx_hal_adc.o(i.HAL_ADC_ConvCpltCallback)
    HAL_ADC_ConvHalfCpltCallback             0x080028cb   Thumb Code     2  stm32g4xx_hal_adc.o(i.HAL_ADC_ConvHalfCpltCallback)
    HAL_ADC_ErrorCallback                    0x080028cd   Thumb Code     2  stm32g4xx_hal_adc.o(i.HAL_ADC_ErrorCallback)
    HAL_ADC_Init                             0x080028d1   Thumb Code  1884  stm32g4xx_hal_adc.o(i.HAL_ADC_Init)
    HAL_ADC_MspInit                          0x08003055   Thumb Code   710  adc.o(i.HAL_ADC_MspInit)
    HAL_ADC_Start_DMA                        0x0800334d   Thumb Code   358  stm32g4xx_hal_adc.o(i.HAL_ADC_Start_DMA)
    HAL_DMA_Init                             0x08003511   Thumb Code   568  stm32g4xx_hal_dma.o(i.HAL_DMA_Init)
    HAL_DMA_Start_IT                         0x08003789   Thumb Code   214  stm32g4xx_hal_dma.o(i.HAL_DMA_Start_IT)
    HAL_Delay                                0x08003899   Thumb Code    36  stm32g4xx_hal.o(i.HAL_Delay)
    HAL_FDCAN_ActivateNotification           0x080038c1   Thumb Code   334  stm32g4xx_hal_fdcan.o(i.HAL_FDCAN_ActivateNotification)
    HAL_FDCAN_ConfigFilter                   0x08003a4d   Thumb Code   378  stm32g4xx_hal_fdcan.o(i.HAL_FDCAN_ConfigFilter)
    HAL_FDCAN_ErrorCallback                  0x08003c05   Thumb Code     2  stm32g4xx_hal_fdcan.o(i.HAL_FDCAN_ErrorCallback)
    HAL_FDCAN_ErrorStatusCallback            0x08003c07   Thumb Code     2  stm32g4xx_hal_fdcan.o(i.HAL_FDCAN_ErrorStatusCallback)
    HAL_FDCAN_GetRxMessage                   0x08003c09   Thumb Code   368  stm32g4xx_hal_fdcan.o(i.HAL_FDCAN_GetRxMessage)
    HAL_FDCAN_HighPriorityMessageCallback    0x08003db9   Thumb Code     2  stm32g4xx_hal_fdcan.o(i.HAL_FDCAN_HighPriorityMessageCallback)
    HAL_FDCAN_IRQHandler                     0x08003dbb   Thumb Code   424  stm32g4xx_hal_fdcan.o(i.HAL_FDCAN_IRQHandler)
    HAL_FDCAN_Init                           0x08003f65   Thumb Code  1120  stm32g4xx_hal_fdcan.o(i.HAL_FDCAN_Init)
    HAL_FDCAN_MspInit                        0x080043c5   Thumb Code   150  fdcan.o(i.HAL_FDCAN_MspInit)
    HAL_FDCAN_RxFifo0Callback                0x08004469   Thumb Code    48  fdcan_init.o(i.HAL_FDCAN_RxFifo0Callback)
    HAL_FDCAN_RxFifo1Callback                0x080044a5   Thumb Code     2  stm32g4xx_hal_fdcan.o(i.HAL_FDCAN_RxFifo1Callback)
    HAL_FDCAN_Start                          0x080044a7   Thumb Code    46  stm32g4xx_hal_fdcan.o(i.HAL_FDCAN_Start)
    HAL_FDCAN_TimeoutOccurredCallback        0x080044d5   Thumb Code     2  stm32g4xx_hal_fdcan.o(i.HAL_FDCAN_TimeoutOccurredCallback)
    HAL_FDCAN_TimestampWraparoundCallback    0x080044d7   Thumb Code     2  stm32g4xx_hal_fdcan.o(i.HAL_FDCAN_TimestampWraparoundCallback)
    HAL_FDCAN_TxBufferAbortCallback          0x080044d9   Thumb Code     2  stm32g4xx_hal_fdcan.o(i.HAL_FDCAN_TxBufferAbortCallback)
    HAL_FDCAN_TxBufferCompleteCallback       0x080044db   Thumb Code     2  stm32g4xx_hal_fdcan.o(i.HAL_FDCAN_TxBufferCompleteCallback)
    HAL_FDCAN_TxEventFifoCallback            0x080044dd   Thumb Code     2  stm32g4xx_hal_fdcan.o(i.HAL_FDCAN_TxEventFifoCallback)
    HAL_FDCAN_TxFifoEmptyCallback            0x080044df   Thumb Code     2  stm32g4xx_hal_fdcan.o(i.HAL_FDCAN_TxFifoEmptyCallback)
    HAL_FMAC_ErrorCallback                   0x080044e1   Thumb Code     2  stm32g4xx_hal_fmac.o(i.HAL_FMAC_ErrorCallback)
    HAL_FMAC_FilterConfig                    0x080044e3   Thumb Code    18  stm32g4xx_hal_fmac.o(i.HAL_FMAC_FilterConfig)
    HAL_FMAC_FilterConfigCallback            0x080044f5   Thumb Code     2  stm32g4xx_hal_fmac.o(i.HAL_FMAC_FilterConfigCallback)
    HAL_FMAC_FilterConfig_my                 0x080044f9   Thumb Code   132  fmac.o(i.HAL_FMAC_FilterConfig_my)
    HAL_FMAC_FilterStart                     0x0800458d   Thumb Code   142  stm32g4xx_hal_fmac.o(i.HAL_FMAC_FilterStart)
    HAL_FMAC_HalfOutputDataReadyCallback     0x0800461b   Thumb Code     2  stm32g4xx_hal_fmac.o(i.HAL_FMAC_HalfOutputDataReadyCallback)
    HAL_FMAC_Init                            0x0800461d   Thumb Code   112  stm32g4xx_hal_fmac.o(i.HAL_FMAC_Init)
    HAL_FMAC_MspInit                         0x080046cd   Thumb Code   102  fmac.o(i.HAL_FMAC_MspInit)
    HAL_FMAC_OutputDataReadyCallback         0x08004745   Thumb Code     2  stm32g4xx_hal_fmac.o(i.HAL_FMAC_OutputDataReadyCallback)
    HAL_GPIO_Init                            0x08004749   Thumb Code   746  stm32g4xx_hal_gpio.o(i.HAL_GPIO_Init)
    HAL_GPIO_WritePin                        0x08004a95   Thumb Code    58  stm32g4xx_hal_gpio.o(i.HAL_GPIO_WritePin)
    HAL_GetTick                              0x08004b0d   Thumb Code     6  stm32g4xx_hal.o(i.HAL_GetTick)
    HAL_HRTIM_ADCPostScalerConfig            0x08004b19   Thumb Code   388  stm32g4xx_hal_hrtim.o(i.HAL_HRTIM_ADCPostScalerConfig)
    HAL_HRTIM_ADCTriggerConfig               0x08004cd9   Thumb Code   756  stm32g4xx_hal_hrtim.o(i.HAL_HRTIM_ADCTriggerConfig)
    HAL_HRTIM_BurstModePeriodCallback        0x08005009   Thumb Code     2  stm32g4xx_hal_hrtim.o(i.HAL_HRTIM_BurstModePeriodCallback)
    HAL_HRTIM_Capture1EventCallback          0x0800500b   Thumb Code     2  stm32g4xx_hal_hrtim.o(i.HAL_HRTIM_Capture1EventCallback)
    HAL_HRTIM_Capture2EventCallback          0x0800500d   Thumb Code     2  stm32g4xx_hal_hrtim.o(i.HAL_HRTIM_Capture2EventCallback)
    HAL_HRTIM_Compare1EventCallback          0x0800500f   Thumb Code     2  stm32g4xx_hal_hrtim.o(i.HAL_HRTIM_Compare1EventCallback)
    HAL_HRTIM_Compare2EventCallback          0x08005011   Thumb Code     2  stm32g4xx_hal_hrtim.o(i.HAL_HRTIM_Compare2EventCallback)
    HAL_HRTIM_Compare3EventCallback          0x08005013   Thumb Code     2  stm32g4xx_hal_hrtim.o(i.HAL_HRTIM_Compare3EventCallback)
    HAL_HRTIM_Compare4EventCallback          0x08005015   Thumb Code     2  stm32g4xx_hal_hrtim.o(i.HAL_HRTIM_Compare4EventCallback)
    HAL_HRTIM_CounterResetCallback           0x08005017   Thumb Code     2  stm32g4xx_hal_hrtim.o(i.HAL_HRTIM_CounterResetCallback)
    HAL_HRTIM_DLLCalibrationReadyCallback    0x08005019   Thumb Code     2  stm32g4xx_hal_hrtim.o(i.HAL_HRTIM_DLLCalibrationReadyCallback)
    HAL_HRTIM_DLLCalibrationStart            0x0800501d   Thumb Code   162  stm32g4xx_hal_hrtim.o(i.HAL_HRTIM_DLLCalibrationStart)
    HAL_HRTIM_DeadTimeConfig                 0x080050fd   Thumb Code   418  stm32g4xx_hal_hrtim.o(i.HAL_HRTIM_DeadTimeConfig)
    HAL_HRTIM_DelayedProtectionCallback      0x080052e5   Thumb Code     2  stm32g4xx_hal_hrtim.o(i.HAL_HRTIM_DelayedProtectionCallback)
    HAL_HRTIM_Fault1Callback                 0x080052e7   Thumb Code     2  stm32g4xx_hal_hrtim.o(i.HAL_HRTIM_Fault1Callback)
    HAL_HRTIM_Fault2Callback                 0x080052e9   Thumb Code     2  stm32g4xx_hal_hrtim.o(i.HAL_HRTIM_Fault2Callback)
    HAL_HRTIM_Fault3Callback                 0x080052eb   Thumb Code     2  stm32g4xx_hal_hrtim.o(i.HAL_HRTIM_Fault3Callback)
    HAL_HRTIM_Fault4Callback                 0x080052ed   Thumb Code     2  stm32g4xx_hal_hrtim.o(i.HAL_HRTIM_Fault4Callback)
    HAL_HRTIM_Fault5Callback                 0x080052ef   Thumb Code     2  stm32g4xx_hal_hrtim.o(i.HAL_HRTIM_Fault5Callback)
    HAL_HRTIM_Fault6Callback                 0x080052f1   Thumb Code     2  stm32g4xx_hal_hrtim.o(i.HAL_HRTIM_Fault6Callback)
    HAL_HRTIM_IRQHandler                     0x080052f3   Thumb Code    40  stm32g4xx_hal_hrtim.o(i.HAL_HRTIM_IRQHandler)
    HAL_HRTIM_Init                           0x0800531d   Thumb Code   404  stm32g4xx_hal_hrtim.o(i.HAL_HRTIM_Init)
    HAL_HRTIM_MspInit                        0x080054f9   Thumb Code    58  hrtim.o(i.HAL_HRTIM_MspInit)
    HAL_HRTIM_MspPostInit                    0x0800553d   Thumb Code    84  hrtim.o(i.HAL_HRTIM_MspPostInit)
    HAL_HRTIM_Output1ResetCallback           0x08005599   Thumb Code     2  stm32g4xx_hal_hrtim.o(i.HAL_HRTIM_Output1ResetCallback)
    HAL_HRTIM_Output1SetCallback             0x0800559b   Thumb Code     2  stm32g4xx_hal_hrtim.o(i.HAL_HRTIM_Output1SetCallback)
    HAL_HRTIM_Output2ResetCallback           0x0800559d   Thumb Code     2  stm32g4xx_hal_hrtim.o(i.HAL_HRTIM_Output2ResetCallback)
    HAL_HRTIM_Output2SetCallback             0x0800559f   Thumb Code     2  stm32g4xx_hal_hrtim.o(i.HAL_HRTIM_Output2SetCallback)
    HAL_HRTIM_PollForDLLCalibration          0x080055a1   Thumb Code    74  stm32g4xx_hal_hrtim.o(i.HAL_HRTIM_PollForDLLCalibration)
    HAL_HRTIM_RegistersUpdateCallback        0x080055eb   Thumb Code     2  stm32g4xx_hal_hrtim.o(i.HAL_HRTIM_RegistersUpdateCallback)
    HAL_HRTIM_RepetitionEventCallback        0x080055ed   Thumb Code     2  stm32g4xx_hal_hrtim.o(i.HAL_HRTIM_RepetitionEventCallback)
    HAL_HRTIM_SynchronizationEventCallback   0x080055ef   Thumb Code     2  stm32g4xx_hal_hrtim.o(i.HAL_HRTIM_SynchronizationEventCallback)
    HAL_HRTIM_SystemFaultCallback            0x080055f1   Thumb Code     2  stm32g4xx_hal_hrtim.o(i.HAL_HRTIM_SystemFaultCallback)
    HAL_HRTIM_TimeBaseConfig                 0x080055f5   Thumb Code   182  stm32g4xx_hal_hrtim.o(i.HAL_HRTIM_TimeBaseConfig)
    HAL_HRTIM_WaveformCompareConfig          0x080056e9   Thumb Code   702  stm32g4xx_hal_hrtim.o(i.HAL_HRTIM_WaveformCompareConfig)
    HAL_HRTIM_WaveformCountStart             0x080059e5   Thumb Code    82  stm32g4xx_hal_hrtim.o(i.HAL_HRTIM_WaveformCountStart)
    HAL_HRTIM_WaveformCountStart_IT          0x08005a75   Thumb Code   176  stm32g4xx_hal_hrtim.o(i.HAL_HRTIM_WaveformCountStart_IT)
    HAL_HRTIM_WaveformOutputConfig           0x08005b65   Thumb Code   318  stm32g4xx_hal_hrtim.o(i.HAL_HRTIM_WaveformOutputConfig)
    HAL_HRTIM_WaveformOutputStart            0x08005ce1   Thumb Code    86  stm32g4xx_hal_hrtim.o(i.HAL_HRTIM_WaveformOutputStart)
    HAL_HRTIM_WaveformOutputStop             0x08005d75   Thumb Code    86  stm32g4xx_hal_hrtim.o(i.HAL_HRTIM_WaveformOutputStop)
    HAL_HRTIM_WaveformTimerConfig            0x08005e09   Thumb Code   954  stm32g4xx_hal_hrtim.o(i.HAL_HRTIM_WaveformTimerConfig)
    HAL_HRTIM_WaveformTimerControl           0x08006209   Thumb Code   282  stm32g4xx_hal_hrtim.o(i.HAL_HRTIM_WaveformTimerControl)
    HAL_IncTick                              0x08006361   Thumb Code    16  stm32g4xx_hal.o(i.HAL_IncTick)
    HAL_Init                                 0x08006379   Thumb Code    30  stm32g4xx_hal.o(i.HAL_Init)
    HAL_InitTick                             0x08006399   Thumb Code    74  stm32g4xx_hal.o(i.HAL_InitTick)
    HAL_MspInit                              0x080063f1   Thumb Code    62  stm32g4xx_hal_msp.o(i.HAL_MspInit)
    HAL_NVIC_EnableIRQ                       0x08006435   Thumb Code    56  stm32g4xx_hal_cortex.o(i.HAL_NVIC_EnableIRQ)
    HAL_NVIC_SetPriority                     0x080064a9   Thumb Code   150  stm32g4xx_hal_cortex.o(i.HAL_NVIC_SetPriority)
    HAL_NVIC_SetPriorityGrouping             0x0800657d   Thumb Code    66  stm32g4xx_hal_cortex.o(i.HAL_NVIC_SetPriorityGrouping)
    HAL_OPAMP_Init                           0x08006605   Thumb Code   762  stm32g4xx_hal_opamp.o(i.HAL_OPAMP_Init)
    HAL_OPAMP_MspInit                        0x08006949   Thumb Code    76  opamp.o(i.HAL_OPAMP_MspInit)
    HAL_OPAMP_SelfCalibrate                  0x0800699d   Thumb Code   466  stm32g4xx_hal_opamp.o(i.HAL_OPAMP_SelfCalibrate)
    HAL_OPAMP_Start                          0x08006bb1   Thumb Code   118  stm32g4xx_hal_opamp.o(i.HAL_OPAMP_Start)
    HAL_PWREx_ControlVoltageScaling          0x08006c69   Thumb Code   294  stm32g4xx_hal_pwr_ex.o(i.HAL_PWREx_ControlVoltageScaling)
    HAL_PWREx_DisableUCPDDeadBattery         0x08006dd9   Thumb Code    14  stm32g4xx_hal_pwr_ex.o(i.HAL_PWREx_DisableUCPDDeadBattery)
    HAL_RCCEx_PeriphCLKConfig                0x08006ded   Thumb Code  2034  stm32g4xx_hal_rcc_ex.o(i.HAL_RCCEx_PeriphCLKConfig)
    HAL_RCC_ClockConfig                      0x080075e5   Thumb Code   814  stm32g4xx_hal_rcc.o(i.HAL_RCC_ClockConfig)
    HAL_RCC_GetHCLKFreq                      0x08007965   Thumb Code     6  stm32g4xx_hal_rcc.o(i.HAL_RCC_GetHCLKFreq)
    HAL_RCC_GetPCLK1Freq                     0x08007971   Thumb Code    26  stm32g4xx_hal_rcc.o(i.HAL_RCC_GetPCLK1Freq)
    HAL_RCC_GetPCLK2Freq                     0x08007995   Thumb Code    26  stm32g4xx_hal_rcc.o(i.HAL_RCC_GetPCLK2Freq)
    HAL_RCC_GetSysClockFreq                  0x080079b9   Thumb Code   138  stm32g4xx_hal_rcc.o(i.HAL_RCC_GetSysClockFreq)
    HAL_RCC_OscConfig                        0x08007a51   Thumb Code  1866  stm32g4xx_hal_rcc.o(i.HAL_RCC_OscConfig)
    HAL_SYSTICK_Config                       0x080081a9   Thumb Code    52  stm32g4xx_hal_cortex.o(i.HAL_SYSTICK_Config)
    HAL_TIMEx_Break2Callback                 0x080081dd   Thumb Code     2  stm32g4xx_hal_tim_ex.o(i.HAL_TIMEx_Break2Callback)
    HAL_TIMEx_BreakCallback                  0x080081df   Thumb Code     2  stm32g4xx_hal_tim_ex.o(i.HAL_TIMEx_BreakCallback)
    HAL_TIMEx_CommutCallback                 0x080081e1   Thumb Code     2  stm32g4xx_hal_tim_ex.o(i.HAL_TIMEx_CommutCallback)
    HAL_TIMEx_DirectionChangeCallback        0x080081e3   Thumb Code     2  stm32g4xx_hal_tim_ex.o(i.HAL_TIMEx_DirectionChangeCallback)
    HAL_TIMEx_EncoderIndexCallback           0x080081e5   Thumb Code     2  stm32g4xx_hal_tim_ex.o(i.HAL_TIMEx_EncoderIndexCallback)
    HAL_TIMEx_IndexErrorCallback             0x080081e7   Thumb Code     2  stm32g4xx_hal_tim_ex.o(i.HAL_TIMEx_IndexErrorCallback)
    HAL_TIMEx_MasterConfigSynchronization    0x080081e9   Thumb Code   514  stm32g4xx_hal_tim_ex.o(i.HAL_TIMEx_MasterConfigSynchronization)
    HAL_TIMEx_TransitionErrorCallback        0x08008451   Thumb Code     2  stm32g4xx_hal_tim_ex.o(i.HAL_TIMEx_TransitionErrorCallback)
    HAL_TIM_Base_Init                        0x08008455   Thumb Code   410  stm32g4xx_hal_tim.o(i.HAL_TIM_Base_Init)
    HAL_TIM_Base_MspInit                     0x08008659   Thumb Code    96  tim.o(i.HAL_TIM_Base_MspInit)
    HAL_TIM_Base_Start_IT                    0x080086c1   Thumb Code   256  stm32g4xx_hal_tim.o(i.HAL_TIM_Base_Start_IT)
    HAL_TIM_ConfigClockSource                0x08008829   Thumb Code  2528  stm32g4xx_hal_tim.o(i.HAL_TIM_ConfigClockSource)
    HAL_TIM_IC_CaptureCallback               0x08009211   Thumb Code     2  stm32g4xx_hal_tim.o(i.HAL_TIM_IC_CaptureCallback)
    HAL_TIM_IRQHandler                       0x08009213   Thumb Code   544  stm32g4xx_hal_tim.o(i.HAL_TIM_IRQHandler)
    HAL_TIM_MspPostInit                      0x08009435   Thumb Code    82  tim.o(i.HAL_TIM_MspPostInit)
    HAL_TIM_OC_DelayElapsedCallback          0x08009491   Thumb Code     2  stm32g4xx_hal_tim.o(i.HAL_TIM_OC_DelayElapsedCallback)
    HAL_TIM_PWM_ConfigChannel                0x08009495   Thumb Code   892  stm32g4xx_hal_tim.o(i.HAL_TIM_PWM_ConfigChannel)
    HAL_TIM_PWM_Init                         0x08009871   Thumb Code   410  stm32g4xx_hal_tim.o(i.HAL_TIM_PWM_Init)
    HAL_TIM_PWM_MspInit                      0x08009a75   Thumb Code     2  stm32g4xx_hal_tim.o(i.HAL_TIM_PWM_MspInit)
    HAL_TIM_PWM_PulseFinishedCallback        0x08009a77   Thumb Code     2  stm32g4xx_hal_tim.o(i.HAL_TIM_PWM_PulseFinishedCallback)
    HAL_TIM_PeriodElapsedCallback            0x08009a79   Thumb Code    84  tim_init.o(i.HAL_TIM_PeriodElapsedCallback)
    HAL_TIM_TriggerCallback                  0x08009ae1   Thumb Code     2  stm32g4xx_hal_tim.o(i.HAL_TIM_TriggerCallback)
    HAL_UARTEx_DisableFifoMode               0x08009ae5   Thumb Code   140  stm32g4xx_hal_uart_ex.o(i.HAL_UARTEx_DisableFifoMode)
    HAL_UARTEx_ReceiveToIdle_IT              0x08009bc5   Thumb Code    96  stm32g4xx_hal_uart_ex.o(i.HAL_UARTEx_ReceiveToIdle_IT)
    HAL_UARTEx_RxEventCallback               0x08009c25   Thumb Code     2  stm32g4xx_hal_uart.o(i.HAL_UARTEx_RxEventCallback)
    HAL_UARTEx_SetRxFifoThreshold            0x08009c29   Thumb Code   198  stm32g4xx_hal_uart_ex.o(i.HAL_UARTEx_SetRxFifoThreshold)
    HAL_UARTEx_SetTxFifoThreshold            0x08009d45   Thumb Code   198  stm32g4xx_hal_uart_ex.o(i.HAL_UARTEx_SetTxFifoThreshold)
    HAL_UART_ErrorCallback                   0x08009e61   Thumb Code     2  stm32g4xx_hal_uart.o(i.HAL_UART_ErrorCallback)
    HAL_UART_Init                            0x08009e65   Thumb Code   238  stm32g4xx_hal_uart.o(i.HAL_UART_Init)
    HAL_UART_MspInit                         0x08009fa9   Thumb Code   134  usart.o(i.HAL_UART_MspInit)
    HAL_UART_RxCpltCallback                  0x0800a03d   Thumb Code     2  stm32g4xx_hal_uart.o(i.HAL_UART_RxCpltCallback)
    HAL_UART_Transmit                        0x0800a03f   Thumb Code   194  stm32g4xx_hal_uart.o(i.HAL_UART_Transmit)
    HRTIM1_Master_IRQHandler                 0x0800a101   Thumb Code    32  stm32g4xx_it.o(i.HRTIM1_Master_IRQHandler)
    HardFault_Handler                        0x0800aa3b   Thumb Code     4  stm32g4xx_it.o(i.HardFault_Handler)
    MX_ADC1_Init                             0x0800ab41   Thumb Code   162  adc.o(i.MX_ADC1_Init)
    MX_ADC2_Init                             0x0800abed   Thumb Code   152  adc.o(i.MX_ADC2_Init)
    MX_ADC3_Init                             0x0800ac91   Thumb Code   186  adc.o(i.MX_ADC3_Init)
    MX_ADC4_Init                             0x0800ad5d   Thumb Code   134  adc.o(i.MX_ADC4_Init)
    MX_DMA_Init                              0x0800adf1   Thumb Code    84  dma.o(i.MX_DMA_Init)
    MX_FDCAN3_Init                           0x0800ae49   Thumb Code    82  fdcan.o(i.MX_FDCAN3_Init)
    MX_FMAC_Init                             0x0800aea5   Thumb Code    22  fmac.o(i.MX_FMAC_Init)
    MX_GPIO_Init                             0x0800aec5   Thumb Code   316  gpio.o(i.MX_GPIO_Init)
    MX_HRTIM1_Init                           0x0800b011   Thumb Code   754  hrtim.o(i.MX_HRTIM1_Init)
    MX_OPAMP2_Init                           0x0800b30d   Thumb Code    44  opamp.o(i.MX_OPAMP2_Init)
    MX_TIM2_Init                             0x0800b341   Thumb Code   104  tim.o(i.MX_TIM2_Init)
    MX_TIM5_Init                             0x0800b3b1   Thumb Code   156  tim.o(i.MX_TIM5_Init)
    MX_USART1_UART_Init                      0x0800b455   Thumb Code    98  usart.o(i.MX_USART1_UART_Init)
    MemManage_Handler                        0x0800b4c1   Thumb Code     4  stm32g4xx_it.o(i.MemManage_Handler)
    NMI_Handler                              0x0800b4c5   Thumb Code     4  stm32g4xx_it.o(i.NMI_Handler)
    OPAMP_Start                              0x0800b4c9   Thumb Code    16  opamp.o(i.OPAMP_Start)
    PID_init                                 0x0800b4dd   Thumb Code    82  pid.o(i.PID_init)
    PendSV_Handler                           0x0800b535   Thumb Code     2  stm32g4xx_it.o(i.PendSV_Handler)
    Pid_Init                                 0x0800b539   Thumb Code   364  pid_init.o(i.Pid_Init)
    SVC_Handler                              0x0800b781   Thumb Code     2  stm32g4xx_it.o(i.SVC_Handler)
    ShortOff                                 0x0800b785   Thumb Code   162  function.o(i.ShortOff)
    StateM                                   0x0800b84d   Thumb Code    56  function.o(i.StateM)
    StateMErr                                0x0800b889   Thumb Code    30  function.o(i.StateMErr)
    StateMRise                               0x0800b8b9   Thumb Code   352  function.o(i.StateMRise)
    StateMRun                                0x0800ba55   Thumb Code     2  function.o(i.StateMRun)
    StateMWait                               0x0800ba59   Thumb Code    56  function.o(i.StateMWait)
    SwOCP                                    0x0800baa5   Thumb Code   194  function.o(i.SwOCP)
    SysTick_Handler                          0x0800bb89   Thumb Code     8  stm32g4xx_it.o(i.SysTick_Handler)
    SystemClock_Config                       0x0800bb91   Thumb Code   108  main.o(i.SystemClock_Config)
    SystemInit                               0x0800bbfd   Thumb Code    14  system_stm32g4xx.o(i.SystemInit)
    TIM2_IRQHandler                          0x0800bc11   Thumb Code    10  stm32g4xx_it.o(i.TIM2_IRQHandler)
    TIM_Base_SetConfig                       0x0800bc21   Thumb Code   204  stm32g4xx_hal_tim.o(i.TIM_Base_SetConfig)
    TIM_ETR_SetConfig                        0x0800bd11   Thumb Code    22  stm32g4xx_hal_tim.o(i.TIM_ETR_SetConfig)
    TIM_OC2_SetConfig                        0x0800be8d   Thumb Code   254  stm32g4xx_hal_tim.o(i.TIM_OC2_SetConfig)
    UART_AdvFeatureConfig                    0x0800c425   Thumb Code   554  stm32g4xx_hal_uart.o(i.UART_AdvFeatureConfig)
    UART_CheckIdleState                      0x0800c6a1   Thumb Code   234  stm32g4xx_hal_uart.o(i.UART_CheckIdleState)
    UART_SetConfig                           0x0800cdfd   Thumb Code  1374  stm32g4xx_hal_uart.o(i.UART_SetConfig)
    UART_Start_Receive_IT                    0x0800d365   Thumb Code   332  stm32g4xx_hal_uart.o(i.UART_Start_Receive_IT)
    UART_WaitOnFlagUntilTimeout              0x0800d4c1   Thumb Code   172  stm32g4xx_hal_uart.o(i.UART_WaitOnFlagUntilTimeout)
    Upper_Computer_Init                      0x0800d56d   Thumb Code    28  vofa_float.o(i.Upper_Computer_Init)
    Upper_Computer_Show_Wave                 0x0800d591   Thumb Code   148  vofa_float.o(i.Upper_Computer_Show_Wave)
    UsageFault_Handler                       0x0800d635   Thumb Code     4  stm32g4xx_it.o(i.UsageFault_Handler)
    VinSwOVP                                 0x0800d639   Thumb Code    84  function.o(i.VinSwOVP)
    VinSwUVP                                 0x0800d6a5   Thumb Code   184  function.o(i.VinSwUVP)
    VoutSwOVP                                0x0800d77d   Thumb Code    84  function.o(i.VoutSwOVP)
    assert_failed                            0x0800d821   Thumb Code     2  main.o(i.assert_failed)
    low_filter_init                          0x0800d825   Thumb Code   134  fliter.o(i.low_filter_init)
    main                                     0x0800d8b5   Thumb Code   114  main.o(i.main)
    vofa_begin                               0x0800d931   Thumb Code    14  vofa_float.o(i.vofa_begin)
    _fp_init                                 0x0800d949   Thumb Code    10  fpinit.o(x$fpl$fpinit)
    __fplib_config_fpu_vfp                   0x0800d951   Thumb Code     0  fpinit.o(x$fpl$fpinit)
    __fplib_config_pureend_doubles           0x0800d951   Thumb Code     0  fpinit.o(x$fpl$fpinit)
    UARTPrescTable                           0x0800d962   Data          24  stm32g4xx_hal_uart.o(.constdata)
    AHBPrescTable                            0x0800d98a   Data          16  system_stm32g4xx.o(.constdata)
    APBPrescTable                            0x0800d99a   Data           8  system_stm32g4xx.o(.constdata)
    Region$$Table$$Base                      0x0800d9a4   Number         0  anon$$obj.o(Region$$Table)
    Region$$Table$$Limit                     0x0800d9c4   Number         0  anon$$obj.o(Region$$Table)
    I_IN_Fmac                                0x20000008   Data           2  fmac.o(.data)
    uwTick                                   0x20000014   Data           4  stm32g4xx_hal.o(.data)
    uwTickPrio                               0x20000018   Data           4  stm32g4xx_hal.o(.data)
    uwTickFreq                               0x2000001c   Data           4  stm32g4xx_hal.o(.data)
    SystemCoreClock                          0x2000003c   Data           4  system_stm32g4xx.o(.data)
    rxData                                   0x20000040   Data           8  fdcan_init.o(.data)
    rxBuffer                                 0x20000048   Data           6  vofa_float.o(.data)
    Data_Number                              0x2000004e   Data           1  vofa_float.o(.data)
    vrefint_cal                              0x20000050   Data           2  adc_.o(.data)
    adc_Data_hadc1                           0x20000052   Data           2  adc_.o(.data)
    adc_Data_hadc2                           0x20000054   Data           2  adc_.o(.data)
    adc_Data_hadc3                           0x20000056   Data           4  adc_.o(.data)
    adc_Data_hadc4                           0x2000005a   Data           2  adc_.o(.data)
    adc_Data_hadc5                           0x2000005c   Data           2  adc_.o(.data)
    I_Chassis                                0x20000060   Data           4  adc_.o(.data)
    I_In                                     0x20000064   Data           4  adc_.o(.data)
    V_In                                     0x20000068   Data           4  adc_.o(.data)
    V_Cap                                    0x2000006c   Data           4  adc_.o(.data)
    V_WPT                                    0x20000070   Data           4  adc_.o(.data)
    I_WPT                                    0x20000074   Data           4  adc_.o(.data)
    I_Cap                                    0x20000078   Data           4  adc_.o(.data)
    vrefint                                  0x2000007c   Data           4  adc_.o(.data)
    V_IN_K                                   0x20000080   Data           4  adc_.o(.data)
    V_IN_D                                   0x20000084   Data           4  adc_.o(.data)
    V_Cap_K                                  0x20000088   Data           4  adc_.o(.data)
    V_Cap_D                                  0x2000008c   Data           4  adc_.o(.data)
    I_IN_K                                   0x20000090   Data           4  adc_.o(.data)
    I_IN_D                                   0x20000094   Data           4  adc_.o(.data)
    I_CHASSIS_K                              0x20000098   Data           4  adc_.o(.data)
    I_CHASSIS_D                              0x2000009c   Data           4  adc_.o(.data)
    I_CAP_K                                  0x200000a0   Data           4  adc_.o(.data)
    I_CAP_D                                  0x200000a4   Data           4  adc_.o(.data)
    Status_                                  0x200000a8   Data           1  function.o(.data)
    Status_mem                               0x200000a9   Data           1  function.o(.data)
    Mode_Change                              0x200000aa   Data           1  function.o(.data)
    PwmEnFlag                                0x200000ab   Data           1  function.o(.data)
    SMFlag                                   0x200000ac   Data           1  function.o(.data)
    Cap_Error                                0x200000ae   Data           2  function.o(.data)
    STState                                  0x200000b0   Data           1  function.o(.data)
    Flag_Boost_Error                         0x200000b1   Data           1  function.o(.data)
    outputDuty                               0x200000b4   Data           4  function.o(.data)
    imu_pid_power_buck                       0x200000d4   Data          68  pid_init.o(ccmram)
    imu_pid_power_boost                      0x20000118   Data          68  pid_init.o(ccmram)
    imu_pid_power_buck_boost_mix             0x2000015c   Data          68  pid_init.o(ccmram)
    imu_pid_vel_buck                         0x200001a0   Data          68  pid_init.o(ccmram)
    imu_pid_vel_boost                        0x200001e4   Data          68  pid_init.o(ccmram)
    imu_pid_vel_buck_boost_mix               0x20000228   Data          68  pid_init.o(ccmram)
    imu_pid_cur_buck                         0x2000026c   Data          68  pid_init.o(ccmram)
    imu_pid_cur_boost                        0x200002b0   Data          68  pid_init.o(ccmram)
    imu_pid_cur_buck_boost_mix               0x200002f4   Data          68  pid_init.o(ccmram)
    hadc1                                    0x20000338   Data         108  adc.o(.bss)
    hadc2                                    0x200003a4   Data         108  adc.o(.bss)
    hadc3                                    0x20000410   Data         108  adc.o(.bss)
    hadc4                                    0x2000047c   Data         108  adc.o(.bss)
    hdma_adc1                                0x200004e8   Data          96  adc.o(.bss)
    hdma_adc2                                0x20000548   Data          96  adc.o(.bss)
    hdma_adc3                                0x200005a8   Data          96  adc.o(.bss)
    hdma_adc4                                0x20000608   Data          96  adc.o(.bss)
    hfdcan3                                  0x20000668   Data         100  fdcan.o(.bss)
    hfmac                                    0x200006cc   Data          56  fmac.o(.bss)
    hdma_fmac_read                           0x20000704   Data          96  fmac.o(.bss)
    hhrtim1                                  0x20000764   Data         252  hrtim.o(.bss)
    hopamp2                                  0x20000860   Data          60  opamp.o(.bss)
    htim2                                    0x2000089c   Data          76  tim.o(.bss)
    htim5                                    0x200008e8   Data          76  tim.o(.bss)
    huart1                                   0x20000934   Data         148  usart.o(.bss)
    TxHeader                                 0x200009c8   Data          36  fdcan_init.o(.bss)
    rxHeader                                 0x200009ec   Data          40  fdcan_init.o(.bss)
    data_to_send                             0x20000a14   Data          28  vofa_float.o(.bss)
    UserData                                 0x20000a30   Data          24  vofa_float.o(.bss)
    I_Chassis_lowpass                        0x20000a48   Data          24  adc_.o(.bss)
    I_In_lowpass                             0x20000a60   Data          24  adc_.o(.bss)
    V_In_lowpass                             0x20000a78   Data          24  adc_.o(.bss)
    V_Cap_lowpass                            0x20000a90   Data          24  adc_.o(.bss)
    I_Cap_lowpass                            0x20000aa8   Data          24  adc_.o(.bss)
    CtrValue                                 0x20000ac0   Data          28  power_control_fox.o(.bss)
    __libspace_start                         0x20000adc   Data          96  libspace.o(.bss)
    __temporary_stack_top$libspace           0x20000b3c   Data           0  libspace.o(.bss)



==============================================================================

Memory Map of the image

  Image Entry point : 0x080001d9

  Load Region LR_IROM1 (Base: 0x08000000, Size: 0x0000dcfc, Max: 0x00080000, ABSOLUTE, COMPRESSED[0x0000da08])

    Execution Region ER_IROM1 (Exec base: 0x08000000, Load base: 0x08000000, Size: 0x0000d9c4, Max: 0x00080000, ABSOLUTE)

    Exec Addr    Load Addr    Size         Type   Attr      Idx    E Section Name        Object

    0x08000000   0x08000000   0x000001d8   Data   RO            3    RESET               startup_stm32g474xx.o
    0x080001d8   0x080001d8   0x00000008   Code   RO        13207  * !!!main             c_w.l(__main.o)
    0x080001e0   0x080001e0   0x00000034   Code   RO        13628    !!!scatter          c_w.l(__scatter.o)
    0x08000214   0x08000214   0x0000005a   Code   RO        13626    !!dczerorl2         c_w.l(__dczerorl2.o)
    0x0800026e   0x0800026e   0x00000002   PAD
    0x08000270   0x08000270   0x0000001c   Code   RO        13630    !!handler_zi        c_w.l(__scatter_zi.o)
    0x0800028c   0x0800028c   0x00000002   Code   RO        13499    .ARM.Collect$$libinit$$00000000  c_w.l(libinit.o)
    0x0800028e   0x0800028e   0x00000004   Code   RO        13508    .ARM.Collect$$libinit$$00000001  c_w.l(libinit2.o)
    0x08000292   0x08000292   0x00000000   Code   RO        13511    .ARM.Collect$$libinit$$00000004  c_w.l(libinit2.o)
    0x08000292   0x08000292   0x00000000   Code   RO        13514    .ARM.Collect$$libinit$$0000000A  c_w.l(libinit2.o)
    0x08000292   0x08000292   0x00000000   Code   RO        13516    .ARM.Collect$$libinit$$0000000C  c_w.l(libinit2.o)
    0x08000292   0x08000292   0x00000000   Code   RO        13518    .ARM.Collect$$libinit$$0000000E  c_w.l(libinit2.o)
    0x08000292   0x08000292   0x00000000   Code   RO        13521    .ARM.Collect$$libinit$$00000011  c_w.l(libinit2.o)
    0x08000292   0x08000292   0x00000000   Code   RO        13523    .ARM.Collect$$libinit$$00000013  c_w.l(libinit2.o)
    0x08000292   0x08000292   0x00000000   Code   RO        13525    .ARM.Collect$$libinit$$00000015  c_w.l(libinit2.o)
    0x08000292   0x08000292   0x00000000   Code   RO        13527    .ARM.Collect$$libinit$$00000017  c_w.l(libinit2.o)
    0x08000292   0x08000292   0x00000000   Code   RO        13529    .ARM.Collect$$libinit$$00000019  c_w.l(libinit2.o)
    0x08000292   0x08000292   0x00000000   Code   RO        13531    .ARM.Collect$$libinit$$0000001B  c_w.l(libinit2.o)
    0x08000292   0x08000292   0x00000000   Code   RO        13533    .ARM.Collect$$libinit$$0000001D  c_w.l(libinit2.o)
    0x08000292   0x08000292   0x00000000   Code   RO        13535    .ARM.Collect$$libinit$$0000001F  c_w.l(libinit2.o)
    0x08000292   0x08000292   0x00000000   Code   RO        13537    .ARM.Collect$$libinit$$00000021  c_w.l(libinit2.o)
    0x08000292   0x08000292   0x00000000   Code   RO        13539    .ARM.Collect$$libinit$$00000023  c_w.l(libinit2.o)
    0x08000292   0x08000292   0x00000000   Code   RO        13541    .ARM.Collect$$libinit$$00000025  c_w.l(libinit2.o)
    0x08000292   0x08000292   0x00000000   Code   RO        13545    .ARM.Collect$$libinit$$0000002C  c_w.l(libinit2.o)
    0x08000292   0x08000292   0x00000000   Code   RO        13547    .ARM.Collect$$libinit$$0000002E  c_w.l(libinit2.o)
    0x08000292   0x08000292   0x00000000   Code   RO        13549    .ARM.Collect$$libinit$$00000030  c_w.l(libinit2.o)
    0x08000292   0x08000292   0x00000000   Code   RO        13551    .ARM.Collect$$libinit$$00000032  c_w.l(libinit2.o)
    0x08000292   0x08000292   0x00000002   Code   RO        13552    .ARM.Collect$$libinit$$00000033  c_w.l(libinit2.o)
    0x08000294   0x08000294   0x00000002   Code   RO        13583    .ARM.Collect$$libshutdown$$00000000  c_w.l(libshutdown.o)
    0x08000296   0x08000296   0x00000000   Code   RO        13609    .ARM.Collect$$libshutdown$$00000002  c_w.l(libshutdown2.o)
    0x08000296   0x08000296   0x00000000   Code   RO        13611    .ARM.Collect$$libshutdown$$00000004  c_w.l(libshutdown2.o)
    0x08000296   0x08000296   0x00000000   Code   RO        13614    .ARM.Collect$$libshutdown$$00000007  c_w.l(libshutdown2.o)
    0x08000296   0x08000296   0x00000000   Code   RO        13617    .ARM.Collect$$libshutdown$$0000000A  c_w.l(libshutdown2.o)
    0x08000296   0x08000296   0x00000000   Code   RO        13619    .ARM.Collect$$libshutdown$$0000000C  c_w.l(libshutdown2.o)
    0x08000296   0x08000296   0x00000000   Code   RO        13622    .ARM.Collect$$libshutdown$$0000000F  c_w.l(libshutdown2.o)
    0x08000296   0x08000296   0x00000002   Code   RO        13623    .ARM.Collect$$libshutdown$$00000010  c_w.l(libshutdown2.o)
    0x08000298   0x08000298   0x00000000   Code   RO        13387    .ARM.Collect$$rtentry$$00000000  c_w.l(__rtentry.o)
    0x08000298   0x08000298   0x00000000   Code   RO        13462    .ARM.Collect$$rtentry$$00000002  c_w.l(__rtentry2.o)
    0x08000298   0x08000298   0x00000006   Code   RO        13474    .ARM.Collect$$rtentry$$00000004  c_w.l(__rtentry4.o)
    0x0800029e   0x0800029e   0x00000000   Code   RO        13464    .ARM.Collect$$rtentry$$00000009  c_w.l(__rtentry2.o)
    0x0800029e   0x0800029e   0x00000004   Code   RO        13465    .ARM.Collect$$rtentry$$0000000A  c_w.l(__rtentry2.o)
    0x080002a2   0x080002a2   0x00000000   Code   RO        13467    .ARM.Collect$$rtentry$$0000000C  c_w.l(__rtentry2.o)
    0x080002a2   0x080002a2   0x00000008   Code   RO        13468    .ARM.Collect$$rtentry$$0000000D  c_w.l(__rtentry2.o)
    0x080002aa   0x080002aa   0x00000002   Code   RO        13500    .ARM.Collect$$rtexit$$00000000  c_w.l(rtexit.o)
    0x080002ac   0x080002ac   0x00000000   Code   RO        13556    .ARM.Collect$$rtexit$$00000002  c_w.l(rtexit2.o)
    0x080002ac   0x080002ac   0x00000004   Code   RO        13557    .ARM.Collect$$rtexit$$00000003  c_w.l(rtexit2.o)
    0x080002b0   0x080002b0   0x00000006   Code   RO        13558    .ARM.Collect$$rtexit$$00000004  c_w.l(rtexit2.o)
    0x080002b6   0x080002b6   0x00000002   PAD
    0x080002b8   0x080002b8   0x00000040   Code   RO            4    .text               startup_stm32g474xx.o
    0x080002f8   0x080002f8   0x000000ee   Code   RO        13191    .text               c_w.l(lludivv7m.o)
    0x080003e6   0x080003e6   0x0000004e   Code   RO        13203    .text               c_w.l(rt_memclr_w.o)
    0x08000434   0x08000434   0x00000006   Code   RO        13205    .text               c_w.l(heapauxi.o)
    0x0800043a   0x0800043a   0x00000002   PAD
    0x0800043c   0x0800043c   0x00000008   Code   RO        13483    .text               c_w.l(libspace.o)
    0x08000444   0x08000444   0x0000004a   Code   RO        13486    .text               c_w.l(sys_stackheap_outer.o)
    0x0800048e   0x0800048e   0x00000012   Code   RO        13488    .text               c_w.l(exit.o)
    0x080004a0   0x080004a0   0x0000000c   Code   RO        13553    .text               c_w.l(sys_exit.o)
    0x080004ac   0x080004ac   0x00000002   Code   RO        13572    .text               c_w.l(use_no_semi.o)
    0x080004ae   0x080004ae   0x00000000   Code   RO        13574    .text               c_w.l(indicate_semi.o)
    0x080004ae   0x080004ae   0x00000034   Code   RO           13    ccmram              fliter.o
    0x080004e2   0x080004e2   0x00000002   PAD
    0x080004e4   0x080004e4   0x00000500   Code   RO         6517    ccmram              power_control_fox.o
    0x080009e4   0x080009e4   0x00000148   Code   RO         6683    ccmram              pid.o
    0x08000b2c   0x08000b2c   0x00000068   Code   RO         6418    i.ADC1_dispose      adc_.o
    0x08000b94   0x08000b94   0x00000068   Code   RO         6419    i.ADC2_dispose      adc_.o
    0x08000bfc   0x08000bfc   0x000000bc   Code   RO         6420    i.ADC3_dispose      adc_.o
    0x08000cb8   0x08000cb8   0x00000068   Code   RO         6421    i.ADC4_dispose      adc_.o
    0x08000d20   0x08000d20   0x00000092   Code   RO          867    i.ADC_DMAConvCplt   stm32g4xx_hal_adc.o
    0x08000db2   0x08000db2   0x0000001e   Code   RO          868    i.ADC_DMAError      stm32g4xx_hal_adc.o
    0x08000dd0   0x08000dd0   0x0000000e   Code   RO          869    i.ADC_DMAHalfConvCplt  stm32g4xx_hal_adc.o
    0x08000dde   0x08000dde   0x00000002   PAD
    0x08000de0   0x08000de0   0x00000094   Code   RO          870    i.ADC_Disable       stm32g4xx_hal_adc.o
    0x08000e74   0x08000e74   0x000000e0   Code   RO          871    i.ADC_Enable        stm32g4xx_hal_adc.o
    0x08000f54   0x08000f54   0x000000e8   Code   RO         6423    i.ADC_init          adc_.o
    0x0800103c   0x0800103c   0x00000144   Code   RO         6549    i.Buck_Boost_Status  function.o
    0x08001180   0x08001180   0x00000004   Code   RO          748    i.BusFault_Handler  stm32g4xx_it.o
    0x08001184   0x08001184   0x00000044   Code   RO         2315    i.DMA_CalcDMAMUXChannelBaseAndMask  stm32g4xx_hal_dma.o
    0x080011c8   0x080011c8   0x00000024   Code   RO         2316    i.DMA_CalcDMAMUXRequestGenBaseAndMask  stm32g4xx_hal_dma.o
    0x080011ec   0x080011ec   0x00000040   Code   RO         2317    i.DMA_SetConfig     stm32g4xx_hal_dma.o
    0x0800122c   0x0800122c   0x00000002   Code   RO          749    i.DebugMon_Handler  stm32g4xx_it.o
    0x0800122e   0x0800122e   0x00000006   Code   RO          252    i.Error_Handler     main.o
    0x08001234   0x08001234   0x00000010   Code   RO          750    i.FDCAN3_IT0_IRQHandler  stm32g4xx_it.o
    0x08001244   0x08001244   0x00000084   Code   RO         2974    i.FDCAN_CalcultateRamBlockAddresses  stm32g4xx_hal_fdcan.o
    0x080012c8   0x080012c8   0x00000044   Code   RO         6333    i.FDCAN_Config_Filter  fdcan_init.o
    0x0800130c   0x0800130c   0x00000084   Code   RO         3365    i.FMAC_ConfigFilterOutputBufferUpdateState  stm32g4xx_hal_fmac.o
    0x08001390   0x08001390   0x0000001c   Code   RO         3366    i.FMAC_DMAError     stm32g4xx_hal_fmac.o
    0x080013ac   0x080013ac   0x00000098   Code   RO         3367    i.FMAC_DMAFilterConfig  stm32g4xx_hal_fmac.o
    0x08001444   0x08001444   0x0000000e   Code   RO         3371    i.FMAC_DMAHalfOutputDataReady  stm32g4xx_hal_fmac.o
    0x08001452   0x08001452   0x00000014   Code   RO         3372    i.FMAC_DMAOutputDataReady  stm32g4xx_hal_fmac.o
    0x08001466   0x08001466   0x00000002   PAD
    0x08001468   0x08001468   0x00000494   Code   RO         3373    i.FMAC_FilterConfig  stm32g4xx_hal_fmac.o
    0x080018fc   0x080018fc   0x00000042   Code   RO         3376    i.FMAC_Reset        stm32g4xx_hal_fmac.o
    0x0800193e   0x0800193e   0x00000012   Code   RO         3377    i.FMAC_ResetDataPointers  stm32g4xx_hal_fmac.o
    0x08001950   0x08001950   0x00000010   Code   RO         3378    i.FMAC_ResetInputStateAndDataPointers  stm32g4xx_hal_fmac.o
    0x08001960   0x08001960   0x00000010   Code   RO         3379    i.FMAC_ResetOutputStateAndDataPointers  stm32g4xx_hal_fmac.o
    0x08001970   0x08001970   0x00000030   Code   RO         3380    i.FMAC_WaitOnStartUntilTimeout  stm32g4xx_hal_fmac.o
    0x080019a0   0x080019a0   0x00000020   Code   RO         3382    i.FMAC_WritePreloadDataIncrementPtr  stm32g4xx_hal_fmac.o
    0x080019c0   0x080019c0   0x00000144   Code   RO         1159    i.HAL_ADCEx_Calibration_Start  stm32g4xx_hal_adc_ex.o
    0x08001b04   0x08001b04   0x000002cc   Code   RO         1176    i.HAL_ADCEx_MultiModeConfigChannel  stm32g4xx_hal_adc_ex.o
    0x08001dd0   0x08001dd0   0x00000af8   Code   RO          873    i.HAL_ADC_ConfigChannel  stm32g4xx_hal_adc.o
    0x080028c8   0x080028c8   0x00000002   Code   RO          874    i.HAL_ADC_ConvCpltCallback  stm32g4xx_hal_adc.o
    0x080028ca   0x080028ca   0x00000002   Code   RO          875    i.HAL_ADC_ConvHalfCpltCallback  stm32g4xx_hal_adc.o
    0x080028cc   0x080028cc   0x00000002   Code   RO          877    i.HAL_ADC_ErrorCallback  stm32g4xx_hal_adc.o
    0x080028ce   0x080028ce   0x00000002   PAD
    0x080028d0   0x080028d0   0x00000784   Code   RO          882    i.HAL_ADC_Init      stm32g4xx_hal_adc.o
    0x08003054   0x08003054   0x000002f8   Code   RO          381    i.HAL_ADC_MspInit   adc.o
    0x0800334c   0x0800334c   0x000001c4   Code   RO          890    i.HAL_ADC_Start_DMA  stm32g4xx_hal_adc.o
    0x08003510   0x08003510   0x00000278   Code   RO         2324    i.HAL_DMA_Init      stm32g4xx_hal_dma.o
    0x08003788   0x08003788   0x00000110   Code   RO         2328    i.HAL_DMA_Start_IT  stm32g4xx_hal_dma.o
    0x08003898   0x08003898   0x00000028   Code   RO         1405    i.HAL_Delay         stm32g4xx_hal.o
    0x080038c0   0x080038c0   0x0000018c   Code   RO         2977    i.HAL_FDCAN_ActivateNotification  stm32g4xx_hal_fdcan.o
    0x08003a4c   0x08003a4c   0x000001b8   Code   RO         2980    i.HAL_FDCAN_ConfigFilter  stm32g4xx_hal_fdcan.o
    0x08003c04   0x08003c04   0x00000002   Code   RO         3001    i.HAL_FDCAN_ErrorCallback  stm32g4xx_hal_fdcan.o
    0x08003c06   0x08003c06   0x00000002   Code   RO         3002    i.HAL_FDCAN_ErrorStatusCallback  stm32g4xx_hal_fdcan.o
    0x08003c08   0x08003c08   0x000001b0   Code   RO         3011    i.HAL_FDCAN_GetRxMessage  stm32g4xx_hal_fdcan.o
    0x08003db8   0x08003db8   0x00000002   Code   RO         3017    i.HAL_FDCAN_HighPriorityMessageCallback  stm32g4xx_hal_fdcan.o
    0x08003dba   0x08003dba   0x000001a8   Code   RO         3018    i.HAL_FDCAN_IRQHandler  stm32g4xx_hal_fdcan.o
    0x08003f62   0x08003f62   0x00000002   PAD
    0x08003f64   0x08003f64   0x00000460   Code   RO         3019    i.HAL_FDCAN_Init    stm32g4xx_hal_fdcan.o
    0x080043c4   0x080043c4   0x000000a4   Code   RO          466    i.HAL_FDCAN_MspInit  fdcan.o
    0x08004468   0x08004468   0x0000003c   Code   RO         6334    i.HAL_FDCAN_RxFifo0Callback  fdcan_init.o
    0x080044a4   0x080044a4   0x00000002   Code   RO         3027    i.HAL_FDCAN_RxFifo1Callback  stm32g4xx_hal_fdcan.o
    0x080044a6   0x080044a6   0x0000002e   Code   RO         3028    i.HAL_FDCAN_Start   stm32g4xx_hal_fdcan.o
    0x080044d4   0x080044d4   0x00000002   Code   RO         3030    i.HAL_FDCAN_TimeoutOccurredCallback  stm32g4xx_hal_fdcan.o
    0x080044d6   0x080044d6   0x00000002   Code   RO         3031    i.HAL_FDCAN_TimestampWraparoundCallback  stm32g4xx_hal_fdcan.o
    0x080044d8   0x080044d8   0x00000002   Code   RO         3032    i.HAL_FDCAN_TxBufferAbortCallback  stm32g4xx_hal_fdcan.o
    0x080044da   0x080044da   0x00000002   Code   RO         3033    i.HAL_FDCAN_TxBufferCompleteCallback  stm32g4xx_hal_fdcan.o
    0x080044dc   0x080044dc   0x00000002   Code   RO         3034    i.HAL_FDCAN_TxEventFifoCallback  stm32g4xx_hal_fdcan.o
    0x080044de   0x080044de   0x00000002   Code   RO         3035    i.HAL_FDCAN_TxFifoEmptyCallback  stm32g4xx_hal_fdcan.o
    0x080044e0   0x080044e0   0x00000002   Code   RO         3386    i.HAL_FMAC_ErrorCallback  stm32g4xx_hal_fmac.o
    0x080044e2   0x080044e2   0x00000012   Code   RO         3387    i.HAL_FMAC_FilterConfig  stm32g4xx_hal_fmac.o
    0x080044f4   0x080044f4   0x00000002   Code   RO         3388    i.HAL_FMAC_FilterConfigCallback  stm32g4xx_hal_fmac.o
    0x080044f6   0x080044f6   0x00000002   PAD
    0x080044f8   0x080044f8   0x00000094   Code   RO          507    i.HAL_FMAC_FilterConfig_my  fmac.o
    0x0800458c   0x0800458c   0x0000008e   Code   RO         3393    i.HAL_FMAC_FilterStart  stm32g4xx_hal_fmac.o
    0x0800461a   0x0800461a   0x00000002   Code   RO         3399    i.HAL_FMAC_HalfOutputDataReadyCallback  stm32g4xx_hal_fmac.o
    0x0800461c   0x0800461c   0x000000b0   Code   RO         3401    i.HAL_FMAC_Init     stm32g4xx_hal_fmac.o
    0x080046cc   0x080046cc   0x00000078   Code   RO          509    i.HAL_FMAC_MspInit  fmac.o
    0x08004744   0x08004744   0x00000002   Code   RO         3404    i.HAL_FMAC_OutputDataReadyCallback  stm32g4xx_hal_fmac.o
    0x08004746   0x08004746   0x00000002   PAD
    0x08004748   0x08004748   0x0000034c   Code   RO         2180    i.HAL_GPIO_Init     stm32g4xx_hal_gpio.o
    0x08004a94   0x08004a94   0x00000078   Code   RO         2184    i.HAL_GPIO_WritePin  stm32g4xx_hal_gpio.o
    0x08004b0c   0x08004b0c   0x0000000c   Code   RO         1409    i.HAL_GetTick       stm32g4xx_hal.o
    0x08004b18   0x08004b18   0x000001c0   Code   RO         3616    i.HAL_HRTIM_ADCPostScalerConfig  stm32g4xx_hal_hrtim.o
    0x08004cd8   0x08004cd8   0x00000330   Code   RO         3617    i.HAL_HRTIM_ADCTriggerConfig  stm32g4xx_hal_hrtim.o
    0x08005008   0x08005008   0x00000002   Code   RO         3623    i.HAL_HRTIM_BurstModePeriodCallback  stm32g4xx_hal_hrtim.o
    0x0800500a   0x0800500a   0x00000002   Code   RO         3625    i.HAL_HRTIM_Capture1EventCallback  stm32g4xx_hal_hrtim.o
    0x0800500c   0x0800500c   0x00000002   Code   RO         3626    i.HAL_HRTIM_Capture2EventCallback  stm32g4xx_hal_hrtim.o
    0x0800500e   0x0800500e   0x00000002   Code   RO         3628    i.HAL_HRTIM_Compare1EventCallback  stm32g4xx_hal_hrtim.o
    0x08005010   0x08005010   0x00000002   Code   RO         3629    i.HAL_HRTIM_Compare2EventCallback  stm32g4xx_hal_hrtim.o
    0x08005012   0x08005012   0x00000002   Code   RO         3630    i.HAL_HRTIM_Compare3EventCallback  stm32g4xx_hal_hrtim.o
    0x08005014   0x08005014   0x00000002   Code   RO         3631    i.HAL_HRTIM_Compare4EventCallback  stm32g4xx_hal_hrtim.o
    0x08005016   0x08005016   0x00000002   Code   RO         3632    i.HAL_HRTIM_CounterResetCallback  stm32g4xx_hal_hrtim.o
    0x08005018   0x08005018   0x00000002   Code   RO         3633    i.HAL_HRTIM_DLLCalibrationReadyCallback  stm32g4xx_hal_hrtim.o
    0x0800501a   0x0800501a   0x00000002   PAD
    0x0800501c   0x0800501c   0x000000e0   Code   RO         3634    i.HAL_HRTIM_DLLCalibrationStart  stm32g4xx_hal_hrtim.o
    0x080050fc   0x080050fc   0x000001e8   Code   RO         3637    i.HAL_HRTIM_DeadTimeConfig  stm32g4xx_hal_hrtim.o
    0x080052e4   0x080052e4   0x00000002   Code   RO         3638    i.HAL_HRTIM_DelayedProtectionCallback  stm32g4xx_hal_hrtim.o
    0x080052e6   0x080052e6   0x00000002   Code   RO         3646    i.HAL_HRTIM_Fault1Callback  stm32g4xx_hal_hrtim.o
    0x080052e8   0x080052e8   0x00000002   Code   RO         3647    i.HAL_HRTIM_Fault2Callback  stm32g4xx_hal_hrtim.o
    0x080052ea   0x080052ea   0x00000002   Code   RO         3648    i.HAL_HRTIM_Fault3Callback  stm32g4xx_hal_hrtim.o
    0x080052ec   0x080052ec   0x00000002   Code   RO         3649    i.HAL_HRTIM_Fault4Callback  stm32g4xx_hal_hrtim.o
    0x080052ee   0x080052ee   0x00000002   Code   RO         3650    i.HAL_HRTIM_Fault5Callback  stm32g4xx_hal_hrtim.o
    0x080052f0   0x080052f0   0x00000002   Code   RO         3651    i.HAL_HRTIM_Fault6Callback  stm32g4xx_hal_hrtim.o
    0x080052f2   0x080052f2   0x00000028   Code   RO         3666    i.HAL_HRTIM_IRQHandler  stm32g4xx_hal_hrtim.o
    0x0800531a   0x0800531a   0x00000002   PAD
    0x0800531c   0x0800531c   0x000001dc   Code   RO         3667    i.HAL_HRTIM_Init    stm32g4xx_hal_hrtim.o
    0x080054f8   0x080054f8   0x00000044   Code   RO          557    i.HAL_HRTIM_MspInit  hrtim.o
    0x0800553c   0x0800553c   0x0000005c   Code   RO          558    i.HAL_HRTIM_MspPostInit  hrtim.o
    0x08005598   0x08005598   0x00000002   Code   RO         3670    i.HAL_HRTIM_Output1ResetCallback  stm32g4xx_hal_hrtim.o
    0x0800559a   0x0800559a   0x00000002   Code   RO         3671    i.HAL_HRTIM_Output1SetCallback  stm32g4xx_hal_hrtim.o
    0x0800559c   0x0800559c   0x00000002   Code   RO         3672    i.HAL_HRTIM_Output2ResetCallback  stm32g4xx_hal_hrtim.o
    0x0800559e   0x0800559e   0x00000002   Code   RO         3673    i.HAL_HRTIM_Output2SetCallback  stm32g4xx_hal_hrtim.o
    0x080055a0   0x080055a0   0x0000004a   Code   RO         3676    i.HAL_HRTIM_PollForDLLCalibration  stm32g4xx_hal_hrtim.o
    0x080055ea   0x080055ea   0x00000002   Code   RO         3677    i.HAL_HRTIM_RegistersUpdateCallback  stm32g4xx_hal_hrtim.o
    0x080055ec   0x080055ec   0x00000002   Code   RO         3678    i.HAL_HRTIM_RepetitionEventCallback  stm32g4xx_hal_hrtim.o
    0x080055ee   0x080055ee   0x00000002   Code   RO         3716    i.HAL_HRTIM_SynchronizationEventCallback  stm32g4xx_hal_hrtim.o
    0x080055f0   0x080055f0   0x00000002   Code   RO         3717    i.HAL_HRTIM_SystemFaultCallback  stm32g4xx_hal_hrtim.o
    0x080055f2   0x080055f2   0x00000002   PAD
    0x080055f4   0x080055f4   0x000000f4   Code   RO         3718    i.HAL_HRTIM_TimeBaseConfig  stm32g4xx_hal_hrtim.o
    0x080056e8   0x080056e8   0x000002fc   Code   RO         3724    i.HAL_HRTIM_WaveformCompareConfig  stm32g4xx_hal_hrtim.o
    0x080059e4   0x080059e4   0x00000090   Code   RO         3725    i.HAL_HRTIM_WaveformCountStart  stm32g4xx_hal_hrtim.o
    0x08005a74   0x08005a74   0x000000f0   Code   RO         3727    i.HAL_HRTIM_WaveformCountStart_IT  stm32g4xx_hal_hrtim.o
    0x08005b64   0x08005b64   0x0000017c   Code   RO         3733    i.HAL_HRTIM_WaveformOutputConfig  stm32g4xx_hal_hrtim.o
    0x08005ce0   0x08005ce0   0x00000094   Code   RO         3734    i.HAL_HRTIM_WaveformOutputStart  stm32g4xx_hal_hrtim.o
    0x08005d74   0x08005d74   0x00000094   Code   RO         3735    i.HAL_HRTIM_WaveformOutputStop  stm32g4xx_hal_hrtim.o
    0x08005e08   0x08005e08   0x00000400   Code   RO         3737    i.HAL_HRTIM_WaveformTimerConfig  stm32g4xx_hal_hrtim.o
    0x08006208   0x08006208   0x00000158   Code   RO         3738    i.HAL_HRTIM_WaveformTimerControl  stm32g4xx_hal_hrtim.o
    0x08006360   0x08006360   0x00000018   Code   RO         1415    i.HAL_IncTick       stm32g4xx_hal.o
    0x08006378   0x08006378   0x0000001e   Code   RO         1416    i.HAL_Init          stm32g4xx_hal.o
    0x08006396   0x08006396   0x00000002   PAD
    0x08006398   0x08006398   0x00000058   Code   RO         1417    i.HAL_InitTick      stm32g4xx_hal.o
    0x080063f0   0x080063f0   0x00000044   Code   RO          842    i.HAL_MspInit       stm32g4xx_hal_msp.o
    0x08006434   0x08006434   0x00000074   Code   RO         2829    i.HAL_NVIC_EnableIRQ  stm32g4xx_hal_cortex.o
    0x080064a8   0x080064a8   0x000000d4   Code   RO         2835    i.HAL_NVIC_SetPriority  stm32g4xx_hal_cortex.o
    0x0800657c   0x0800657c   0x00000088   Code   RO         2836    i.HAL_NVIC_SetPriorityGrouping  stm32g4xx_hal_cortex.o
    0x08006604   0x08006604   0x00000344   Code   RO         4486    i.HAL_OPAMP_Init    stm32g4xx_hal_opamp.o
    0x08006948   0x08006948   0x00000054   Code   RO          605    i.HAL_OPAMP_MspInit  opamp.o
    0x0800699c   0x0800699c   0x00000214   Code   RO         4491    i.HAL_OPAMP_SelfCalibrate  stm32g4xx_hal_opamp.o
    0x08006bb0   0x08006bb0   0x000000b8   Code   RO         4492    i.HAL_OPAMP_Start   stm32g4xx_hal_opamp.o
    0x08006c68   0x08006c68   0x00000170   Code   RO         2583    i.HAL_PWREx_ControlVoltageScaling  stm32g4xx_hal_pwr_ex.o
    0x08006dd8   0x08006dd8   0x00000014   Code   RO         2595    i.HAL_PWREx_DisableUCPDDeadBattery  stm32g4xx_hal_pwr_ex.o
    0x08006dec   0x08006dec   0x000007f8   Code   RO         1781    i.HAL_RCCEx_PeriphCLKConfig  stm32g4xx_hal_rcc_ex.o
    0x080075e4   0x080075e4   0x00000380   Code   RO         1651    i.HAL_RCC_ClockConfig  stm32g4xx_hal_rcc.o
    0x08007964   0x08007964   0x0000000c   Code   RO         1657    i.HAL_RCC_GetHCLKFreq  stm32g4xx_hal_rcc.o
    0x08007970   0x08007970   0x00000024   Code   RO         1659    i.HAL_RCC_GetPCLK1Freq  stm32g4xx_hal_rcc.o
    0x08007994   0x08007994   0x00000024   Code   RO         1660    i.HAL_RCC_GetPCLK2Freq  stm32g4xx_hal_rcc.o
    0x080079b8   0x080079b8   0x00000098   Code   RO         1661    i.HAL_RCC_GetSysClockFreq  stm32g4xx_hal_rcc.o
    0x08007a50   0x08007a50   0x00000758   Code   RO         1664    i.HAL_RCC_OscConfig  stm32g4xx_hal_rcc.o
    0x080081a8   0x080081a8   0x00000034   Code   RO         2840    i.HAL_SYSTICK_Config  stm32g4xx_hal_cortex.o
    0x080081dc   0x080081dc   0x00000002   Code   RO         5318    i.HAL_TIMEx_Break2Callback  stm32g4xx_hal_tim_ex.o
    0x080081de   0x080081de   0x00000002   Code   RO         5319    i.HAL_TIMEx_BreakCallback  stm32g4xx_hal_tim_ex.o
    0x080081e0   0x080081e0   0x00000002   Code   RO         5320    i.HAL_TIMEx_CommutCallback  stm32g4xx_hal_tim_ex.o
    0x080081e2   0x080081e2   0x00000002   Code   RO         5331    i.HAL_TIMEx_DirectionChangeCallback  stm32g4xx_hal_tim_ex.o
    0x080081e4   0x080081e4   0x00000002   Code   RO         5345    i.HAL_TIMEx_EncoderIndexCallback  stm32g4xx_hal_tim_ex.o
    0x080081e6   0x080081e6   0x00000002   Code   RO         5359    i.HAL_TIMEx_IndexErrorCallback  stm32g4xx_hal_tim_ex.o
    0x080081e8   0x080081e8   0x00000268   Code   RO         5360    i.HAL_TIMEx_MasterConfigSynchronization  stm32g4xx_hal_tim_ex.o
    0x08008450   0x08008450   0x00000002   Code   RO         5381    i.HAL_TIMEx_TransitionErrorCallback  stm32g4xx_hal_tim_ex.o
    0x08008452   0x08008452   0x00000002   PAD
    0x08008454   0x08008454   0x00000204   Code   RO         4593    i.HAL_TIM_Base_Init  stm32g4xx_hal_tim.o
    0x08008658   0x08008658   0x00000068   Code   RO          653    i.HAL_TIM_Base_MspInit  tim.o
    0x080086c0   0x080086c0   0x00000168   Code   RO         4598    i.HAL_TIM_Base_Start_IT  stm32g4xx_hal_tim.o
    0x08008828   0x08008828   0x000009e8   Code   RO         4602    i.HAL_TIM_ConfigClockSource  stm32g4xx_hal_tim.o
    0x08009210   0x08009210   0x00000002   Code   RO         4627    i.HAL_TIM_IC_CaptureCallback  stm32g4xx_hal_tim.o
    0x08009212   0x08009212   0x00000220   Code   RO         4641    i.HAL_TIM_IRQHandler  stm32g4xx_hal_tim.o
    0x08009432   0x08009432   0x00000002   PAD
    0x08009434   0x08009434   0x0000005c   Code   RO          654    i.HAL_TIM_MspPostInit  tim.o
    0x08009490   0x08009490   0x00000002   Code   RO         4644    i.HAL_TIM_OC_DelayElapsedCallback  stm32g4xx_hal_tim.o
    0x08009492   0x08009492   0x00000002   PAD
    0x08009494   0x08009494   0x000003dc   Code   RO         4665    i.HAL_TIM_PWM_ConfigChannel  stm32g4xx_hal_tim.o
    0x08009870   0x08009870   0x00000204   Code   RO         4668    i.HAL_TIM_PWM_Init  stm32g4xx_hal_tim.o
    0x08009a74   0x08009a74   0x00000002   Code   RO         4670    i.HAL_TIM_PWM_MspInit  stm32g4xx_hal_tim.o
    0x08009a76   0x08009a76   0x00000002   Code   RO         4671    i.HAL_TIM_PWM_PulseFinishedCallback  stm32g4xx_hal_tim.o
    0x08009a78   0x08009a78   0x00000068   Code   RO         6479    i.HAL_TIM_PeriodElapsedCallback  tim_init.o
    0x08009ae0   0x08009ae0   0x00000002   Code   RO         4684    i.HAL_TIM_TriggerCallback  stm32g4xx_hal_tim.o
    0x08009ae2   0x08009ae2   0x00000002   PAD
    0x08009ae4   0x08009ae4   0x000000e0   Code   RO         6172    i.HAL_UARTEx_DisableFifoMode  stm32g4xx_hal_uart_ex.o
    0x08009bc4   0x08009bc4   0x00000060   Code   RO         6179    i.HAL_UARTEx_ReceiveToIdle_IT  stm32g4xx_hal_uart_ex.o
    0x08009c24   0x08009c24   0x00000002   Code   RO         5756    i.HAL_UARTEx_RxEventCallback  stm32g4xx_hal_uart.o
    0x08009c26   0x08009c26   0x00000002   PAD
    0x08009c28   0x08009c28   0x0000011c   Code   RO         6181    i.HAL_UARTEx_SetRxFifoThreshold  stm32g4xx_hal_uart_ex.o
    0x08009d44   0x08009d44   0x0000011c   Code   RO         6182    i.HAL_UARTEx_SetTxFifoThreshold  stm32g4xx_hal_uart_ex.o
    0x08009e60   0x08009e60   0x00000002   Code   RO         5772    i.HAL_UART_ErrorCallback  stm32g4xx_hal_uart.o
    0x08009e62   0x08009e62   0x00000002   PAD
    0x08009e64   0x08009e64   0x00000144   Code   RO         5776    i.HAL_UART_Init     stm32g4xx_hal_uart.o
    0x08009fa8   0x08009fa8   0x00000094   Code   RO          707    i.HAL_UART_MspInit  usart.o
    0x0800a03c   0x0800a03c   0x00000002   Code   RO         5783    i.HAL_UART_RxCpltCallback  stm32g4xx_hal_uart.o
    0x0800a03e   0x0800a03e   0x000000c2   Code   RO         5785    i.HAL_UART_Transmit  stm32g4xx_hal_uart.o
    0x0800a100   0x0800a100   0x00000024   Code   RO          751    i.HRTIM1_Master_IRQHandler  stm32g4xx_it.o
    0x0800a124   0x0800a124   0x00000094   Code   RO         3745    i.HRTIM_ForceRegistersUpdate  stm32g4xx_hal_hrtim.o
    0x0800a1b8   0x0800a1b8   0x000000c8   Code   RO         3749    i.HRTIM_HRTIM_ISR   stm32g4xx_hal_hrtim.o
    0x0800a280   0x0800a280   0x00000028   Code   RO         3750    i.HRTIM_MasterBase_Config  stm32g4xx_hal_hrtim.o
    0x0800a2a8   0x0800a2a8   0x0000009e   Code   RO         3751    i.HRTIM_MasterWaveform_Config  stm32g4xx_hal_hrtim.o
    0x0800a346   0x0800a346   0x0000011a   Code   RO         3752    i.HRTIM_Master_ISR  stm32g4xx_hal_hrtim.o
    0x0800a460   0x0800a460   0x00000106   Code   RO         3753    i.HRTIM_OutputConfig  stm32g4xx_hal_hrtim.o
    0x0800a566   0x0800a566   0x000001ee   Code   RO         3755    i.HRTIM_Timer_ISR   stm32g4xx_hal_hrtim.o
    0x0800a754   0x0800a754   0x00000040   Code   RO         3756    i.HRTIM_TimingUnitBase_Config  stm32g4xx_hal_hrtim.o
    0x0800a794   0x0800a794   0x0000024c   Code   RO         3758    i.HRTIM_TimingUnitWaveform_Config  stm32g4xx_hal_hrtim.o
    0x0800a9e0   0x0800a9e0   0x0000005a   Code   RO         3759    i.HRTIM_TimingUnitWaveform_Control  stm32g4xx_hal_hrtim.o
    0x0800aa3a   0x0800aa3a   0x00000004   Code   RO          752    i.HardFault_Handler  stm32g4xx_it.o
    0x0800aa3e   0x0800aa3e   0x00000002   PAD
    0x0800aa40   0x0800aa40   0x00000010   Code   RO          896    i.LL_ADC_Enable     stm32g4xx_hal_adc.o
    0x0800aa50   0x0800aa50   0x0000000a   Code   RO          897    i.LL_ADC_GetCommonPathInternalCh  stm32g4xx_hal_adc.o
    0x0800aa5a   0x0800aa5a   0x0000000a   Code   RO          899    i.LL_ADC_GetMultimode  stm32g4xx_hal_adc.o
    0x0800aa64   0x0800aa64   0x00000012   Code   RO          900    i.LL_ADC_GetOffsetChannel  stm32g4xx_hal_adc.o
    0x0800aa76   0x0800aa76   0x0000000a   Code   RO          901    i.LL_ADC_GetResolution  stm32g4xx_hal_adc.o
    0x0800aa80   0x0800aa80   0x0000000a   Code   RO          902    i.LL_ADC_INJ_IsConversionOngoing  stm32g4xx_hal_adc.o
    0x0800aa8a   0x0800aa8a   0x0000000a   Code   RO          903    i.LL_ADC_IsDisableOngoing  stm32g4xx_hal_adc.o
    0x0800aa94   0x0800aa94   0x0000000a   Code   RO          904    i.LL_ADC_IsEnabled  stm32g4xx_hal_adc.o
    0x0800aa9e   0x0800aa9e   0x0000000a   Code   RO         1189    i.LL_ADC_IsEnabled  stm32g4xx_hal_adc_ex.o
    0x0800aaa8   0x0800aaa8   0x0000000a   Code   RO          905    i.LL_ADC_IsInternalRegulatorEnabled  stm32g4xx_hal_adc.o
    0x0800aab2   0x0800aab2   0x0000000a   Code   RO          906    i.LL_ADC_REG_IsConversionOngoing  stm32g4xx_hal_adc.o
    0x0800aabc   0x0800aabc   0x0000000a   Code   RO         1190    i.LL_ADC_REG_IsConversionOngoing  stm32g4xx_hal_adc_ex.o
    0x0800aac6   0x0800aac6   0x00000012   Code   RO          907    i.LL_ADC_REG_IsTriggerSourceSWStart  stm32g4xx_hal_adc.o
    0x0800aad8   0x0800aad8   0x00000010   Code   RO          908    i.LL_ADC_REG_StartConversion  stm32g4xx_hal_adc.o
    0x0800aae8   0x0800aae8   0x00000028   Code   RO          910    i.LL_ADC_SetChannelSamplingTime  stm32g4xx_hal_adc.o
    0x0800ab10   0x0800ab10   0x0000000c   Code   RO          911    i.LL_ADC_SetCommonPathInternalCh  stm32g4xx_hal_adc.o
    0x0800ab1c   0x0800ab1c   0x00000016   Code   RO          912    i.LL_ADC_SetOffsetState  stm32g4xx_hal_adc.o
    0x0800ab32   0x0800ab32   0x0000000c   Code   RO          913    i.LL_ADC_SetSamplingTimeCommonConfig  stm32g4xx_hal_adc.o
    0x0800ab3e   0x0800ab3e   0x00000002   PAD
    0x0800ab40   0x0800ab40   0x000000ac   Code   RO          382    i.MX_ADC1_Init      adc.o
    0x0800abec   0x0800abec   0x000000a4   Code   RO          383    i.MX_ADC2_Init      adc.o
    0x0800ac90   0x0800ac90   0x000000cc   Code   RO          384    i.MX_ADC3_Init      adc.o
    0x0800ad5c   0x0800ad5c   0x00000094   Code   RO          385    i.MX_ADC4_Init      adc.o
    0x0800adf0   0x0800adf0   0x00000058   Code   RO          441    i.MX_DMA_Init       dma.o
    0x0800ae48   0x0800ae48   0x0000005c   Code   RO          467    i.MX_FDCAN3_Init    fdcan.o
    0x0800aea4   0x0800aea4   0x00000020   Code   RO          510    i.MX_FMAC_Init      fmac.o
    0x0800aec4   0x0800aec4   0x0000014c   Code   RO          356    i.MX_GPIO_Init      gpio.o
    0x0800b010   0x0800b010   0x000002fc   Code   RO          559    i.MX_HRTIM1_Init    hrtim.o
    0x0800b30c   0x0800b30c   0x00000034   Code   RO          606    i.MX_OPAMP2_Init    opamp.o
    0x0800b340   0x0800b340   0x00000070   Code   RO          655    i.MX_TIM2_Init      tim.o
    0x0800b3b0   0x0800b3b0   0x000000a4   Code   RO          656    i.MX_TIM5_Init      tim.o
    0x0800b454   0x0800b454   0x0000006c   Code   RO          708    i.MX_USART1_UART_Init  usart.o
    0x0800b4c0   0x0800b4c0   0x00000004   Code   RO          753    i.MemManage_Handler  stm32g4xx_it.o
    0x0800b4c4   0x0800b4c4   0x00000004   Code   RO          754    i.NMI_Handler       stm32g4xx_it.o
    0x0800b4c8   0x0800b4c8   0x00000014   Code   RO          607    i.OPAMP_Start       opamp.o
    0x0800b4dc   0x0800b4dc   0x00000058   Code   RO         6684    i.PID_init          pid.o
    0x0800b534   0x0800b534   0x00000002   Code   RO          755    i.PendSV_Handler    stm32g4xx_it.o
    0x0800b536   0x0800b536   0x00000002   PAD
    0x0800b538   0x0800b538   0x000001e0   Code   RO         6645    i.Pid_Init          pid_init.o
    0x0800b718   0x0800b718   0x00000068   Code   RO         1665    i.RCC_GetSysClockFreqFromPLLSource  stm32g4xx_hal_rcc.o
    0x0800b780   0x0800b780   0x00000002   Code   RO          756    i.SVC_Handler       stm32g4xx_it.o
    0x0800b782   0x0800b782   0x00000002   PAD
    0x0800b784   0x0800b784   0x000000c8   Code   RO         6550    i.ShortOff          function.o
    0x0800b84c   0x0800b84c   0x0000003c   Code   RO         6551    i.StateM            function.o
    0x0800b888   0x0800b888   0x00000030   Code   RO         6552    i.StateMErr         function.o
    0x0800b8b8   0x0800b8b8   0x0000019c   Code   RO         6553    i.StateMRise        function.o
    0x0800ba54   0x0800ba54   0x00000002   Code   RO         6554    i.StateMRun         function.o
    0x0800ba56   0x0800ba56   0x00000002   PAD
    0x0800ba58   0x0800ba58   0x0000004c   Code   RO         6555    i.StateMWait        function.o
    0x0800baa4   0x0800baa4   0x000000e4   Code   RO         6556    i.SwOCP             function.o
    0x0800bb88   0x0800bb88   0x00000008   Code   RO          757    i.SysTick_Handler   stm32g4xx_it.o
    0x0800bb90   0x0800bb90   0x0000006c   Code   RO          253    i.SystemClock_Config  main.o
    0x0800bbfc   0x0800bbfc   0x00000014   Code   RO         6296    i.SystemInit        system_stm32g4xx.o
    0x0800bc10   0x0800bc10   0x00000010   Code   RO          758    i.TIM2_IRQHandler   stm32g4xx_it.o
    0x0800bc20   0x0800bc20   0x000000f0   Code   RO         4686    i.TIM_Base_SetConfig  stm32g4xx_hal_tim.o
    0x0800bd10   0x0800bd10   0x00000016   Code   RO         4697    i.TIM_ETR_SetConfig  stm32g4xx_hal_tim.o
    0x0800bd26   0x0800bd26   0x00000002   PAD
    0x0800bd28   0x0800bd28   0x00000018   Code   RO         4698    i.TIM_ITRx_SetConfig  stm32g4xx_hal_tim.o
    0x0800bd40   0x0800bd40   0x0000014c   Code   RO         4699    i.TIM_OC1_SetConfig  stm32g4xx_hal_tim.o
    0x0800be8c   0x0800be8c   0x00000154   Code   RO         4700    i.TIM_OC2_SetConfig  stm32g4xx_hal_tim.o
    0x0800bfe0   0x0800bfe0   0x00000154   Code   RO         4701    i.TIM_OC3_SetConfig  stm32g4xx_hal_tim.o
    0x0800c134   0x0800c134   0x00000154   Code   RO         4702    i.TIM_OC4_SetConfig  stm32g4xx_hal_tim.o
    0x0800c288   0x0800c288   0x00000078   Code   RO         4703    i.TIM_OC5_SetConfig  stm32g4xx_hal_tim.o
    0x0800c300   0x0800c300   0x0000007c   Code   RO         4704    i.TIM_OC6_SetConfig  stm32g4xx_hal_tim.o
    0x0800c37c   0x0800c37c   0x00000026   Code   RO         4706    i.TIM_TI1_ConfigInputStage  stm32g4xx_hal_tim.o
    0x0800c3a2   0x0800c3a2   0x00000028   Code   RO         4708    i.TIM_TI2_ConfigInputStage  stm32g4xx_hal_tim.o
    0x0800c3ca   0x0800c3ca   0x00000002   PAD
    0x0800c3cc   0x0800c3cc   0x00000058   Code   RO         6186    i.UARTEx_SetNbDataToProcess  stm32g4xx_hal_uart_ex.o
    0x0800c424   0x0800c424   0x0000027c   Code   RO         5790    i.UART_AdvFeatureConfig  stm32g4xx_hal_uart.o
    0x0800c6a0   0x0800c6a0   0x000000ea   Code   RO         5791    i.UART_CheckIdleState  stm32g4xx_hal_uart.o
    0x0800c78a   0x0800c78a   0x00000002   PAD
    0x0800c78c   0x0800c78c   0x0000006c   Code   RO         5802    i.UART_EndRxTransfer  stm32g4xx_hal_uart.o
    0x0800c7f8   0x0800c7f8   0x00000104   Code   RO         5805    i.UART_RxISR_16BIT  stm32g4xx_hal_uart.o
    0x0800c8fc   0x0800c8fc   0x00000200   Code   RO         5806    i.UART_RxISR_16BIT_FIFOEN  stm32g4xx_hal_uart.o
    0x0800cafc   0x0800cafc   0x00000104   Code   RO         5807    i.UART_RxISR_8BIT   stm32g4xx_hal_uart.o
    0x0800cc00   0x0800cc00   0x000001fc   Code   RO         5808    i.UART_RxISR_8BIT_FIFOEN  stm32g4xx_hal_uart.o
    0x0800cdfc   0x0800cdfc   0x00000568   Code   RO         5809    i.UART_SetConfig    stm32g4xx_hal_uart.o
    0x0800d364   0x0800d364   0x0000015c   Code   RO         5811    i.UART_Start_Receive_IT  stm32g4xx_hal_uart.o
    0x0800d4c0   0x0800d4c0   0x000000ac   Code   RO         5816    i.UART_WaitOnFlagUntilTimeout  stm32g4xx_hal_uart.o
    0x0800d56c   0x0800d56c   0x00000024   Code   RO         6375    i.Upper_Computer_Init  vofa_float.o
    0x0800d590   0x0800d590   0x000000a4   Code   RO         6376    i.Upper_Computer_Show_Wave  vofa_float.o
    0x0800d634   0x0800d634   0x00000004   Code   RO          759    i.UsageFault_Handler  stm32g4xx_it.o
    0x0800d638   0x0800d638   0x0000006c   Code   RO         6557    i.VinSwOVP          function.o
    0x0800d6a4   0x0800d6a4   0x000000d8   Code   RO         6558    i.VinSwUVP          function.o
    0x0800d77c   0x0800d77c   0x0000006c   Code   RO         6559    i.VoutSwOVP         function.o
    0x0800d7e8   0x0800d7e8   0x00000010   Code   RO         2842    i.__NVIC_GetPriorityGrouping  stm32g4xx_hal_cortex.o
    0x0800d7f8   0x0800d7f8   0x00000028   Code   RO         2843    i.__NVIC_SetPriority  stm32g4xx_hal_cortex.o
    0x0800d820   0x0800d820   0x00000002   Code   RO          254    i.assert_failed     main.o
    0x0800d822   0x0800d822   0x00000002   PAD
    0x0800d824   0x0800d824   0x00000090   Code   RO           14    i.low_filter_init   fliter.o
    0x0800d8b4   0x0800d8b4   0x0000007c   Code   RO          255    i.main              main.o
    0x0800d930   0x0800d930   0x00000018   Code   RO         6377    i.vofa_begin        vofa_float.o
    0x0800d948   0x0800d948   0x0000000a   Code   RO        13568    x$fpl$fpinit        fz_wm.l(fpinit.o)
    0x0800d952   0x0800d952   0x00000010   Data   RO         3036    .constdata          stm32g4xx_hal_fdcan.o
    0x0800d962   0x0800d962   0x00000018   Data   RO         5817    .constdata          stm32g4xx_hal_uart.o
    0x0800d97a   0x0800d97a   0x00000010   Data   RO         6188    .constdata          stm32g4xx_hal_uart_ex.o
    0x0800d98a   0x0800d98a   0x00000018   Data   RO         6297    .constdata          system_stm32g4xx.o
    0x0800d9a2   0x0800d9a2   0x00000002   PAD
    0x0800d9a4   0x0800d9a4   0x00000020   Data   RO        13624    Region$$Table       anon$$obj.o


    Execution Region RW_IRAM1 (Exec base: 0x20000000, Load base: 0x0800d9c4, Size: 0x00002540, Max: 0x00020000, ABSOLUTE, COMPRESSED[0x00000044])

    Exec Addr    Load Addr    Size         Type   Attr      Idx    E Section Name        Object

    0x20000000   COMPRESSED   0x00000008   Data   RW          387    .data               adc.o
    0x20000008   COMPRESSED   0x0000000c   Data   RW          512    .data               fmac.o
    0x20000014   COMPRESSED   0x0000000c   Data   RW         1436    .data               stm32g4xx_hal.o
    0x20000020   COMPRESSED   0x0000001c   Data   RW         3760    .data               stm32g4xx_hal_hrtim.o
    0x2000003c   COMPRESSED   0x00000004   Data   RW         6298    .data               system_stm32g4xx.o
    0x20000040   COMPRESSED   0x00000008   Data   RW         6336    .data               fdcan_init.o
    0x20000048   COMPRESSED   0x00000007   Data   RW         6379    .data               vofa_float.o
    0x2000004f   COMPRESSED   0x00000001   PAD
    0x20000050   COMPRESSED   0x00000058   Data   RW         6425    .data               adc_.o
    0x200000a8   COMPRESSED   0x0000002c   Data   RW         6561    .data               function.o
    0x200000d4   COMPRESSED   0x00000264   Data   RW         6647    ccmram              pid_init.o
    0x20000338        -       0x00000330   Zero   RW          386    .bss                adc.o
    0x20000668        -       0x00000064   Zero   RW          468    .bss                fdcan.o
    0x200006cc        -       0x00000098   Zero   RW          511    .bss                fmac.o
    0x20000764        -       0x000000fc   Zero   RW          560    .bss                hrtim.o
    0x20000860        -       0x0000003c   Zero   RW          608    .bss                opamp.o
    0x2000089c        -       0x00000098   Zero   RW          657    .bss                tim.o
    0x20000934        -       0x00000094   Zero   RW          709    .bss                usart.o
    0x200009c8        -       0x0000004c   Zero   RW         6335    .bss                fdcan_init.o
    0x20000a14        -       0x00000034   Zero   RW         6378    .bss                vofa_float.o
    0x20000a48        -       0x00000078   Zero   RW         6424    .bss                adc_.o
    0x20000ac0        -       0x0000001c   Zero   RW         6518    .bss                power_control_fox.o
    0x20000adc        -       0x00000060   Zero   RW        13484    .bss                c_w.l(libspace.o)
    0x20000b3c   COMPRESSED   0x00000004   PAD
    0x20000b40        -       0x00001200   Zero   RW            2    HEAP                startup_stm32g474xx.o
    0x20001d40        -       0x00000800   Zero   RW            1    STACK               startup_stm32g474xx.o


==============================================================================

Image component sizes


      Code (inc. data)   RO Data    RW Data    ZI Data      Debug   Object Name

      1448        104          0          8        816       4928   adc.o
       732        208          0         88        120       4172   adc_.o
        88          4          0          0          0        894   dma.o
       256         24          0          0        100       1919   fdcan.o
       128         18          0          8         76       2237   fdcan_init.o
       196         10          0          0          0    1074393   fliter.o
       300         44          0         12        152       2586   fmac.o
      1782        288          0         44          0       8304   function.o
       332         16          0          0          0       1155   gpio.o
       924         28          0          0        252       3179   hrtim.o
       240         10          0          0          0       2816   main.o
       156         20          0          0         60       2289   opamp.o
       416         12          0          0          0       2812   pid.o
       480        116          0        612          0       4673   pid_init.o
      1280        102          0          0         28       2698   power_control_fox.o
        64         26        472          0       6656        880   startup_stm32g474xx.o
       194         32          0         12          0       4573   stm32g4xx_hal.o
      5986        538          0          0          0      88467   stm32g4xx_hal_adc.o
      1060        172          0          0          0      70625   stm32g4xx_hal_adc_ex.o
       572        206          0          0          0      34703   stm32g4xx_hal_cortex.o
      1072        136          0          0          0       4478   stm32g4xx_hal_dma.o
      3010        276         16          0          0      17030   stm32g4xx_hal_fdcan.o
      2058        154          0          0          0      15754   stm32g4xx_hal_fmac.o
       964        160          0          0          0       2436   stm32g4xx_hal_gpio.o
      8376        912          0         28          0      41511   stm32g4xx_hal_hrtim.o
        68          6          0          0          0        926   stm32g4xx_hal_msp.o
      1552        206          0          0          0       3901   stm32g4xx_hal_opamp.o
       388         80          0          0          0       1557   stm32g4xx_hal_pwr_ex.o
      3116        218          0          0          0       7952   stm32g4xx_hal_rcc.o
      2040         76          0          0          0       2456   stm32g4xx_hal_rcc_ex.o
      7430       1024          0          0          0      19592   stm32g4xx_hal_tim.o
       630        102          0          0          0       6052   stm32g4xx_hal_tim_ex.o
      4946        364         24          0          0      34922   stm32g4xx_hal_uart.o
       976        266         16          0          0       4943   stm32g4xx_hal_uart_ex.o
       102         16          0          0          0       6175   stm32g4xx_it.o
        20          6         24          4          0       1235   system_stm32g4xx.o
       472         34          0          0        152       3329   tim.o
       104         20          0          0          0        956   tim_init.o
       256         24          0          0        148       1918   usart.o
       224         34          0          7         52       2727   vofa_float.o

    ----------------------------------------------------------------------
     54490       6092        586        824       8612    1498153   Object Totals
         0          0         32          0          0          0   (incl. Generated)
        52          0          2          1          0          0   (incl. Padding)

    ----------------------------------------------------------------------

      Code (inc. data)   RO Data    RW Data    ZI Data      Debug   Library Member Name

        90          0          0          0          0          0   __dczerorl2.o
         8          0          0          0          0         68   __main.o
         0          0          0          0          0          0   __rtentry.o
        12          0          0          0          0          0   __rtentry2.o
         6          0          0          0          0          0   __rtentry4.o
        52          8          0          0          0          0   __scatter.o
        28          0          0          0          0          0   __scatter_zi.o
        18          0          0          0          0         80   exit.o
         6          0          0          0          0        152   heapauxi.o
         0          0          0          0          0          0   indicate_semi.o
         2          0          0          0          0          0   libinit.o
         6          0          0          0          0          0   libinit2.o
         2          0          0          0          0          0   libshutdown.o
         2          0          0          0          0          0   libshutdown2.o
         8          4          0          0         96         68   libspace.o
       238          0          0          0          0        100   lludivv7m.o
        78          0          0          0          0         80   rt_memclr_w.o
         2          0          0          0          0          0   rtexit.o
        10          0          0          0          0          0   rtexit2.o
        12          4          0          0          0         68   sys_exit.o
        74          0          0          0          0         80   sys_stackheap_outer.o
         2          0          0          0          0         68   use_no_semi.o
        10          0          0          0          0        116   fpinit.o

    ----------------------------------------------------------------------
       672         16          0          0        100        880   Library Totals
         6          0          0          0          4          0   (incl. Padding)

    ----------------------------------------------------------------------

      Code (inc. data)   RO Data    RW Data    ZI Data      Debug   Library Name

       656         16          0          0         96        764   c_w.l
        10          0          0          0          0        116   fz_wm.l

    ----------------------------------------------------------------------
       672         16          0          0        100        880   Library Totals

    ----------------------------------------------------------------------

==============================================================================


      Code (inc. data)   RO Data    RW Data    ZI Data      Debug   

     55162       6108        586        824       8712    1473073   Grand Totals
     55162       6108        586         68       8712    1473073   ELF Image Totals (compressed)
     55162       6108        586         68          0          0   ROM Totals

==============================================================================

    Total RO  Size (Code + RO Data)                55748 (  54.44kB)
    Total RW  Size (RW Data + ZI Data)              9536 (   9.31kB)
    Total ROM Size (Code + RO Data + RW Data)      55816 (  54.51kB)

==============================================================================

