<!doctype html public "-//w3c//dtd html 4.0 transitional//en">
<html><head>
<title>Static Call Graph - [POWER_STM32G474\POWER_STM32G474.axf]</title></head>
<body><HR>
<H1>Static Call Graph for image POWER_STM32G474\POWER_STM32G474.axf</H1><HR>
<BR><P>#&#060CALLGRAPH&#062# ARM Linker, 5060528: Last Updated: Mon Apr 21 20:10:39 2025
<BR><P>
<H3>Maximum Stack Usage =        320 bytes + Unknown(Functions without stacksize, Cycles, Untraceable Function Pointers)</H3><H3>
Call chain for Maximum Stack Depth:</H3>
__rt_entry_main &rArr; main &rArr; MX_HRTIM1_Init &rArr; HAL_HRTIM_Init &rArr; HAL_HRTIM_MspInit &rArr; HAL_NVIC_SetPriority &rArr; __NVIC_SetPriority
<P>
<H3>
Functions with no stack information
</H3><UL>
 <LI><a href="#[92]">__user_initial_stackheap</a>
</UL>
</UL>
<P>
<H3>
Mutually Recursive functions
</H3> <LI><a href="#[20]">ADC1_2_IRQHandler</a>&nbsp;&nbsp;&nbsp;&rArr;&nbsp;&nbsp;&nbsp;<a href="#[20]">ADC1_2_IRQHandler</a><BR>
</UL>
<P>
<H3>
Function Pointers
</H3><UL>
 <LI><a href="#[20]">ADC1_2_IRQHandler</a> from startup_stm32g474xx.o(.text) referenced from startup_stm32g474xx.o(RESET)
 <LI><a href="#[3d]">ADC3_IRQHandler</a> from startup_stm32g474xx.o(.text) referenced from startup_stm32g474xx.o(RESET)
 <LI><a href="#[4b]">ADC4_IRQHandler</a> from startup_stm32g474xx.o(.text) referenced from startup_stm32g474xx.o(RESET)
 <LI><a href="#[4c]">ADC5_IRQHandler</a> from startup_stm32g474xx.o(.text) referenced from startup_stm32g474xx.o(RESET)
 <LI><a href="#[79]">ADC_DMAConvCplt</a> from stm32g4xx_hal_adc.o(i.ADC_DMAConvCplt) referenced from stm32g4xx_hal_adc.o(i.HAL_ADC_Start_DMA)
 <LI><a href="#[7b]">ADC_DMAError</a> from stm32g4xx_hal_adc.o(i.ADC_DMAError) referenced from stm32g4xx_hal_adc.o(i.HAL_ADC_Start_DMA)
 <LI><a href="#[7a]">ADC_DMAHalfConvCplt</a> from stm32g4xx_hal_adc.o(i.ADC_DMAHalfConvCplt) referenced from stm32g4xx_hal_adc.o(i.HAL_ADC_Start_DMA)
 <LI><a href="#[8]">BusFault_Handler</a> from stm32g4xx_it.o(i.BusFault_Handler) referenced from startup_stm32g474xx.o(RESET)
 <LI><a href="#[4e]">COMP1_2_3_IRQHandler</a> from startup_stm32g474xx.o(.text) referenced from startup_stm32g474xx.o(RESET)
 <LI><a href="#[4f]">COMP4_5_6_IRQHandler</a> from startup_stm32g474xx.o(.text) referenced from startup_stm32g474xx.o(RESET)
 <LI><a href="#[50]">COMP7_IRQHandler</a> from startup_stm32g474xx.o(.text) referenced from startup_stm32g474xx.o(RESET)
 <LI><a href="#[71]">CORDIC_IRQHandler</a> from startup_stm32g474xx.o(.text) referenced from startup_stm32g474xx.o(RESET)
 <LI><a href="#[59]">CRS_IRQHandler</a> from startup_stm32g474xx.o(.text) referenced from startup_stm32g474xx.o(RESET)
 <LI><a href="#[19]">DMA1_Channel1_IRQHandler</a> from startup_stm32g474xx.o(.text) referenced from startup_stm32g474xx.o(RESET)
 <LI><a href="#[1a]">DMA1_Channel2_IRQHandler</a> from startup_stm32g474xx.o(.text) referenced from startup_stm32g474xx.o(RESET)
 <LI><a href="#[1b]">DMA1_Channel3_IRQHandler</a> from startup_stm32g474xx.o(.text) referenced from startup_stm32g474xx.o(RESET)
 <LI><a href="#[1c]">DMA1_Channel4_IRQHandler</a> from startup_stm32g474xx.o(.text) referenced from startup_stm32g474xx.o(RESET)
 <LI><a href="#[1d]">DMA1_Channel5_IRQHandler</a> from startup_stm32g474xx.o(.text) referenced from startup_stm32g474xx.o(RESET)
 <LI><a href="#[1e]">DMA1_Channel6_IRQHandler</a> from startup_stm32g474xx.o(.text) referenced from startup_stm32g474xx.o(RESET)
 <LI><a href="#[1f]">DMA1_Channel7_IRQHandler</a> from startup_stm32g474xx.o(.text) referenced from startup_stm32g474xx.o(RESET)
 <LI><a href="#[6d]">DMA1_Channel8_IRQHandler</a> from startup_stm32g474xx.o(.text) referenced from startup_stm32g474xx.o(RESET)
 <LI><a href="#[46]">DMA2_Channel1_IRQHandler</a> from startup_stm32g474xx.o(.text) referenced from startup_stm32g474xx.o(RESET)
 <LI><a href="#[47]">DMA2_Channel2_IRQHandler</a> from startup_stm32g474xx.o(.text) referenced from startup_stm32g474xx.o(RESET)
 <LI><a href="#[48]">DMA2_Channel3_IRQHandler</a> from startup_stm32g474xx.o(.text) referenced from startup_stm32g474xx.o(RESET)
 <LI><a href="#[49]">DMA2_Channel4_IRQHandler</a> from startup_stm32g474xx.o(.text) referenced from startup_stm32g474xx.o(RESET)
 <LI><a href="#[4a]">DMA2_Channel5_IRQHandler</a> from startup_stm32g474xx.o(.text) referenced from startup_stm32g474xx.o(RESET)
 <LI><a href="#[6e]">DMA2_Channel6_IRQHandler</a> from startup_stm32g474xx.o(.text) referenced from startup_stm32g474xx.o(RESET)
 <LI><a href="#[6f]">DMA2_Channel7_IRQHandler</a> from startup_stm32g474xx.o(.text) referenced from startup_stm32g474xx.o(RESET)
 <LI><a href="#[70]">DMA2_Channel8_IRQHandler</a> from startup_stm32g474xx.o(.text) referenced from startup_stm32g474xx.o(RESET)
 <LI><a href="#[6b]">DMAMUX_OVR_IRQHandler</a> from startup_stm32g474xx.o(.text) referenced from startup_stm32g474xx.o(RESET)
 <LI><a href="#[b]">DebugMon_Handler</a> from stm32g4xx_it.o(i.DebugMon_Handler) referenced from startup_stm32g474xx.o(RESET)
 <LI><a href="#[14]">EXTI0_IRQHandler</a> from startup_stm32g474xx.o(.text) referenced from startup_stm32g474xx.o(RESET)
 <LI><a href="#[36]">EXTI15_10_IRQHandler</a> from startup_stm32g474xx.o(.text) referenced from startup_stm32g474xx.o(RESET)
 <LI><a href="#[15]">EXTI1_IRQHandler</a> from startup_stm32g474xx.o(.text) referenced from startup_stm32g474xx.o(RESET)
 <LI><a href="#[16]">EXTI2_IRQHandler</a> from startup_stm32g474xx.o(.text) referenced from startup_stm32g474xx.o(RESET)
 <LI><a href="#[17]">EXTI3_IRQHandler</a> from startup_stm32g474xx.o(.text) referenced from startup_stm32g474xx.o(RESET)
 <LI><a href="#[18]">EXTI4_IRQHandler</a> from startup_stm32g474xx.o(.text) referenced from startup_stm32g474xx.o(RESET)
 <LI><a href="#[25]">EXTI9_5_IRQHandler</a> from startup_stm32g474xx.o(.text) referenced from startup_stm32g474xx.o(RESET)
 <LI><a href="#[23]">FDCAN1_IT0_IRQHandler</a> from startup_stm32g474xx.o(.text) referenced from startup_stm32g474xx.o(RESET)
 <LI><a href="#[24]">FDCAN1_IT1_IRQHandler</a> from startup_stm32g474xx.o(.text) referenced from startup_stm32g474xx.o(RESET)
 <LI><a href="#[63]">FDCAN2_IT0_IRQHandler</a> from startup_stm32g474xx.o(.text) referenced from startup_stm32g474xx.o(RESET)
 <LI><a href="#[64]">FDCAN2_IT1_IRQHandler</a> from startup_stm32g474xx.o(.text) referenced from startup_stm32g474xx.o(RESET)
 <LI><a href="#[65]">FDCAN3_IT0_IRQHandler</a> from stm32g4xx_it.o(i.FDCAN3_IT0_IRQHandler) referenced from startup_stm32g474xx.o(RESET)
 <LI><a href="#[66]">FDCAN3_IT1_IRQHandler</a> from startup_stm32g474xx.o(.text) referenced from startup_stm32g474xx.o(RESET)
 <LI><a href="#[12]">FLASH_IRQHandler</a> from startup_stm32g474xx.o(.text) referenced from startup_stm32g474xx.o(RESET)
 <LI><a href="#[77]">FMAC_DMAError</a> from stm32g4xx_hal_fmac.o(i.FMAC_DMAError) referenced from stm32g4xx_hal_fmac.o(i.FMAC_ConfigFilterOutputBufferUpdateState)
 <LI><a href="#[77]">FMAC_DMAError</a> from stm32g4xx_hal_fmac.o(i.FMAC_DMAError) referenced from stm32g4xx_hal_fmac.o(i.FMAC_DMAFilterConfig)
 <LI><a href="#[77]">FMAC_DMAError</a> from stm32g4xx_hal_fmac.o(i.FMAC_DMAError) referenced from stm32g4xx_hal_fmac.o(i.FMAC_FilterConfig)
 <LI><a href="#[78]">FMAC_DMAFilterConfig</a> from stm32g4xx_hal_fmac.o(i.FMAC_DMAFilterConfig) referenced from stm32g4xx_hal_fmac.o(i.FMAC_DMAFilterConfig)
 <LI><a href="#[78]">FMAC_DMAFilterConfig</a> from stm32g4xx_hal_fmac.o(i.FMAC_DMAFilterConfig) referenced from stm32g4xx_hal_fmac.o(i.FMAC_FilterConfig)
 <LI><a href="#[75]">FMAC_DMAHalfOutputDataReady</a> from stm32g4xx_hal_fmac.o(i.FMAC_DMAHalfOutputDataReady) referenced from stm32g4xx_hal_fmac.o(i.FMAC_ConfigFilterOutputBufferUpdateState)
 <LI><a href="#[76]">FMAC_DMAOutputDataReady</a> from stm32g4xx_hal_fmac.o(i.FMAC_DMAOutputDataReady) referenced from stm32g4xx_hal_fmac.o(i.FMAC_ConfigFilterOutputBufferUpdateState)
 <LI><a href="#[72]">FMAC_IRQHandler</a> from startup_stm32g474xx.o(.text) referenced from startup_stm32g474xx.o(RESET)
 <LI><a href="#[3e]">FMC_IRQHandler</a> from startup_stm32g474xx.o(.text) referenced from startup_stm32g474xx.o(RESET)
 <LI><a href="#[5f]">FPU_IRQHandler</a> from startup_stm32g474xx.o(.text) referenced from startup_stm32g474xx.o(RESET)
 <LI><a href="#[57]">HRTIM1_FLT_IRQHandler</a> from startup_stm32g474xx.o(.text) referenced from startup_stm32g474xx.o(RESET)
 <LI><a href="#[51]">HRTIM1_Master_IRQHandler</a> from stm32g4xx_it.o(i.HRTIM1_Master_IRQHandler) referenced from startup_stm32g474xx.o(RESET)
 <LI><a href="#[52]">HRTIM1_TIMA_IRQHandler</a> from startup_stm32g474xx.o(.text) referenced from startup_stm32g474xx.o(RESET)
 <LI><a href="#[53]">HRTIM1_TIMB_IRQHandler</a> from startup_stm32g474xx.o(.text) referenced from startup_stm32g474xx.o(RESET)
 <LI><a href="#[54]">HRTIM1_TIMC_IRQHandler</a> from startup_stm32g474xx.o(.text) referenced from startup_stm32g474xx.o(RESET)
 <LI><a href="#[55]">HRTIM1_TIMD_IRQHandler</a> from startup_stm32g474xx.o(.text) referenced from startup_stm32g474xx.o(RESET)
 <LI><a href="#[56]">HRTIM1_TIME_IRQHandler</a> from startup_stm32g474xx.o(.text) referenced from startup_stm32g474xx.o(RESET)
 <LI><a href="#[58]">HRTIM1_TIMF_IRQHandler</a> from startup_stm32g474xx.o(.text) referenced from startup_stm32g474xx.o(RESET)
 <LI><a href="#[6]">HardFault_Handler</a> from stm32g4xx_it.o(i.HardFault_Handler) referenced from startup_stm32g474xx.o(RESET)
 <LI><a href="#[2e]">I2C1_ER_IRQHandler</a> from startup_stm32g474xx.o(.text) referenced from startup_stm32g474xx.o(RESET)
 <LI><a href="#[2d]">I2C1_EV_IRQHandler</a> from startup_stm32g474xx.o(.text) referenced from startup_stm32g474xx.o(RESET)
 <LI><a href="#[30]">I2C2_ER_IRQHandler</a> from startup_stm32g474xx.o(.text) referenced from startup_stm32g474xx.o(RESET)
 <LI><a href="#[2f]">I2C2_EV_IRQHandler</a> from startup_stm32g474xx.o(.text) referenced from startup_stm32g474xx.o(RESET)
 <LI><a href="#[6a]">I2C3_ER_IRQHandler</a> from startup_stm32g474xx.o(.text) referenced from startup_stm32g474xx.o(RESET)
 <LI><a href="#[69]">I2C3_EV_IRQHandler</a> from startup_stm32g474xx.o(.text) referenced from startup_stm32g474xx.o(RESET)
 <LI><a href="#[61]">I2C4_ER_IRQHandler</a> from startup_stm32g474xx.o(.text) referenced from startup_stm32g474xx.o(RESET)
 <LI><a href="#[60]">I2C4_EV_IRQHandler</a> from startup_stm32g474xx.o(.text) referenced from startup_stm32g474xx.o(RESET)
 <LI><a href="#[3f]">LPTIM1_IRQHandler</a> from startup_stm32g474xx.o(.text) referenced from startup_stm32g474xx.o(RESET)
 <LI><a href="#[68]">LPUART1_IRQHandler</a> from startup_stm32g474xx.o(.text) referenced from startup_stm32g474xx.o(RESET)
 <LI><a href="#[7]">MemManage_Handler</a> from stm32g4xx_it.o(i.MemManage_Handler) referenced from startup_stm32g474xx.o(RESET)
 <LI><a href="#[5]">NMI_Handler</a> from stm32g4xx_it.o(i.NMI_Handler) referenced from startup_stm32g474xx.o(RESET)
 <LI><a href="#[f]">PVD_PVM_IRQHandler</a> from startup_stm32g474xx.o(.text) referenced from startup_stm32g474xx.o(RESET)
 <LI><a href="#[c]">PendSV_Handler</a> from stm32g4xx_it.o(i.PendSV_Handler) referenced from startup_stm32g474xx.o(RESET)
 <LI><a href="#[6c]">QUADSPI_IRQHandler</a> from startup_stm32g474xx.o(.text) referenced from startup_stm32g474xx.o(RESET)
 <LI><a href="#[13]">RCC_IRQHandler</a> from startup_stm32g474xx.o(.text) referenced from startup_stm32g474xx.o(RESET)
 <LI><a href="#[67]">RNG_IRQHandler</a> from startup_stm32g474xx.o(.text) referenced from startup_stm32g474xx.o(RESET)
 <LI><a href="#[37]">RTC_Alarm_IRQHandler</a> from startup_stm32g474xx.o(.text) referenced from startup_stm32g474xx.o(RESET)
 <LI><a href="#[10]">RTC_TAMP_LSECSS_IRQHandler</a> from startup_stm32g474xx.o(.text) referenced from startup_stm32g474xx.o(RESET)
 <LI><a href="#[11]">RTC_WKUP_IRQHandler</a> from startup_stm32g474xx.o(.text) referenced from startup_stm32g474xx.o(RESET)
 <LI><a href="#[4]">Reset_Handler</a> from startup_stm32g474xx.o(.text) referenced from startup_stm32g474xx.o(RESET)
 <LI><a href="#[5a]">SAI1_IRQHandler</a> from startup_stm32g474xx.o(.text) referenced from startup_stm32g474xx.o(RESET)
 <LI><a href="#[31]">SPI1_IRQHandler</a> from startup_stm32g474xx.o(.text) referenced from startup_stm32g474xx.o(RESET)
 <LI><a href="#[32]">SPI2_IRQHandler</a> from startup_stm32g474xx.o(.text) referenced from startup_stm32g474xx.o(RESET)
 <LI><a href="#[41]">SPI3_IRQHandler</a> from startup_stm32g474xx.o(.text) referenced from startup_stm32g474xx.o(RESET)
 <LI><a href="#[62]">SPI4_IRQHandler</a> from startup_stm32g474xx.o(.text) referenced from startup_stm32g474xx.o(RESET)
 <LI><a href="#[a]">SVC_Handler</a> from stm32g4xx_it.o(i.SVC_Handler) referenced from startup_stm32g474xx.o(RESET)
 <LI><a href="#[d]">SysTick_Handler</a> from stm32g4xx_it.o(i.SysTick_Handler) referenced from startup_stm32g474xx.o(RESET)
 <LI><a href="#[73]">SystemInit</a> from system_stm32g4xx.o(i.SystemInit) referenced from startup_stm32g474xx.o(.text)
 <LI><a href="#[26]">TIM1_BRK_TIM15_IRQHandler</a> from startup_stm32g474xx.o(.text) referenced from startup_stm32g474xx.o(RESET)
 <LI><a href="#[29]">TIM1_CC_IRQHandler</a> from startup_stm32g474xx.o(.text) referenced from startup_stm32g474xx.o(RESET)
 <LI><a href="#[28]">TIM1_TRG_COM_TIM17_IRQHandler</a> from startup_stm32g474xx.o(.text) referenced from startup_stm32g474xx.o(RESET)
 <LI><a href="#[27]">TIM1_UP_TIM16_IRQHandler</a> from startup_stm32g474xx.o(.text) referenced from startup_stm32g474xx.o(RESET)
 <LI><a href="#[5b]">TIM20_BRK_IRQHandler</a> from startup_stm32g474xx.o(.text) referenced from startup_stm32g474xx.o(RESET)
 <LI><a href="#[5e]">TIM20_CC_IRQHandler</a> from startup_stm32g474xx.o(.text) referenced from startup_stm32g474xx.o(RESET)
 <LI><a href="#[5d]">TIM20_TRG_COM_IRQHandler</a> from startup_stm32g474xx.o(.text) referenced from startup_stm32g474xx.o(RESET)
 <LI><a href="#[5c]">TIM20_UP_IRQHandler</a> from startup_stm32g474xx.o(.text) referenced from startup_stm32g474xx.o(RESET)
 <LI><a href="#[2a]">TIM2_IRQHandler</a> from stm32g4xx_it.o(i.TIM2_IRQHandler) referenced from startup_stm32g474xx.o(RESET)
 <LI><a href="#[2b]">TIM3_IRQHandler</a> from stm32g4xx_it.o(i.TIM3_IRQHandler) referenced from startup_stm32g474xx.o(RESET)
 <LI><a href="#[2c]">TIM4_IRQHandler</a> from stm32g4xx_it.o(i.TIM4_IRQHandler) referenced from startup_stm32g474xx.o(RESET)
 <LI><a href="#[40]">TIM5_IRQHandler</a> from startup_stm32g474xx.o(.text) referenced from startup_stm32g474xx.o(RESET)
 <LI><a href="#[44]">TIM6_DAC_IRQHandler</a> from startup_stm32g474xx.o(.text) referenced from startup_stm32g474xx.o(RESET)
 <LI><a href="#[45]">TIM7_DAC_IRQHandler</a> from startup_stm32g474xx.o(.text) referenced from startup_stm32g474xx.o(RESET)
 <LI><a href="#[39]">TIM8_BRK_IRQHandler</a> from startup_stm32g474xx.o(.text) referenced from startup_stm32g474xx.o(RESET)
 <LI><a href="#[3c]">TIM8_CC_IRQHandler</a> from startup_stm32g474xx.o(.text) referenced from startup_stm32g474xx.o(RESET)
 <LI><a href="#[3b]">TIM8_TRG_COM_IRQHandler</a> from startup_stm32g474xx.o(.text) referenced from startup_stm32g474xx.o(RESET)
 <LI><a href="#[3a]">TIM8_UP_IRQHandler</a> from startup_stm32g474xx.o(.text) referenced from startup_stm32g474xx.o(RESET)
 <LI><a href="#[42]">UART4_IRQHandler</a> from startup_stm32g474xx.o(.text) referenced from startup_stm32g474xx.o(RESET)
 <LI><a href="#[43]">UART5_IRQHandler</a> from startup_stm32g474xx.o(.text) referenced from startup_stm32g474xx.o(RESET)
 <LI><a href="#[7c]">UART_RxISR_16BIT</a> from stm32g4xx_hal_uart.o(i.UART_RxISR_16BIT) referenced from stm32g4xx_hal_uart.o(i.UART_RxISR_16BIT_FIFOEN)
 <LI><a href="#[7c]">UART_RxISR_16BIT</a> from stm32g4xx_hal_uart.o(i.UART_RxISR_16BIT) referenced from stm32g4xx_hal_uart.o(i.UART_Start_Receive_IT)
 <LI><a href="#[7e]">UART_RxISR_16BIT_FIFOEN</a> from stm32g4xx_hal_uart.o(i.UART_RxISR_16BIT_FIFOEN) referenced from stm32g4xx_hal_uart.o(i.UART_Start_Receive_IT)
 <LI><a href="#[7d]">UART_RxISR_8BIT</a> from stm32g4xx_hal_uart.o(i.UART_RxISR_8BIT) referenced from stm32g4xx_hal_uart.o(i.UART_RxISR_8BIT_FIFOEN)
 <LI><a href="#[7d]">UART_RxISR_8BIT</a> from stm32g4xx_hal_uart.o(i.UART_RxISR_8BIT) referenced from stm32g4xx_hal_uart.o(i.UART_Start_Receive_IT)
 <LI><a href="#[7f]">UART_RxISR_8BIT_FIFOEN</a> from stm32g4xx_hal_uart.o(i.UART_RxISR_8BIT_FIFOEN) referenced from stm32g4xx_hal_uart.o(i.UART_Start_Receive_IT)
 <LI><a href="#[4d]">UCPD1_IRQHandler</a> from startup_stm32g474xx.o(.text) referenced from startup_stm32g474xx.o(RESET)
 <LI><a href="#[33]">USART1_IRQHandler</a> from startup_stm32g474xx.o(.text) referenced from startup_stm32g474xx.o(RESET)
 <LI><a href="#[34]">USART2_IRQHandler</a> from startup_stm32g474xx.o(.text) referenced from startup_stm32g474xx.o(RESET)
 <LI><a href="#[35]">USART3_IRQHandler</a> from startup_stm32g474xx.o(.text) referenced from startup_stm32g474xx.o(RESET)
 <LI><a href="#[38]">USBWakeUp_IRQHandler</a> from startup_stm32g474xx.o(.text) referenced from startup_stm32g474xx.o(RESET)
 <LI><a href="#[21]">USB_HP_IRQHandler</a> from startup_stm32g474xx.o(.text) referenced from startup_stm32g474xx.o(RESET)
 <LI><a href="#[22]">USB_LP_IRQHandler</a> from startup_stm32g474xx.o(.text) referenced from startup_stm32g474xx.o(RESET)
 <LI><a href="#[9]">UsageFault_Handler</a> from stm32g4xx_it.o(i.UsageFault_Handler) referenced from startup_stm32g474xx.o(RESET)
 <LI><a href="#[e]">WWDG_IRQHandler</a> from startup_stm32g474xx.o(.text) referenced from startup_stm32g474xx.o(RESET)
 <LI><a href="#[80]">__main</a> from __main.o(!!!main) referenced from startup_stm32g474xx.o(.text)
</UL>
<P>
<H3>
Global Symbols
</H3>
<P><STRONG><a name="[80]"></a>__main</STRONG> (Thumb, 8 bytes, Stack size 0 bytes, __main.o(!!!main))
<BR><BR>[Calls]<UL><LI><a href="#[82]">&gt;&gt;</a>&nbsp;&nbsp;&nbsp;__rt_entry
<LI><a href="#[81]">&gt;&gt;</a>&nbsp;&nbsp;&nbsp;__scatterload
</UL>

<P><STRONG><a name="[81]"></a>__scatterload</STRONG> (Thumb, 0 bytes, Stack size unknown bytes, __scatter.o(!!!scatter))
<BR><BR>[Called By]<UL><LI><a href="#[80]">&gt;&gt;</a>&nbsp;&nbsp;&nbsp;__main
</UL>

<P><STRONG><a name="[83]"></a>__scatterload_rt2</STRONG> (Thumb, 44 bytes, Stack size unknown bytes, __scatter.o(!!!scatter), UNUSED)
<BR><BR>[Calls]<UL><LI><a href="#[82]">&gt;&gt;</a>&nbsp;&nbsp;&nbsp;__rt_entry
</UL>

<P><STRONG><a name="[197]"></a>__scatterload_rt2_thumb_only</STRONG> (Thumb, 0 bytes, Stack size unknown bytes, __scatter.o(!!!scatter), UNUSED)

<P><STRONG><a name="[198]"></a>__scatterload_null</STRONG> (Thumb, 0 bytes, Stack size unknown bytes, __scatter.o(!!!scatter), UNUSED)

<P><STRONG><a name="[199]"></a>__decompress</STRONG> (Thumb, 90 bytes, Stack size unknown bytes, __dczerorl2.o(!!dczerorl2), UNUSED)

<P><STRONG><a name="[19a]"></a>__decompress1</STRONG> (Thumb, 0 bytes, Stack size unknown bytes, __dczerorl2.o(!!dczerorl2), UNUSED)

<P><STRONG><a name="[19b]"></a>__scatterload_zeroinit</STRONG> (Thumb, 28 bytes, Stack size unknown bytes, __scatter_zi.o(!!handler_zi), UNUSED)

<P><STRONG><a name="[89]"></a>__rt_lib_init</STRONG> (Thumb, 0 bytes, Stack size unknown bytes, libinit.o(.ARM.Collect$$libinit$$00000000))
<BR><BR>[Called By]<UL><LI><a href="#[88]">&gt;&gt;</a>&nbsp;&nbsp;&nbsp;__rt_entry_li
</UL>

<P><STRONG><a name="[84]"></a>__rt_lib_init_fp_1</STRONG> (Thumb, 0 bytes, Stack size unknown bytes, libinit2.o(.ARM.Collect$$libinit$$00000001))
<BR><BR>[Calls]<UL><LI><a href="#[85]">&gt;&gt;</a>&nbsp;&nbsp;&nbsp;_fp_init
</UL>

<P><STRONG><a name="[19c]"></a>__rt_lib_init_alloca_1</STRONG> (Thumb, 0 bytes, Stack size unknown bytes, libinit2.o(.ARM.Collect$$libinit$$0000002E))

<P><STRONG><a name="[19d]"></a>__rt_lib_init_argv_1</STRONG> (Thumb, 0 bytes, Stack size unknown bytes, libinit2.o(.ARM.Collect$$libinit$$0000002C))

<P><STRONG><a name="[19e]"></a>__rt_lib_init_atexit_1</STRONG> (Thumb, 0 bytes, Stack size unknown bytes, libinit2.o(.ARM.Collect$$libinit$$0000001B))

<P><STRONG><a name="[19f]"></a>__rt_lib_init_clock_1</STRONG> (Thumb, 0 bytes, Stack size unknown bytes, libinit2.o(.ARM.Collect$$libinit$$00000021))

<P><STRONG><a name="[1a0]"></a>__rt_lib_init_cpp_1</STRONG> (Thumb, 0 bytes, Stack size unknown bytes, libinit2.o(.ARM.Collect$$libinit$$00000032))

<P><STRONG><a name="[1a1]"></a>__rt_lib_init_exceptions_1</STRONG> (Thumb, 0 bytes, Stack size unknown bytes, libinit2.o(.ARM.Collect$$libinit$$00000030))

<P><STRONG><a name="[1a2]"></a>__rt_lib_init_fp_trap_1</STRONG> (Thumb, 0 bytes, Stack size unknown bytes, libinit2.o(.ARM.Collect$$libinit$$0000001F))

<P><STRONG><a name="[1a3]"></a>__rt_lib_init_getenv_1</STRONG> (Thumb, 0 bytes, Stack size unknown bytes, libinit2.o(.ARM.Collect$$libinit$$00000023))

<P><STRONG><a name="[1a4]"></a>__rt_lib_init_heap_1</STRONG> (Thumb, 0 bytes, Stack size unknown bytes, libinit2.o(.ARM.Collect$$libinit$$0000000A))

<P><STRONG><a name="[1a5]"></a>__rt_lib_init_lc_collate_1</STRONG> (Thumb, 0 bytes, Stack size unknown bytes, libinit2.o(.ARM.Collect$$libinit$$00000011))

<P><STRONG><a name="[1a6]"></a>__rt_lib_init_lc_ctype_1</STRONG> (Thumb, 0 bytes, Stack size unknown bytes, libinit2.o(.ARM.Collect$$libinit$$00000013))

<P><STRONG><a name="[1a7]"></a>__rt_lib_init_lc_monetary_1</STRONG> (Thumb, 0 bytes, Stack size unknown bytes, libinit2.o(.ARM.Collect$$libinit$$00000015))

<P><STRONG><a name="[1a8]"></a>__rt_lib_init_lc_numeric_1</STRONG> (Thumb, 0 bytes, Stack size unknown bytes, libinit2.o(.ARM.Collect$$libinit$$00000017))

<P><STRONG><a name="[1a9]"></a>__rt_lib_init_lc_time_1</STRONG> (Thumb, 0 bytes, Stack size unknown bytes, libinit2.o(.ARM.Collect$$libinit$$00000019))

<P><STRONG><a name="[1aa]"></a>__rt_lib_init_preinit_1</STRONG> (Thumb, 0 bytes, Stack size unknown bytes, libinit2.o(.ARM.Collect$$libinit$$00000004))

<P><STRONG><a name="[1ab]"></a>__rt_lib_init_rand_1</STRONG> (Thumb, 0 bytes, Stack size unknown bytes, libinit2.o(.ARM.Collect$$libinit$$0000000E))

<P><STRONG><a name="[1ac]"></a>__rt_lib_init_return</STRONG> (Thumb, 0 bytes, Stack size unknown bytes, libinit2.o(.ARM.Collect$$libinit$$00000033))

<P><STRONG><a name="[1ad]"></a>__rt_lib_init_signal_1</STRONG> (Thumb, 0 bytes, Stack size unknown bytes, libinit2.o(.ARM.Collect$$libinit$$0000001D))

<P><STRONG><a name="[1ae]"></a>__rt_lib_init_stdio_1</STRONG> (Thumb, 0 bytes, Stack size unknown bytes, libinit2.o(.ARM.Collect$$libinit$$00000025))

<P><STRONG><a name="[1af]"></a>__rt_lib_init_user_alloc_1</STRONG> (Thumb, 0 bytes, Stack size unknown bytes, libinit2.o(.ARM.Collect$$libinit$$0000000C))

<P><STRONG><a name="[8e]"></a>__rt_lib_shutdown</STRONG> (Thumb, 0 bytes, Stack size unknown bytes, libshutdown.o(.ARM.Collect$$libshutdown$$00000000))
<BR><BR>[Called By]<UL><LI><a href="#[8d]">&gt;&gt;</a>&nbsp;&nbsp;&nbsp;__rt_exit_ls
</UL>

<P><STRONG><a name="[1b0]"></a>__rt_lib_shutdown_cpp_1</STRONG> (Thumb, 0 bytes, Stack size unknown bytes, libshutdown2.o(.ARM.Collect$$libshutdown$$00000002))

<P><STRONG><a name="[1b1]"></a>__rt_lib_shutdown_fp_trap_1</STRONG> (Thumb, 0 bytes, Stack size unknown bytes, libshutdown2.o(.ARM.Collect$$libshutdown$$00000007))

<P><STRONG><a name="[1b2]"></a>__rt_lib_shutdown_heap_1</STRONG> (Thumb, 0 bytes, Stack size unknown bytes, libshutdown2.o(.ARM.Collect$$libshutdown$$0000000F))

<P><STRONG><a name="[1b3]"></a>__rt_lib_shutdown_return</STRONG> (Thumb, 0 bytes, Stack size unknown bytes, libshutdown2.o(.ARM.Collect$$libshutdown$$00000010))

<P><STRONG><a name="[1b4]"></a>__rt_lib_shutdown_signal_1</STRONG> (Thumb, 0 bytes, Stack size unknown bytes, libshutdown2.o(.ARM.Collect$$libshutdown$$0000000A))

<P><STRONG><a name="[1b5]"></a>__rt_lib_shutdown_stdio_1</STRONG> (Thumb, 0 bytes, Stack size unknown bytes, libshutdown2.o(.ARM.Collect$$libshutdown$$00000004))

<P><STRONG><a name="[1b6]"></a>__rt_lib_shutdown_user_alloc_1</STRONG> (Thumb, 0 bytes, Stack size unknown bytes, libshutdown2.o(.ARM.Collect$$libshutdown$$0000000C))

<P><STRONG><a name="[82]"></a>__rt_entry</STRONG> (Thumb, 0 bytes, Stack size unknown bytes, __rtentry.o(.ARM.Collect$$rtentry$$00000000))
<BR><BR>[Called By]<UL><LI><a href="#[83]">&gt;&gt;</a>&nbsp;&nbsp;&nbsp;__scatterload_rt2
<LI><a href="#[80]">&gt;&gt;</a>&nbsp;&nbsp;&nbsp;__main
</UL>

<P><STRONG><a name="[1b7]"></a>__rt_entry_presh_1</STRONG> (Thumb, 0 bytes, Stack size unknown bytes, __rtentry2.o(.ARM.Collect$$rtentry$$00000002))

<P><STRONG><a name="[86]"></a>__rt_entry_sh</STRONG> (Thumb, 0 bytes, Stack size unknown bytes, __rtentry4.o(.ARM.Collect$$rtentry$$00000004))
<BR><BR>[Stack]<UL><LI>Max Depth = 8 + Unknown Stack Size
<LI>Call Chain = __rt_entry_sh &rArr; __user_setup_stackheap
</UL>
<BR>[Calls]<UL><LI><a href="#[87]">&gt;&gt;</a>&nbsp;&nbsp;&nbsp;__user_setup_stackheap
</UL>

<P><STRONG><a name="[88]"></a>__rt_entry_li</STRONG> (Thumb, 0 bytes, Stack size unknown bytes, __rtentry2.o(.ARM.Collect$$rtentry$$0000000A))
<BR><BR>[Calls]<UL><LI><a href="#[89]">&gt;&gt;</a>&nbsp;&nbsp;&nbsp;__rt_lib_init
</UL>

<P><STRONG><a name="[1b8]"></a>__rt_entry_postsh_1</STRONG> (Thumb, 0 bytes, Stack size unknown bytes, __rtentry2.o(.ARM.Collect$$rtentry$$00000009))

<P><STRONG><a name="[8a]"></a>__rt_entry_main</STRONG> (Thumb, 0 bytes, Stack size unknown bytes, __rtentry2.o(.ARM.Collect$$rtentry$$0000000D))
<BR><BR>[Stack]<UL><LI>Max Depth = 320 + Unknown Stack Size
<LI>Call Chain = __rt_entry_main &rArr; main &rArr; MX_HRTIM1_Init &rArr; HAL_HRTIM_Init &rArr; HAL_HRTIM_MspInit &rArr; HAL_NVIC_SetPriority &rArr; __NVIC_SetPriority
</UL>
<BR>[Calls]<UL><LI><a href="#[8b]">&gt;&gt;</a>&nbsp;&nbsp;&nbsp;main
<LI><a href="#[8c]">&gt;&gt;</a>&nbsp;&nbsp;&nbsp;exit
</UL>

<P><STRONG><a name="[1b9]"></a>__rt_entry_postli_1</STRONG> (Thumb, 0 bytes, Stack size unknown bytes, __rtentry2.o(.ARM.Collect$$rtentry$$0000000C))

<P><STRONG><a name="[93]"></a>__rt_exit</STRONG> (Thumb, 0 bytes, Stack size unknown bytes, rtexit.o(.ARM.Collect$$rtexit$$00000000))
<BR><BR>[Called By]<UL><LI><a href="#[8c]">&gt;&gt;</a>&nbsp;&nbsp;&nbsp;exit
</UL>

<P><STRONG><a name="[8d]"></a>__rt_exit_ls</STRONG> (Thumb, 0 bytes, Stack size unknown bytes, rtexit2.o(.ARM.Collect$$rtexit$$00000003))
<BR><BR>[Calls]<UL><LI><a href="#[8e]">&gt;&gt;</a>&nbsp;&nbsp;&nbsp;__rt_lib_shutdown
</UL>

<P><STRONG><a name="[1ba]"></a>__rt_exit_prels_1</STRONG> (Thumb, 0 bytes, Stack size unknown bytes, rtexit2.o(.ARM.Collect$$rtexit$$00000002))

<P><STRONG><a name="[8f]"></a>__rt_exit_exit</STRONG> (Thumb, 0 bytes, Stack size unknown bytes, rtexit2.o(.ARM.Collect$$rtexit$$00000004))
<BR><BR>[Calls]<UL><LI><a href="#[90]">&gt;&gt;</a>&nbsp;&nbsp;&nbsp;_sys_exit
</UL>

<P><STRONG><a name="[4]"></a>Reset_Handler</STRONG> (Thumb, 8 bytes, Stack size 0 bytes, startup_stm32g474xx.o(.text))
<BR>[Address Reference Count : 1]<UL><LI> startup_stm32g474xx.o(RESET)
</UL>
<P><STRONG><a name="[20]"></a>ADC1_2_IRQHandler</STRONG> (Thumb, 0 bytes, Stack size 0 bytes, startup_stm32g474xx.o(.text))
<BR><BR>[Calls]<UL><LI><a href="#[20]">&gt;&gt;</a>&nbsp;&nbsp;&nbsp;ADC1_2_IRQHandler
</UL>
<BR>[Called By]<UL><LI><a href="#[20]">&gt;&gt;</a>&nbsp;&nbsp;&nbsp;ADC1_2_IRQHandler
</UL>
<BR>[Address Reference Count : 1]<UL><LI> startup_stm32g474xx.o(RESET)
</UL>
<P><STRONG><a name="[3d]"></a>ADC3_IRQHandler</STRONG> (Thumb, 0 bytes, Stack size 0 bytes, startup_stm32g474xx.o(.text))
<BR>[Address Reference Count : 1]<UL><LI> startup_stm32g474xx.o(RESET)
</UL>
<P><STRONG><a name="[4b]"></a>ADC4_IRQHandler</STRONG> (Thumb, 0 bytes, Stack size 0 bytes, startup_stm32g474xx.o(.text))
<BR>[Address Reference Count : 1]<UL><LI> startup_stm32g474xx.o(RESET)
</UL>
<P><STRONG><a name="[4c]"></a>ADC5_IRQHandler</STRONG> (Thumb, 0 bytes, Stack size 0 bytes, startup_stm32g474xx.o(.text))
<BR>[Address Reference Count : 1]<UL><LI> startup_stm32g474xx.o(RESET)
</UL>
<P><STRONG><a name="[4e]"></a>COMP1_2_3_IRQHandler</STRONG> (Thumb, 0 bytes, Stack size 0 bytes, startup_stm32g474xx.o(.text))
<BR>[Address Reference Count : 1]<UL><LI> startup_stm32g474xx.o(RESET)
</UL>
<P><STRONG><a name="[4f]"></a>COMP4_5_6_IRQHandler</STRONG> (Thumb, 0 bytes, Stack size 0 bytes, startup_stm32g474xx.o(.text))
<BR>[Address Reference Count : 1]<UL><LI> startup_stm32g474xx.o(RESET)
</UL>
<P><STRONG><a name="[50]"></a>COMP7_IRQHandler</STRONG> (Thumb, 0 bytes, Stack size 0 bytes, startup_stm32g474xx.o(.text))
<BR>[Address Reference Count : 1]<UL><LI> startup_stm32g474xx.o(RESET)
</UL>
<P><STRONG><a name="[71]"></a>CORDIC_IRQHandler</STRONG> (Thumb, 0 bytes, Stack size 0 bytes, startup_stm32g474xx.o(.text))
<BR>[Address Reference Count : 1]<UL><LI> startup_stm32g474xx.o(RESET)
</UL>
<P><STRONG><a name="[59]"></a>CRS_IRQHandler</STRONG> (Thumb, 0 bytes, Stack size 0 bytes, startup_stm32g474xx.o(.text))
<BR>[Address Reference Count : 1]<UL><LI> startup_stm32g474xx.o(RESET)
</UL>
<P><STRONG><a name="[19]"></a>DMA1_Channel1_IRQHandler</STRONG> (Thumb, 0 bytes, Stack size 0 bytes, startup_stm32g474xx.o(.text))
<BR>[Address Reference Count : 1]<UL><LI> startup_stm32g474xx.o(RESET)
</UL>
<P><STRONG><a name="[1a]"></a>DMA1_Channel2_IRQHandler</STRONG> (Thumb, 0 bytes, Stack size 0 bytes, startup_stm32g474xx.o(.text))
<BR>[Address Reference Count : 1]<UL><LI> startup_stm32g474xx.o(RESET)
</UL>
<P><STRONG><a name="[1b]"></a>DMA1_Channel3_IRQHandler</STRONG> (Thumb, 0 bytes, Stack size 0 bytes, startup_stm32g474xx.o(.text))
<BR>[Address Reference Count : 1]<UL><LI> startup_stm32g474xx.o(RESET)
</UL>
<P><STRONG><a name="[1c]"></a>DMA1_Channel4_IRQHandler</STRONG> (Thumb, 0 bytes, Stack size 0 bytes, startup_stm32g474xx.o(.text))
<BR>[Address Reference Count : 1]<UL><LI> startup_stm32g474xx.o(RESET)
</UL>
<P><STRONG><a name="[1d]"></a>DMA1_Channel5_IRQHandler</STRONG> (Thumb, 0 bytes, Stack size 0 bytes, startup_stm32g474xx.o(.text))
<BR>[Address Reference Count : 1]<UL><LI> startup_stm32g474xx.o(RESET)
</UL>
<P><STRONG><a name="[1e]"></a>DMA1_Channel6_IRQHandler</STRONG> (Thumb, 0 bytes, Stack size 0 bytes, startup_stm32g474xx.o(.text))
<BR>[Address Reference Count : 1]<UL><LI> startup_stm32g474xx.o(RESET)
</UL>
<P><STRONG><a name="[1f]"></a>DMA1_Channel7_IRQHandler</STRONG> (Thumb, 0 bytes, Stack size 0 bytes, startup_stm32g474xx.o(.text))
<BR>[Address Reference Count : 1]<UL><LI> startup_stm32g474xx.o(RESET)
</UL>
<P><STRONG><a name="[6d]"></a>DMA1_Channel8_IRQHandler</STRONG> (Thumb, 0 bytes, Stack size 0 bytes, startup_stm32g474xx.o(.text))
<BR>[Address Reference Count : 1]<UL><LI> startup_stm32g474xx.o(RESET)
</UL>
<P><STRONG><a name="[46]"></a>DMA2_Channel1_IRQHandler</STRONG> (Thumb, 0 bytes, Stack size 0 bytes, startup_stm32g474xx.o(.text))
<BR>[Address Reference Count : 1]<UL><LI> startup_stm32g474xx.o(RESET)
</UL>
<P><STRONG><a name="[47]"></a>DMA2_Channel2_IRQHandler</STRONG> (Thumb, 0 bytes, Stack size 0 bytes, startup_stm32g474xx.o(.text))
<BR>[Address Reference Count : 1]<UL><LI> startup_stm32g474xx.o(RESET)
</UL>
<P><STRONG><a name="[48]"></a>DMA2_Channel3_IRQHandler</STRONG> (Thumb, 0 bytes, Stack size 0 bytes, startup_stm32g474xx.o(.text))
<BR>[Address Reference Count : 1]<UL><LI> startup_stm32g474xx.o(RESET)
</UL>
<P><STRONG><a name="[49]"></a>DMA2_Channel4_IRQHandler</STRONG> (Thumb, 0 bytes, Stack size 0 bytes, startup_stm32g474xx.o(.text))
<BR>[Address Reference Count : 1]<UL><LI> startup_stm32g474xx.o(RESET)
</UL>
<P><STRONG><a name="[4a]"></a>DMA2_Channel5_IRQHandler</STRONG> (Thumb, 0 bytes, Stack size 0 bytes, startup_stm32g474xx.o(.text))
<BR>[Address Reference Count : 1]<UL><LI> startup_stm32g474xx.o(RESET)
</UL>
<P><STRONG><a name="[6e]"></a>DMA2_Channel6_IRQHandler</STRONG> (Thumb, 0 bytes, Stack size 0 bytes, startup_stm32g474xx.o(.text))
<BR>[Address Reference Count : 1]<UL><LI> startup_stm32g474xx.o(RESET)
</UL>
<P><STRONG><a name="[6f]"></a>DMA2_Channel7_IRQHandler</STRONG> (Thumb, 0 bytes, Stack size 0 bytes, startup_stm32g474xx.o(.text))
<BR>[Address Reference Count : 1]<UL><LI> startup_stm32g474xx.o(RESET)
</UL>
<P><STRONG><a name="[70]"></a>DMA2_Channel8_IRQHandler</STRONG> (Thumb, 0 bytes, Stack size 0 bytes, startup_stm32g474xx.o(.text))
<BR>[Address Reference Count : 1]<UL><LI> startup_stm32g474xx.o(RESET)
</UL>
<P><STRONG><a name="[6b]"></a>DMAMUX_OVR_IRQHandler</STRONG> (Thumb, 0 bytes, Stack size 0 bytes, startup_stm32g474xx.o(.text))
<BR>[Address Reference Count : 1]<UL><LI> startup_stm32g474xx.o(RESET)
</UL>
<P><STRONG><a name="[14]"></a>EXTI0_IRQHandler</STRONG> (Thumb, 0 bytes, Stack size 0 bytes, startup_stm32g474xx.o(.text))
<BR>[Address Reference Count : 1]<UL><LI> startup_stm32g474xx.o(RESET)
</UL>
<P><STRONG><a name="[36]"></a>EXTI15_10_IRQHandler</STRONG> (Thumb, 0 bytes, Stack size 0 bytes, startup_stm32g474xx.o(.text))
<BR>[Address Reference Count : 1]<UL><LI> startup_stm32g474xx.o(RESET)
</UL>
<P><STRONG><a name="[15]"></a>EXTI1_IRQHandler</STRONG> (Thumb, 0 bytes, Stack size 0 bytes, startup_stm32g474xx.o(.text))
<BR>[Address Reference Count : 1]<UL><LI> startup_stm32g474xx.o(RESET)
</UL>
<P><STRONG><a name="[16]"></a>EXTI2_IRQHandler</STRONG> (Thumb, 0 bytes, Stack size 0 bytes, startup_stm32g474xx.o(.text))
<BR>[Address Reference Count : 1]<UL><LI> startup_stm32g474xx.o(RESET)
</UL>
<P><STRONG><a name="[17]"></a>EXTI3_IRQHandler</STRONG> (Thumb, 0 bytes, Stack size 0 bytes, startup_stm32g474xx.o(.text))
<BR>[Address Reference Count : 1]<UL><LI> startup_stm32g474xx.o(RESET)
</UL>
<P><STRONG><a name="[18]"></a>EXTI4_IRQHandler</STRONG> (Thumb, 0 bytes, Stack size 0 bytes, startup_stm32g474xx.o(.text))
<BR>[Address Reference Count : 1]<UL><LI> startup_stm32g474xx.o(RESET)
</UL>
<P><STRONG><a name="[25]"></a>EXTI9_5_IRQHandler</STRONG> (Thumb, 0 bytes, Stack size 0 bytes, startup_stm32g474xx.o(.text))
<BR>[Address Reference Count : 1]<UL><LI> startup_stm32g474xx.o(RESET)
</UL>
<P><STRONG><a name="[23]"></a>FDCAN1_IT0_IRQHandler</STRONG> (Thumb, 0 bytes, Stack size 0 bytes, startup_stm32g474xx.o(.text))
<BR>[Address Reference Count : 1]<UL><LI> startup_stm32g474xx.o(RESET)
</UL>
<P><STRONG><a name="[24]"></a>FDCAN1_IT1_IRQHandler</STRONG> (Thumb, 0 bytes, Stack size 0 bytes, startup_stm32g474xx.o(.text))
<BR>[Address Reference Count : 1]<UL><LI> startup_stm32g474xx.o(RESET)
</UL>
<P><STRONG><a name="[63]"></a>FDCAN2_IT0_IRQHandler</STRONG> (Thumb, 0 bytes, Stack size 0 bytes, startup_stm32g474xx.o(.text))
<BR>[Address Reference Count : 1]<UL><LI> startup_stm32g474xx.o(RESET)
</UL>
<P><STRONG><a name="[64]"></a>FDCAN2_IT1_IRQHandler</STRONG> (Thumb, 0 bytes, Stack size 0 bytes, startup_stm32g474xx.o(.text))
<BR>[Address Reference Count : 1]<UL><LI> startup_stm32g474xx.o(RESET)
</UL>
<P><STRONG><a name="[66]"></a>FDCAN3_IT1_IRQHandler</STRONG> (Thumb, 0 bytes, Stack size 0 bytes, startup_stm32g474xx.o(.text))
<BR>[Address Reference Count : 1]<UL><LI> startup_stm32g474xx.o(RESET)
</UL>
<P><STRONG><a name="[12]"></a>FLASH_IRQHandler</STRONG> (Thumb, 0 bytes, Stack size 0 bytes, startup_stm32g474xx.o(.text))
<BR>[Address Reference Count : 1]<UL><LI> startup_stm32g474xx.o(RESET)
</UL>
<P><STRONG><a name="[72]"></a>FMAC_IRQHandler</STRONG> (Thumb, 0 bytes, Stack size 0 bytes, startup_stm32g474xx.o(.text))
<BR>[Address Reference Count : 1]<UL><LI> startup_stm32g474xx.o(RESET)
</UL>
<P><STRONG><a name="[3e]"></a>FMC_IRQHandler</STRONG> (Thumb, 0 bytes, Stack size 0 bytes, startup_stm32g474xx.o(.text))
<BR>[Address Reference Count : 1]<UL><LI> startup_stm32g474xx.o(RESET)
</UL>
<P><STRONG><a name="[5f]"></a>FPU_IRQHandler</STRONG> (Thumb, 0 bytes, Stack size 0 bytes, startup_stm32g474xx.o(.text))
<BR>[Address Reference Count : 1]<UL><LI> startup_stm32g474xx.o(RESET)
</UL>
<P><STRONG><a name="[57]"></a>HRTIM1_FLT_IRQHandler</STRONG> (Thumb, 0 bytes, Stack size 0 bytes, startup_stm32g474xx.o(.text))
<BR>[Address Reference Count : 1]<UL><LI> startup_stm32g474xx.o(RESET)
</UL>
<P><STRONG><a name="[52]"></a>HRTIM1_TIMA_IRQHandler</STRONG> (Thumb, 0 bytes, Stack size 0 bytes, startup_stm32g474xx.o(.text))
<BR>[Address Reference Count : 1]<UL><LI> startup_stm32g474xx.o(RESET)
</UL>
<P><STRONG><a name="[53]"></a>HRTIM1_TIMB_IRQHandler</STRONG> (Thumb, 0 bytes, Stack size 0 bytes, startup_stm32g474xx.o(.text))
<BR>[Address Reference Count : 1]<UL><LI> startup_stm32g474xx.o(RESET)
</UL>
<P><STRONG><a name="[54]"></a>HRTIM1_TIMC_IRQHandler</STRONG> (Thumb, 0 bytes, Stack size 0 bytes, startup_stm32g474xx.o(.text))
<BR>[Address Reference Count : 1]<UL><LI> startup_stm32g474xx.o(RESET)
</UL>
<P><STRONG><a name="[55]"></a>HRTIM1_TIMD_IRQHandler</STRONG> (Thumb, 0 bytes, Stack size 0 bytes, startup_stm32g474xx.o(.text))
<BR>[Address Reference Count : 1]<UL><LI> startup_stm32g474xx.o(RESET)
</UL>
<P><STRONG><a name="[56]"></a>HRTIM1_TIME_IRQHandler</STRONG> (Thumb, 0 bytes, Stack size 0 bytes, startup_stm32g474xx.o(.text))
<BR>[Address Reference Count : 1]<UL><LI> startup_stm32g474xx.o(RESET)
</UL>
<P><STRONG><a name="[58]"></a>HRTIM1_TIMF_IRQHandler</STRONG> (Thumb, 0 bytes, Stack size 0 bytes, startup_stm32g474xx.o(.text))
<BR>[Address Reference Count : 1]<UL><LI> startup_stm32g474xx.o(RESET)
</UL>
<P><STRONG><a name="[2e]"></a>I2C1_ER_IRQHandler</STRONG> (Thumb, 0 bytes, Stack size 0 bytes, startup_stm32g474xx.o(.text))
<BR>[Address Reference Count : 1]<UL><LI> startup_stm32g474xx.o(RESET)
</UL>
<P><STRONG><a name="[2d]"></a>I2C1_EV_IRQHandler</STRONG> (Thumb, 0 bytes, Stack size 0 bytes, startup_stm32g474xx.o(.text))
<BR>[Address Reference Count : 1]<UL><LI> startup_stm32g474xx.o(RESET)
</UL>
<P><STRONG><a name="[30]"></a>I2C2_ER_IRQHandler</STRONG> (Thumb, 0 bytes, Stack size 0 bytes, startup_stm32g474xx.o(.text))
<BR>[Address Reference Count : 1]<UL><LI> startup_stm32g474xx.o(RESET)
</UL>
<P><STRONG><a name="[2f]"></a>I2C2_EV_IRQHandler</STRONG> (Thumb, 0 bytes, Stack size 0 bytes, startup_stm32g474xx.o(.text))
<BR>[Address Reference Count : 1]<UL><LI> startup_stm32g474xx.o(RESET)
</UL>
<P><STRONG><a name="[6a]"></a>I2C3_ER_IRQHandler</STRONG> (Thumb, 0 bytes, Stack size 0 bytes, startup_stm32g474xx.o(.text))
<BR>[Address Reference Count : 1]<UL><LI> startup_stm32g474xx.o(RESET)
</UL>
<P><STRONG><a name="[69]"></a>I2C3_EV_IRQHandler</STRONG> (Thumb, 0 bytes, Stack size 0 bytes, startup_stm32g474xx.o(.text))
<BR>[Address Reference Count : 1]<UL><LI> startup_stm32g474xx.o(RESET)
</UL>
<P><STRONG><a name="[61]"></a>I2C4_ER_IRQHandler</STRONG> (Thumb, 0 bytes, Stack size 0 bytes, startup_stm32g474xx.o(.text))
<BR>[Address Reference Count : 1]<UL><LI> startup_stm32g474xx.o(RESET)
</UL>
<P><STRONG><a name="[60]"></a>I2C4_EV_IRQHandler</STRONG> (Thumb, 0 bytes, Stack size 0 bytes, startup_stm32g474xx.o(.text))
<BR>[Address Reference Count : 1]<UL><LI> startup_stm32g474xx.o(RESET)
</UL>
<P><STRONG><a name="[3f]"></a>LPTIM1_IRQHandler</STRONG> (Thumb, 0 bytes, Stack size 0 bytes, startup_stm32g474xx.o(.text))
<BR>[Address Reference Count : 1]<UL><LI> startup_stm32g474xx.o(RESET)
</UL>
<P><STRONG><a name="[68]"></a>LPUART1_IRQHandler</STRONG> (Thumb, 0 bytes, Stack size 0 bytes, startup_stm32g474xx.o(.text))
<BR>[Address Reference Count : 1]<UL><LI> startup_stm32g474xx.o(RESET)
</UL>
<P><STRONG><a name="[f]"></a>PVD_PVM_IRQHandler</STRONG> (Thumb, 0 bytes, Stack size 0 bytes, startup_stm32g474xx.o(.text))
<BR>[Address Reference Count : 1]<UL><LI> startup_stm32g474xx.o(RESET)
</UL>
<P><STRONG><a name="[6c]"></a>QUADSPI_IRQHandler</STRONG> (Thumb, 0 bytes, Stack size 0 bytes, startup_stm32g474xx.o(.text))
<BR>[Address Reference Count : 1]<UL><LI> startup_stm32g474xx.o(RESET)
</UL>
<P><STRONG><a name="[13]"></a>RCC_IRQHandler</STRONG> (Thumb, 0 bytes, Stack size 0 bytes, startup_stm32g474xx.o(.text))
<BR>[Address Reference Count : 1]<UL><LI> startup_stm32g474xx.o(RESET)
</UL>
<P><STRONG><a name="[67]"></a>RNG_IRQHandler</STRONG> (Thumb, 0 bytes, Stack size 0 bytes, startup_stm32g474xx.o(.text))
<BR>[Address Reference Count : 1]<UL><LI> startup_stm32g474xx.o(RESET)
</UL>
<P><STRONG><a name="[37]"></a>RTC_Alarm_IRQHandler</STRONG> (Thumb, 0 bytes, Stack size 0 bytes, startup_stm32g474xx.o(.text))
<BR>[Address Reference Count : 1]<UL><LI> startup_stm32g474xx.o(RESET)
</UL>
<P><STRONG><a name="[10]"></a>RTC_TAMP_LSECSS_IRQHandler</STRONG> (Thumb, 0 bytes, Stack size 0 bytes, startup_stm32g474xx.o(.text))
<BR>[Address Reference Count : 1]<UL><LI> startup_stm32g474xx.o(RESET)
</UL>
<P><STRONG><a name="[11]"></a>RTC_WKUP_IRQHandler</STRONG> (Thumb, 0 bytes, Stack size 0 bytes, startup_stm32g474xx.o(.text))
<BR>[Address Reference Count : 1]<UL><LI> startup_stm32g474xx.o(RESET)
</UL>
<P><STRONG><a name="[5a]"></a>SAI1_IRQHandler</STRONG> (Thumb, 0 bytes, Stack size 0 bytes, startup_stm32g474xx.o(.text))
<BR>[Address Reference Count : 1]<UL><LI> startup_stm32g474xx.o(RESET)
</UL>
<P><STRONG><a name="[31]"></a>SPI1_IRQHandler</STRONG> (Thumb, 0 bytes, Stack size 0 bytes, startup_stm32g474xx.o(.text))
<BR>[Address Reference Count : 1]<UL><LI> startup_stm32g474xx.o(RESET)
</UL>
<P><STRONG><a name="[32]"></a>SPI2_IRQHandler</STRONG> (Thumb, 0 bytes, Stack size 0 bytes, startup_stm32g474xx.o(.text))
<BR>[Address Reference Count : 1]<UL><LI> startup_stm32g474xx.o(RESET)
</UL>
<P><STRONG><a name="[41]"></a>SPI3_IRQHandler</STRONG> (Thumb, 0 bytes, Stack size 0 bytes, startup_stm32g474xx.o(.text))
<BR>[Address Reference Count : 1]<UL><LI> startup_stm32g474xx.o(RESET)
</UL>
<P><STRONG><a name="[62]"></a>SPI4_IRQHandler</STRONG> (Thumb, 0 bytes, Stack size 0 bytes, startup_stm32g474xx.o(.text))
<BR>[Address Reference Count : 1]<UL><LI> startup_stm32g474xx.o(RESET)
</UL>
<P><STRONG><a name="[26]"></a>TIM1_BRK_TIM15_IRQHandler</STRONG> (Thumb, 0 bytes, Stack size 0 bytes, startup_stm32g474xx.o(.text))
<BR>[Address Reference Count : 1]<UL><LI> startup_stm32g474xx.o(RESET)
</UL>
<P><STRONG><a name="[29]"></a>TIM1_CC_IRQHandler</STRONG> (Thumb, 0 bytes, Stack size 0 bytes, startup_stm32g474xx.o(.text))
<BR>[Address Reference Count : 1]<UL><LI> startup_stm32g474xx.o(RESET)
</UL>
<P><STRONG><a name="[28]"></a>TIM1_TRG_COM_TIM17_IRQHandler</STRONG> (Thumb, 0 bytes, Stack size 0 bytes, startup_stm32g474xx.o(.text))
<BR>[Address Reference Count : 1]<UL><LI> startup_stm32g474xx.o(RESET)
</UL>
<P><STRONG><a name="[27]"></a>TIM1_UP_TIM16_IRQHandler</STRONG> (Thumb, 0 bytes, Stack size 0 bytes, startup_stm32g474xx.o(.text))
<BR>[Address Reference Count : 1]<UL><LI> startup_stm32g474xx.o(RESET)
</UL>
<P><STRONG><a name="[5b]"></a>TIM20_BRK_IRQHandler</STRONG> (Thumb, 0 bytes, Stack size 0 bytes, startup_stm32g474xx.o(.text))
<BR>[Address Reference Count : 1]<UL><LI> startup_stm32g474xx.o(RESET)
</UL>
<P><STRONG><a name="[5e]"></a>TIM20_CC_IRQHandler</STRONG> (Thumb, 0 bytes, Stack size 0 bytes, startup_stm32g474xx.o(.text))
<BR>[Address Reference Count : 1]<UL><LI> startup_stm32g474xx.o(RESET)
</UL>
<P><STRONG><a name="[5d]"></a>TIM20_TRG_COM_IRQHandler</STRONG> (Thumb, 0 bytes, Stack size 0 bytes, startup_stm32g474xx.o(.text))
<BR>[Address Reference Count : 1]<UL><LI> startup_stm32g474xx.o(RESET)
</UL>
<P><STRONG><a name="[5c]"></a>TIM20_UP_IRQHandler</STRONG> (Thumb, 0 bytes, Stack size 0 bytes, startup_stm32g474xx.o(.text))
<BR>[Address Reference Count : 1]<UL><LI> startup_stm32g474xx.o(RESET)
</UL>
<P><STRONG><a name="[40]"></a>TIM5_IRQHandler</STRONG> (Thumb, 0 bytes, Stack size 0 bytes, startup_stm32g474xx.o(.text))
<BR>[Address Reference Count : 1]<UL><LI> startup_stm32g474xx.o(RESET)
</UL>
<P><STRONG><a name="[44]"></a>TIM6_DAC_IRQHandler</STRONG> (Thumb, 0 bytes, Stack size 0 bytes, startup_stm32g474xx.o(.text))
<BR>[Address Reference Count : 1]<UL><LI> startup_stm32g474xx.o(RESET)
</UL>
<P><STRONG><a name="[45]"></a>TIM7_DAC_IRQHandler</STRONG> (Thumb, 0 bytes, Stack size 0 bytes, startup_stm32g474xx.o(.text))
<BR>[Address Reference Count : 1]<UL><LI> startup_stm32g474xx.o(RESET)
</UL>
<P><STRONG><a name="[39]"></a>TIM8_BRK_IRQHandler</STRONG> (Thumb, 0 bytes, Stack size 0 bytes, startup_stm32g474xx.o(.text))
<BR>[Address Reference Count : 1]<UL><LI> startup_stm32g474xx.o(RESET)
</UL>
<P><STRONG><a name="[3c]"></a>TIM8_CC_IRQHandler</STRONG> (Thumb, 0 bytes, Stack size 0 bytes, startup_stm32g474xx.o(.text))
<BR>[Address Reference Count : 1]<UL><LI> startup_stm32g474xx.o(RESET)
</UL>
<P><STRONG><a name="[3b]"></a>TIM8_TRG_COM_IRQHandler</STRONG> (Thumb, 0 bytes, Stack size 0 bytes, startup_stm32g474xx.o(.text))
<BR>[Address Reference Count : 1]<UL><LI> startup_stm32g474xx.o(RESET)
</UL>
<P><STRONG><a name="[3a]"></a>TIM8_UP_IRQHandler</STRONG> (Thumb, 0 bytes, Stack size 0 bytes, startup_stm32g474xx.o(.text))
<BR>[Address Reference Count : 1]<UL><LI> startup_stm32g474xx.o(RESET)
</UL>
<P><STRONG><a name="[42]"></a>UART4_IRQHandler</STRONG> (Thumb, 0 bytes, Stack size 0 bytes, startup_stm32g474xx.o(.text))
<BR>[Address Reference Count : 1]<UL><LI> startup_stm32g474xx.o(RESET)
</UL>
<P><STRONG><a name="[43]"></a>UART5_IRQHandler</STRONG> (Thumb, 0 bytes, Stack size 0 bytes, startup_stm32g474xx.o(.text))
<BR>[Address Reference Count : 1]<UL><LI> startup_stm32g474xx.o(RESET)
</UL>
<P><STRONG><a name="[4d]"></a>UCPD1_IRQHandler</STRONG> (Thumb, 0 bytes, Stack size 0 bytes, startup_stm32g474xx.o(.text))
<BR>[Address Reference Count : 1]<UL><LI> startup_stm32g474xx.o(RESET)
</UL>
<P><STRONG><a name="[33]"></a>USART1_IRQHandler</STRONG> (Thumb, 0 bytes, Stack size 0 bytes, startup_stm32g474xx.o(.text))
<BR>[Address Reference Count : 1]<UL><LI> startup_stm32g474xx.o(RESET)
</UL>
<P><STRONG><a name="[34]"></a>USART2_IRQHandler</STRONG> (Thumb, 0 bytes, Stack size 0 bytes, startup_stm32g474xx.o(.text))
<BR>[Address Reference Count : 1]<UL><LI> startup_stm32g474xx.o(RESET)
</UL>
<P><STRONG><a name="[35]"></a>USART3_IRQHandler</STRONG> (Thumb, 0 bytes, Stack size 0 bytes, startup_stm32g474xx.o(.text))
<BR>[Address Reference Count : 1]<UL><LI> startup_stm32g474xx.o(RESET)
</UL>
<P><STRONG><a name="[38]"></a>USBWakeUp_IRQHandler</STRONG> (Thumb, 0 bytes, Stack size 0 bytes, startup_stm32g474xx.o(.text))
<BR>[Address Reference Count : 1]<UL><LI> startup_stm32g474xx.o(RESET)
</UL>
<P><STRONG><a name="[21]"></a>USB_HP_IRQHandler</STRONG> (Thumb, 0 bytes, Stack size 0 bytes, startup_stm32g474xx.o(.text))
<BR>[Address Reference Count : 1]<UL><LI> startup_stm32g474xx.o(RESET)
</UL>
<P><STRONG><a name="[22]"></a>USB_LP_IRQHandler</STRONG> (Thumb, 0 bytes, Stack size 0 bytes, startup_stm32g474xx.o(.text))
<BR>[Address Reference Count : 1]<UL><LI> startup_stm32g474xx.o(RESET)
</UL>
<P><STRONG><a name="[e]"></a>WWDG_IRQHandler</STRONG> (Thumb, 0 bytes, Stack size 0 bytes, startup_stm32g474xx.o(.text))
<BR>[Address Reference Count : 1]<UL><LI> startup_stm32g474xx.o(RESET)
</UL>
<P><STRONG><a name="[92]"></a>__user_initial_stackheap</STRONG> (Thumb, 0 bytes, Stack size unknown bytes, startup_stm32g474xx.o(.text))
<BR><BR>[Called By]<UL><LI><a href="#[87]">&gt;&gt;</a>&nbsp;&nbsp;&nbsp;__user_setup_stackheap
</UL>

<P><STRONG><a name="[193]"></a>__aeabi_uldivmod</STRONG> (Thumb, 0 bytes, Stack size 48 bytes, lludivv7m.o(.text))
<BR><BR>[Stack]<UL><LI>Max Depth = 48<LI>Call Chain = __aeabi_uldivmod
</UL>
<BR>[Called By]<UL><LI><a href="#[15b]">&gt;&gt;</a>&nbsp;&nbsp;&nbsp;UART_SetConfig
</UL>

<P><STRONG><a name="[1bb]"></a>_ll_udiv</STRONG> (Thumb, 238 bytes, Stack size 48 bytes, lludivv7m.o(.text), UNUSED)

<P><STRONG><a name="[d3]"></a>__aeabi_memclr4</STRONG> (Thumb, 0 bytes, Stack size 4 bytes, rt_memclr_w.o(.text))
<BR><BR>[Stack]<UL><LI>Max Depth = 4<LI>Call Chain = __aeabi_memclr4
</UL>
<BR>[Called By]<UL><LI><a href="#[eb]">&gt;&gt;</a>&nbsp;&nbsp;&nbsp;HAL_FDCAN_MspInit
<LI><a href="#[d1]">&gt;&gt;</a>&nbsp;&nbsp;&nbsp;HAL_ADC_MspInit
<LI><a href="#[185]">&gt;&gt;</a>&nbsp;&nbsp;&nbsp;MX_TIM5_Init
<LI><a href="#[17f]">&gt;&gt;</a>&nbsp;&nbsp;&nbsp;MX_HRTIM1_Init
<LI><a href="#[17e]">&gt;&gt;</a>&nbsp;&nbsp;&nbsp;MX_GPIO_Init
<LI><a href="#[17b]">&gt;&gt;</a>&nbsp;&nbsp;&nbsp;MX_ADC5_Init
<LI><a href="#[17a]">&gt;&gt;</a>&nbsp;&nbsp;&nbsp;MX_ADC4_Init
<LI><a href="#[179]">&gt;&gt;</a>&nbsp;&nbsp;&nbsp;MX_ADC3_Init
<LI><a href="#[178]">&gt;&gt;</a>&nbsp;&nbsp;&nbsp;MX_ADC2_Init
<LI><a href="#[18f]">&gt;&gt;</a>&nbsp;&nbsp;&nbsp;SystemClock_Config
<LI><a href="#[159]">&gt;&gt;</a>&nbsp;&nbsp;&nbsp;HAL_UART_MspInit
<LI><a href="#[13c]">&gt;&gt;</a>&nbsp;&nbsp;&nbsp;HAL_TIM_MspPostInit
<LI><a href="#[11a]">&gt;&gt;</a>&nbsp;&nbsp;&nbsp;HAL_OPAMP_MspInit
<LI><a href="#[ff]">&gt;&gt;</a>&nbsp;&nbsp;&nbsp;HAL_HRTIM_MspPostInit
</UL>

<P><STRONG><a name="[1bc]"></a>__aeabi_memclr8</STRONG> (Thumb, 0 bytes, Stack size 4 bytes, rt_memclr_w.o(.text), UNUSED)

<P><STRONG><a name="[1bd]"></a>__rt_memclr_w</STRONG> (Thumb, 78 bytes, Stack size 4 bytes, rt_memclr_w.o(.text), UNUSED)

<P><STRONG><a name="[1be]"></a>_memset_w</STRONG> (Thumb, 0 bytes, Stack size unknown bytes, rt_memclr_w.o(.text), UNUSED)

<P><STRONG><a name="[1bf]"></a>__use_two_region_memory</STRONG> (Thumb, 2 bytes, Stack size 0 bytes, heapauxi.o(.text), UNUSED)

<P><STRONG><a name="[1c0]"></a>__rt_heap_escrow$2region</STRONG> (Thumb, 2 bytes, Stack size 0 bytes, heapauxi.o(.text), UNUSED)

<P><STRONG><a name="[1c1]"></a>__rt_heap_expand$2region</STRONG> (Thumb, 2 bytes, Stack size 0 bytes, heapauxi.o(.text), UNUSED)

<P><STRONG><a name="[1c2]"></a>__user_libspace</STRONG> (Thumb, 8 bytes, Stack size 0 bytes, libspace.o(.text), UNUSED)

<P><STRONG><a name="[91]"></a>__user_perproc_libspace</STRONG> (Thumb, 0 bytes, Stack size 0 bytes, libspace.o(.text))
<BR><BR>[Called By]<UL><LI><a href="#[87]">&gt;&gt;</a>&nbsp;&nbsp;&nbsp;__user_setup_stackheap
</UL>

<P><STRONG><a name="[1c3]"></a>__user_perthread_libspace</STRONG> (Thumb, 0 bytes, Stack size 0 bytes, libspace.o(.text), UNUSED)

<P><STRONG><a name="[87]"></a>__user_setup_stackheap</STRONG> (Thumb, 74 bytes, Stack size 8 bytes, sys_stackheap_outer.o(.text))
<BR><BR>[Stack]<UL><LI>Max Depth = 8 + Unknown Stack Size
<LI>Call Chain = __user_setup_stackheap
</UL>
<BR>[Calls]<UL><LI><a href="#[92]">&gt;&gt;</a>&nbsp;&nbsp;&nbsp;__user_initial_stackheap
<LI><a href="#[91]">&gt;&gt;</a>&nbsp;&nbsp;&nbsp;__user_perproc_libspace
</UL>
<BR>[Called By]<UL><LI><a href="#[86]">&gt;&gt;</a>&nbsp;&nbsp;&nbsp;__rt_entry_sh
</UL>

<P><STRONG><a name="[8c]"></a>exit</STRONG> (Thumb, 18 bytes, Stack size 8 bytes, exit.o(.text))
<BR><BR>[Stack]<UL><LI>Max Depth = 8 + Unknown Stack Size
<LI>Call Chain = exit
</UL>
<BR>[Calls]<UL><LI><a href="#[93]">&gt;&gt;</a>&nbsp;&nbsp;&nbsp;__rt_exit
</UL>
<BR>[Called By]<UL><LI><a href="#[8a]">&gt;&gt;</a>&nbsp;&nbsp;&nbsp;__rt_entry_main
</UL>

<P><STRONG><a name="[90]"></a>_sys_exit</STRONG> (Thumb, 8 bytes, Stack size 0 bytes, sys_exit.o(.text))
<BR><BR>[Called By]<UL><LI><a href="#[8f]">&gt;&gt;</a>&nbsp;&nbsp;&nbsp;__rt_exit_exit
</UL>

<P><STRONG><a name="[1c4]"></a>__I$use$semihosting</STRONG> (Thumb, 0 bytes, Stack size 0 bytes, use_no_semi.o(.text), UNUSED)

<P><STRONG><a name="[1c5]"></a>__use_no_semihosting_swi</STRONG> (Thumb, 2 bytes, Stack size 0 bytes, use_no_semi.o(.text), UNUSED)

<P><STRONG><a name="[1c6]"></a>__semihosting_library_function</STRONG> (Thumb, 0 bytes, Stack size 0 bytes, indicate_semi.o(.text), UNUSED)

<P><STRONG><a name="[9b]"></a>low_filter_calc</STRONG> (Thumb, 52 bytes, Stack size 0 bytes, fliter.o(ccmram))
<BR><BR>[Called By]<UL><LI><a href="#[9d]">&gt;&gt;</a>&nbsp;&nbsp;&nbsp;ADC4_dispose
<LI><a href="#[9c]">&gt;&gt;</a>&nbsp;&nbsp;&nbsp;ADC3_dispose
<LI><a href="#[9a]">&gt;&gt;</a>&nbsp;&nbsp;&nbsp;ADC2_dispose
</UL>

<P><STRONG><a name="[94]"></a>All_pid_clean</STRONG> (Thumb, 58 bytes, Stack size 8 bytes, power_control_fox.o(ccmram))
<BR><BR>[Stack]<UL><LI>Max Depth = 8<LI>Call Chain = All_pid_clean
</UL>
<BR>[Calls]<UL><LI><a href="#[95]">&gt;&gt;</a>&nbsp;&nbsp;&nbsp;PID_clear
</UL>
<BR>[Called By]<UL><LI><a href="#[99]">&gt;&gt;</a>&nbsp;&nbsp;&nbsp;BuckBoostVLoopCtlPID
<LI><a href="#[18b]">&gt;&gt;</a>&nbsp;&nbsp;&nbsp;StateMRise
</UL>

<P><STRONG><a name="[96]"></a>Buck_Boost_mix_pid</STRONG> (Thumb, 462 bytes, Stack size 8 bytes, power_control_fox.o(ccmram))
<BR><BR>[Stack]<UL><LI>Max Depth = 8<LI>Call Chain = Buck_Boost_mix_pid
</UL>
<BR>[Calls]<UL><LI><a href="#[97]">&gt;&gt;</a>&nbsp;&nbsp;&nbsp;PID_calc
</UL>
<BR>[Called By]<UL><LI><a href="#[99]">&gt;&gt;</a>&nbsp;&nbsp;&nbsp;BuckBoostVLoopCtlPID
</UL>

<P><STRONG><a name="[98]"></a>Buck_pid</STRONG> (Thumb, 346 bytes, Stack size 8 bytes, power_control_fox.o(ccmram))
<BR><BR>[Stack]<UL><LI>Max Depth = 8<LI>Call Chain = Buck_pid
</UL>
<BR>[Calls]<UL><LI><a href="#[97]">&gt;&gt;</a>&nbsp;&nbsp;&nbsp;PID_calc
</UL>
<BR>[Called By]<UL><LI><a href="#[99]">&gt;&gt;</a>&nbsp;&nbsp;&nbsp;BuckBoostVLoopCtlPID
</UL>

<P><STRONG><a name="[99]"></a>BuckBoostVLoopCtlPID</STRONG> (Thumb, 254 bytes, Stack size 8 bytes, power_control_fox.o(ccmram))
<BR><BR>[Stack]<UL><LI>Max Depth = 16<LI>Call Chain = BuckBoostVLoopCtlPID &rArr; Buck_pid
</UL>
<BR>[Calls]<UL><LI><a href="#[98]">&gt;&gt;</a>&nbsp;&nbsp;&nbsp;Buck_pid
<LI><a href="#[96]">&gt;&gt;</a>&nbsp;&nbsp;&nbsp;Buck_Boost_mix_pid
<LI><a href="#[94]">&gt;&gt;</a>&nbsp;&nbsp;&nbsp;All_pid_clean
</UL>
<BR>[Called By]<UL><LI><a href="#[51]">&gt;&gt;</a>&nbsp;&nbsp;&nbsp;HRTIM1_Master_IRQHandler
</UL>

<P><STRONG><a name="[97]"></a>PID_calc</STRONG> (Thumb, 258 bytes, Stack size 0 bytes, pid.o(ccmram))
<BR><BR>[Called By]<UL><LI><a href="#[98]">&gt;&gt;</a>&nbsp;&nbsp;&nbsp;Buck_pid
<LI><a href="#[96]">&gt;&gt;</a>&nbsp;&nbsp;&nbsp;Buck_Boost_mix_pid
</UL>

<P><STRONG><a name="[95]"></a>PID_clear</STRONG> (Thumb, 64 bytes, Stack size 0 bytes, pid.o(ccmram))
<BR><BR>[Called By]<UL><LI><a href="#[188]">&gt;&gt;</a>&nbsp;&nbsp;&nbsp;Pid_Init
<LI><a href="#[94]">&gt;&gt;</a>&nbsp;&nbsp;&nbsp;All_pid_clean
</UL>

<P><STRONG><a name="[15f]"></a>ADC1_dispose</STRONG> (Thumb, 56 bytes, Stack size 0 bytes, adc_.o(i.ADC1_dispose))
<BR><BR>[Called By]<UL><LI><a href="#[51]">&gt;&gt;</a>&nbsp;&nbsp;&nbsp;HRTIM1_Master_IRQHandler
</UL>

<P><STRONG><a name="[9a]"></a>ADC2_dispose</STRONG> (Thumb, 74 bytes, Stack size 8 bytes, adc_.o(i.ADC2_dispose))
<BR><BR>[Stack]<UL><LI>Max Depth = 8<LI>Call Chain = ADC2_dispose
</UL>
<BR>[Calls]<UL><LI><a href="#[9b]">&gt;&gt;</a>&nbsp;&nbsp;&nbsp;low_filter_calc
</UL>
<BR>[Called By]<UL><LI><a href="#[51]">&gt;&gt;</a>&nbsp;&nbsp;&nbsp;HRTIM1_Master_IRQHandler
</UL>

<P><STRONG><a name="[9c]"></a>ADC3_dispose</STRONG> (Thumb, 144 bytes, Stack size 8 bytes, adc_.o(i.ADC3_dispose))
<BR><BR>[Stack]<UL><LI>Max Depth = 8<LI>Call Chain = ADC3_dispose
</UL>
<BR>[Calls]<UL><LI><a href="#[9b]">&gt;&gt;</a>&nbsp;&nbsp;&nbsp;low_filter_calc
</UL>
<BR>[Called By]<UL><LI><a href="#[51]">&gt;&gt;</a>&nbsp;&nbsp;&nbsp;HRTIM1_Master_IRQHandler
</UL>

<P><STRONG><a name="[9d]"></a>ADC4_dispose</STRONG> (Thumb, 74 bytes, Stack size 8 bytes, adc_.o(i.ADC4_dispose))
<BR><BR>[Stack]<UL><LI>Max Depth = 8<LI>Call Chain = ADC4_dispose
</UL>
<BR>[Calls]<UL><LI><a href="#[9b]">&gt;&gt;</a>&nbsp;&nbsp;&nbsp;low_filter_calc
</UL>
<BR>[Called By]<UL><LI><a href="#[51]">&gt;&gt;</a>&nbsp;&nbsp;&nbsp;HRTIM1_Master_IRQHandler
</UL>

<P><STRONG><a name="[79]"></a>ADC_DMAConvCplt</STRONG> (Thumb, 146 bytes, Stack size 16 bytes, stm32g4xx_hal_adc.o(i.ADC_DMAConvCplt))
<BR><BR>[Stack]<UL><LI>Max Depth = 16<LI>Call Chain = ADC_DMAConvCplt
</UL>
<BR>[Calls]<UL><LI><a href="#[a0]">&gt;&gt;</a>&nbsp;&nbsp;&nbsp;HAL_ADC_ErrorCallback
<LI><a href="#[9f]">&gt;&gt;</a>&nbsp;&nbsp;&nbsp;HAL_ADC_ConvCpltCallback
<LI><a href="#[9e]">&gt;&gt;</a>&nbsp;&nbsp;&nbsp;LL_ADC_REG_IsTriggerSourceSWStart
</UL>
<BR>[Address Reference Count : 1]<UL><LI> stm32g4xx_hal_adc.o(i.HAL_ADC_Start_DMA)
</UL>
<P><STRONG><a name="[7b]"></a>ADC_DMAError</STRONG> (Thumb, 30 bytes, Stack size 16 bytes, stm32g4xx_hal_adc.o(i.ADC_DMAError))
<BR><BR>[Stack]<UL><LI>Max Depth = 16<LI>Call Chain = ADC_DMAError
</UL>
<BR>[Calls]<UL><LI><a href="#[a0]">&gt;&gt;</a>&nbsp;&nbsp;&nbsp;HAL_ADC_ErrorCallback
</UL>
<BR>[Address Reference Count : 1]<UL><LI> stm32g4xx_hal_adc.o(i.HAL_ADC_Start_DMA)
</UL>
<P><STRONG><a name="[7a]"></a>ADC_DMAHalfConvCplt</STRONG> (Thumb, 14 bytes, Stack size 16 bytes, stm32g4xx_hal_adc.o(i.ADC_DMAHalfConvCplt))
<BR><BR>[Stack]<UL><LI>Max Depth = 16<LI>Call Chain = ADC_DMAHalfConvCplt
</UL>
<BR>[Calls]<UL><LI><a href="#[a1]">&gt;&gt;</a>&nbsp;&nbsp;&nbsp;HAL_ADC_ConvHalfCpltCallback
</UL>
<BR>[Address Reference Count : 1]<UL><LI> stm32g4xx_hal_adc.o(i.HAL_ADC_Start_DMA)
</UL>
<P><STRONG><a name="[a2]"></a>ADC_Disable</STRONG> (Thumb, 142 bytes, Stack size 16 bytes, stm32g4xx_hal_adc.o(i.ADC_Disable))
<BR><BR>[Stack]<UL><LI>Max Depth = 16<LI>Call Chain = ADC_Disable
</UL>
<BR>[Calls]<UL><LI><a href="#[a5]">&gt;&gt;</a>&nbsp;&nbsp;&nbsp;HAL_GetTick
<LI><a href="#[a4]">&gt;&gt;</a>&nbsp;&nbsp;&nbsp;LL_ADC_IsEnabled
<LI><a href="#[a3]">&gt;&gt;</a>&nbsp;&nbsp;&nbsp;LL_ADC_IsDisableOngoing
</UL>
<BR>[Called By]<UL><LI><a href="#[ab]">&gt;&gt;</a>&nbsp;&nbsp;&nbsp;HAL_ADCEx_Calibration_Start
</UL>

<P><STRONG><a name="[a6]"></a>ADC_Enable</STRONG> (Thumb, 200 bytes, Stack size 16 bytes, stm32g4xx_hal_adc.o(i.ADC_Enable))
<BR><BR>[Stack]<UL><LI>Max Depth = 16<LI>Call Chain = ADC_Enable
</UL>
<BR>[Calls]<UL><LI><a href="#[a5]">&gt;&gt;</a>&nbsp;&nbsp;&nbsp;HAL_GetTick
<LI><a href="#[a4]">&gt;&gt;</a>&nbsp;&nbsp;&nbsp;LL_ADC_IsEnabled
<LI><a href="#[a8]">&gt;&gt;</a>&nbsp;&nbsp;&nbsp;LL_ADC_GetCommonPathInternalCh
<LI><a href="#[a7]">&gt;&gt;</a>&nbsp;&nbsp;&nbsp;LL_ADC_Enable
</UL>
<BR>[Called By]<UL><LI><a href="#[ac]">&gt;&gt;</a>&nbsp;&nbsp;&nbsp;HAL_ADC_Start_DMA
</UL>

<P><STRONG><a name="[a9]"></a>ADC_init</STRONG> (Thumb, 158 bytes, Stack size 8 bytes, adc_.o(i.ADC_init))
<BR><BR>[Stack]<UL><LI>Max Depth = 68<LI>Call Chain = ADC_init &rArr; HAL_ADC_Start_DMA &rArr; HAL_DMA_Start_IT &rArr; DMA_SetConfig
</UL>
<BR>[Calls]<UL><LI><a href="#[aa]">&gt;&gt;</a>&nbsp;&nbsp;&nbsp;low_filter_init
<LI><a href="#[ac]">&gt;&gt;</a>&nbsp;&nbsp;&nbsp;HAL_ADC_Start_DMA
<LI><a href="#[ab]">&gt;&gt;</a>&nbsp;&nbsp;&nbsp;HAL_ADCEx_Calibration_Start
</UL>
<BR>[Called By]<UL><LI><a href="#[8b]">&gt;&gt;</a>&nbsp;&nbsp;&nbsp;main
</UL>

<P><STRONG><a name="[14e]"></a>Buck_Boost_Status</STRONG> (Thumb, 296 bytes, Stack size 0 bytes, function.o(i.Buck_Boost_Status))
<BR><BR>[Called By]<UL><LI><a href="#[133]">&gt;&gt;</a>&nbsp;&nbsp;&nbsp;HAL_TIM_PeriodElapsedCallback
</UL>

<P><STRONG><a name="[8]"></a>BusFault_Handler</STRONG> (Thumb, 4 bytes, Stack size 0 bytes, stm32g4xx_it.o(i.BusFault_Handler))
<BR>[Address Reference Count : 1]<UL><LI> startup_stm32g474xx.o(RESET)
</UL>
<P><STRONG><a name="[151]"></a>Buzzer_error</STRONG> (Thumb, 128 bytes, Stack size 0 bytes, function.o(i.Buzzer_error))
<BR><BR>[Called By]<UL><LI><a href="#[133]">&gt;&gt;</a>&nbsp;&nbsp;&nbsp;HAL_TIM_PeriodElapsedCallback
</UL>

<P><STRONG><a name="[b]"></a>DebugMon_Handler</STRONG> (Thumb, 2 bytes, Stack size 0 bytes, stm32g4xx_it.o(i.DebugMon_Handler))
<BR>[Address Reference Count : 1]<UL><LI> startup_stm32g474xx.o(RESET)
</UL>
<P><STRONG><a name="[b4]"></a>Error_Handler</STRONG> (Thumb, 6 bytes, Stack size 0 bytes, main.o(i.Error_Handler))
<BR><BR>[Called By]<UL><LI><a href="#[eb]">&gt;&gt;</a>&nbsp;&nbsp;&nbsp;HAL_FDCAN_MspInit
<LI><a href="#[d1]">&gt;&gt;</a>&nbsp;&nbsp;&nbsp;HAL_ADC_MspInit
<LI><a href="#[186]">&gt;&gt;</a>&nbsp;&nbsp;&nbsp;MX_USART1_UART_Init
<LI><a href="#[185]">&gt;&gt;</a>&nbsp;&nbsp;&nbsp;MX_TIM5_Init
<LI><a href="#[184]">&gt;&gt;</a>&nbsp;&nbsp;&nbsp;MX_TIM4_Init
<LI><a href="#[183]">&gt;&gt;</a>&nbsp;&nbsp;&nbsp;MX_TIM3_Init
<LI><a href="#[182]">&gt;&gt;</a>&nbsp;&nbsp;&nbsp;MX_TIM2_Init
<LI><a href="#[181]">&gt;&gt;</a>&nbsp;&nbsp;&nbsp;MX_OPAMP4_Init
<LI><a href="#[180]">&gt;&gt;</a>&nbsp;&nbsp;&nbsp;MX_OPAMP2_Init
<LI><a href="#[17f]">&gt;&gt;</a>&nbsp;&nbsp;&nbsp;MX_HRTIM1_Init
<LI><a href="#[17d]">&gt;&gt;</a>&nbsp;&nbsp;&nbsp;MX_FMAC_Init
<LI><a href="#[17c]">&gt;&gt;</a>&nbsp;&nbsp;&nbsp;MX_FDCAN3_Init
<LI><a href="#[17b]">&gt;&gt;</a>&nbsp;&nbsp;&nbsp;MX_ADC5_Init
<LI><a href="#[17a]">&gt;&gt;</a>&nbsp;&nbsp;&nbsp;MX_ADC4_Init
<LI><a href="#[179]">&gt;&gt;</a>&nbsp;&nbsp;&nbsp;MX_ADC3_Init
<LI><a href="#[178]">&gt;&gt;</a>&nbsp;&nbsp;&nbsp;MX_ADC2_Init
<LI><a href="#[b1]">&gt;&gt;</a>&nbsp;&nbsp;&nbsp;FDCAN_Config_Filter
<LI><a href="#[18f]">&gt;&gt;</a>&nbsp;&nbsp;&nbsp;SystemClock_Config
<LI><a href="#[159]">&gt;&gt;</a>&nbsp;&nbsp;&nbsp;HAL_UART_MspInit
<LI><a href="#[f3]">&gt;&gt;</a>&nbsp;&nbsp;&nbsp;HAL_FMAC_MspInit
</UL>

<P><STRONG><a name="[65]"></a>FDCAN3_IT0_IRQHandler</STRONG> (Thumb, 10 bytes, Stack size 8 bytes, stm32g4xx_it.o(i.FDCAN3_IT0_IRQHandler))
<BR><BR>[Stack]<UL><LI>Max Depth = 120<LI>Call Chain = FDCAN3_IT0_IRQHandler &rArr; HAL_FDCAN_IRQHandler &rArr; HAL_FDCAN_RxFifo0Callback &rArr; HAL_FDCAN_GetRxMessage
</UL>
<BR>[Calls]<UL><LI><a href="#[ad]">&gt;&gt;</a>&nbsp;&nbsp;&nbsp;HAL_FDCAN_IRQHandler
</UL>
<BR>[Address Reference Count : 1]<UL><LI> startup_stm32g474xx.o(RESET)
</UL>
<P><STRONG><a name="[ae]"></a>FDCAN3_Send_Msg</STRONG> (Thumb, 48 bytes, Stack size 48 bytes, fdcan_init.o(i.FDCAN3_Send_Msg))
<BR><BR>[Stack]<UL><LI>Max Depth = 96<LI>Call Chain = FDCAN3_Send_Msg &rArr; HAL_FDCAN_AddMessageToTxFifoQ &rArr; FDCAN_CopyMessageToRAM
</UL>
<BR>[Calls]<UL><LI><a href="#[af]">&gt;&gt;</a>&nbsp;&nbsp;&nbsp;HAL_FDCAN_AddMessageToTxFifoQ
</UL>
<BR>[Called By]<UL><LI><a href="#[b0]">&gt;&gt;</a>&nbsp;&nbsp;&nbsp;FDCAN3_Send_PowerInfo
</UL>

<P><STRONG><a name="[b0]"></a>FDCAN3_Send_PowerInfo</STRONG> (Thumb, 28 bytes, Stack size 24 bytes, fdcan_init.o(i.FDCAN3_Send_PowerInfo))
<BR><BR>[Stack]<UL><LI>Max Depth = 120<LI>Call Chain = FDCAN3_Send_PowerInfo &rArr; FDCAN3_Send_Msg &rArr; HAL_FDCAN_AddMessageToTxFifoQ &rArr; FDCAN_CopyMessageToRAM
</UL>
<BR>[Calls]<UL><LI><a href="#[ae]">&gt;&gt;</a>&nbsp;&nbsp;&nbsp;FDCAN3_Send_Msg
</UL>
<BR>[Called By]<UL><LI><a href="#[133]">&gt;&gt;</a>&nbsp;&nbsp;&nbsp;HAL_TIM_PeriodElapsedCallback
</UL>

<P><STRONG><a name="[b1]"></a>FDCAN_Config_Filter</STRONG> (Thumb, 62 bytes, Stack size 32 bytes, fdcan_init.o(i.FDCAN_Config_Filter))
<BR><BR>[Stack]<UL><LI>Max Depth = 64<LI>Call Chain = FDCAN_Config_Filter &rArr; HAL_FDCAN_ConfigFilter
</UL>
<BR>[Calls]<UL><LI><a href="#[b4]">&gt;&gt;</a>&nbsp;&nbsp;&nbsp;Error_Handler
<LI><a href="#[b5]">&gt;&gt;</a>&nbsp;&nbsp;&nbsp;HAL_FDCAN_Start
<LI><a href="#[b2]">&gt;&gt;</a>&nbsp;&nbsp;&nbsp;HAL_FDCAN_ConfigFilter
<LI><a href="#[b3]">&gt;&gt;</a>&nbsp;&nbsp;&nbsp;HAL_FDCAN_ActivateNotification
</UL>
<BR>[Called By]<UL><LI><a href="#[8b]">&gt;&gt;</a>&nbsp;&nbsp;&nbsp;main
</UL>

<P><STRONG><a name="[ab]"></a>HAL_ADCEx_Calibration_Start</STRONG> (Thumb, 236 bytes, Stack size 24 bytes, stm32g4xx_hal_adc_ex.o(i.HAL_ADCEx_Calibration_Start))
<BR><BR>[Stack]<UL><LI>Max Depth = 40<LI>Call Chain = HAL_ADCEx_Calibration_Start &rArr; ADC_Disable
</UL>
<BR>[Calls]<UL><LI><a href="#[be]">&gt;&gt;</a>&nbsp;&nbsp;&nbsp;assert_failed
<LI><a href="#[a2]">&gt;&gt;</a>&nbsp;&nbsp;&nbsp;ADC_Disable
</UL>
<BR>[Called By]<UL><LI><a href="#[a9]">&gt;&gt;</a>&nbsp;&nbsp;&nbsp;ADC_init
</UL>

<P><STRONG><a name="[c4]"></a>HAL_ADCEx_MultiModeConfigChannel</STRONG> (Thumb, 632 bytes, Stack size 136 bytes, stm32g4xx_hal_adc_ex.o(i.HAL_ADCEx_MultiModeConfigChannel))
<BR><BR>[Stack]<UL><LI>Max Depth = 136<LI>Call Chain = HAL_ADCEx_MultiModeConfigChannel
</UL>
<BR>[Calls]<UL><LI><a href="#[be]">&gt;&gt;</a>&nbsp;&nbsp;&nbsp;assert_failed
<LI><a href="#[c5]">&gt;&gt;</a>&nbsp;&nbsp;&nbsp;LL_ADC_REG_IsConversionOngoing
<LI><a href="#[c6]">&gt;&gt;</a>&nbsp;&nbsp;&nbsp;LL_ADC_IsEnabled
</UL>
<BR>[Called By]<UL><LI><a href="#[179]">&gt;&gt;</a>&nbsp;&nbsp;&nbsp;MX_ADC3_Init
</UL>

<P><STRONG><a name="[c7]"></a>HAL_ADC_ConfigChannel</STRONG> (Thumb, 2758 bytes, Stack size 40 bytes, stm32g4xx_hal_adc.o(i.HAL_ADC_ConfigChannel))
<BR><BR>[Stack]<UL><LI>Max Depth = 56<LI>Call Chain = HAL_ADC_ConfigChannel &rArr; LL_ADC_SetChannelSamplingTime
</UL>
<BR>[Calls]<UL><LI><a href="#[be]">&gt;&gt;</a>&nbsp;&nbsp;&nbsp;assert_failed
<LI><a href="#[cc]">&gt;&gt;</a>&nbsp;&nbsp;&nbsp;LL_ADC_SetSamplingTimeCommonConfig
<LI><a href="#[ce]">&gt;&gt;</a>&nbsp;&nbsp;&nbsp;LL_ADC_SetOffsetState
<LI><a href="#[cf]">&gt;&gt;</a>&nbsp;&nbsp;&nbsp;LL_ADC_SetCommonPathInternalCh
<LI><a href="#[cb]">&gt;&gt;</a>&nbsp;&nbsp;&nbsp;LL_ADC_SetChannelSamplingTime
<LI><a href="#[c9]">&gt;&gt;</a>&nbsp;&nbsp;&nbsp;LL_ADC_REG_IsConversionOngoing
<LI><a href="#[a4]">&gt;&gt;</a>&nbsp;&nbsp;&nbsp;LL_ADC_IsEnabled
<LI><a href="#[ca]">&gt;&gt;</a>&nbsp;&nbsp;&nbsp;LL_ADC_INJ_IsConversionOngoing
<LI><a href="#[c8]">&gt;&gt;</a>&nbsp;&nbsp;&nbsp;LL_ADC_GetResolution
<LI><a href="#[cd]">&gt;&gt;</a>&nbsp;&nbsp;&nbsp;LL_ADC_GetOffsetChannel
<LI><a href="#[a8]">&gt;&gt;</a>&nbsp;&nbsp;&nbsp;LL_ADC_GetCommonPathInternalCh
</UL>
<BR>[Called By]<UL><LI><a href="#[17b]">&gt;&gt;</a>&nbsp;&nbsp;&nbsp;MX_ADC5_Init
<LI><a href="#[17a]">&gt;&gt;</a>&nbsp;&nbsp;&nbsp;MX_ADC4_Init
<LI><a href="#[179]">&gt;&gt;</a>&nbsp;&nbsp;&nbsp;MX_ADC3_Init
<LI><a href="#[178]">&gt;&gt;</a>&nbsp;&nbsp;&nbsp;MX_ADC2_Init
</UL>

<P><STRONG><a name="[9f]"></a>HAL_ADC_ConvCpltCallback</STRONG> (Thumb, 2 bytes, Stack size 0 bytes, stm32g4xx_hal_adc.o(i.HAL_ADC_ConvCpltCallback))
<BR><BR>[Called By]<UL><LI><a href="#[79]">&gt;&gt;</a>&nbsp;&nbsp;&nbsp;ADC_DMAConvCplt
</UL>

<P><STRONG><a name="[a1]"></a>HAL_ADC_ConvHalfCpltCallback</STRONG> (Thumb, 2 bytes, Stack size 0 bytes, stm32g4xx_hal_adc.o(i.HAL_ADC_ConvHalfCpltCallback))
<BR><BR>[Called By]<UL><LI><a href="#[7a]">&gt;&gt;</a>&nbsp;&nbsp;&nbsp;ADC_DMAHalfConvCplt
</UL>

<P><STRONG><a name="[a0]"></a>HAL_ADC_ErrorCallback</STRONG> (Thumb, 2 bytes, Stack size 0 bytes, stm32g4xx_hal_adc.o(i.HAL_ADC_ErrorCallback))
<BR><BR>[Called By]<UL><LI><a href="#[7b]">&gt;&gt;</a>&nbsp;&nbsp;&nbsp;ADC_DMAError
<LI><a href="#[79]">&gt;&gt;</a>&nbsp;&nbsp;&nbsp;ADC_DMAConvCplt
</UL>

<P><STRONG><a name="[d0]"></a>HAL_ADC_Init</STRONG> (Thumb, 1884 bytes, Stack size 32 bytes, stm32g4xx_hal_adc.o(i.HAL_ADC_Init))
<BR><BR>[Stack]<UL><LI>Max Depth = 184<LI>Call Chain = HAL_ADC_Init &rArr; HAL_ADC_MspInit &rArr; HAL_RCCEx_PeriphCLKConfig
</UL>
<BR>[Calls]<UL><LI><a href="#[d1]">&gt;&gt;</a>&nbsp;&nbsp;&nbsp;HAL_ADC_MspInit
<LI><a href="#[be]">&gt;&gt;</a>&nbsp;&nbsp;&nbsp;assert_failed
<LI><a href="#[c9]">&gt;&gt;</a>&nbsp;&nbsp;&nbsp;LL_ADC_REG_IsConversionOngoing
<LI><a href="#[d2]">&gt;&gt;</a>&nbsp;&nbsp;&nbsp;LL_ADC_IsInternalRegulatorEnabled
<LI><a href="#[a4]">&gt;&gt;</a>&nbsp;&nbsp;&nbsp;LL_ADC_IsEnabled
<LI><a href="#[ca]">&gt;&gt;</a>&nbsp;&nbsp;&nbsp;LL_ADC_INJ_IsConversionOngoing
</UL>
<BR>[Called By]<UL><LI><a href="#[17b]">&gt;&gt;</a>&nbsp;&nbsp;&nbsp;MX_ADC5_Init
<LI><a href="#[17a]">&gt;&gt;</a>&nbsp;&nbsp;&nbsp;MX_ADC4_Init
<LI><a href="#[179]">&gt;&gt;</a>&nbsp;&nbsp;&nbsp;MX_ADC3_Init
<LI><a href="#[178]">&gt;&gt;</a>&nbsp;&nbsp;&nbsp;MX_ADC2_Init
</UL>

<P><STRONG><a name="[d1]"></a>HAL_ADC_MspInit</STRONG> (Thumb, 642 bytes, Stack size 120 bytes, adc.o(i.HAL_ADC_MspInit))
<BR><BR>[Stack]<UL><LI>Max Depth = 152<LI>Call Chain = HAL_ADC_MspInit &rArr; HAL_RCCEx_PeriphCLKConfig
</UL>
<BR>[Calls]<UL><LI><a href="#[d4]">&gt;&gt;</a>&nbsp;&nbsp;&nbsp;HAL_RCCEx_PeriphCLKConfig
<LI><a href="#[d5]">&gt;&gt;</a>&nbsp;&nbsp;&nbsp;HAL_DMA_Init
<LI><a href="#[d6]">&gt;&gt;</a>&nbsp;&nbsp;&nbsp;HAL_GPIO_Init
<LI><a href="#[b4]">&gt;&gt;</a>&nbsp;&nbsp;&nbsp;Error_Handler
<LI><a href="#[d3]">&gt;&gt;</a>&nbsp;&nbsp;&nbsp;__aeabi_memclr4
</UL>
<BR>[Called By]<UL><LI><a href="#[d0]">&gt;&gt;</a>&nbsp;&nbsp;&nbsp;HAL_ADC_Init
</UL>

<P><STRONG><a name="[ac]"></a>HAL_ADC_Start_DMA</STRONG> (Thumb, 358 bytes, Stack size 24 bytes, stm32g4xx_hal_adc.o(i.HAL_ADC_Start_DMA))
<BR><BR>[Stack]<UL><LI>Max Depth = 60<LI>Call Chain = HAL_ADC_Start_DMA &rArr; HAL_DMA_Start_IT &rArr; DMA_SetConfig
</UL>
<BR>[Calls]<UL><LI><a href="#[be]">&gt;&gt;</a>&nbsp;&nbsp;&nbsp;assert_failed
<LI><a href="#[b7]">&gt;&gt;</a>&nbsp;&nbsp;&nbsp;HAL_DMA_Start_IT
<LI><a href="#[a6]">&gt;&gt;</a>&nbsp;&nbsp;&nbsp;ADC_Enable
<LI><a href="#[d8]">&gt;&gt;</a>&nbsp;&nbsp;&nbsp;LL_ADC_REG_StartConversion
<LI><a href="#[c9]">&gt;&gt;</a>&nbsp;&nbsp;&nbsp;LL_ADC_REG_IsConversionOngoing
<LI><a href="#[d7]">&gt;&gt;</a>&nbsp;&nbsp;&nbsp;LL_ADC_GetMultimode
</UL>
<BR>[Called By]<UL><LI><a href="#[a9]">&gt;&gt;</a>&nbsp;&nbsp;&nbsp;ADC_init
</UL>

<P><STRONG><a name="[d5]"></a>HAL_DMA_Init</STRONG> (Thumb, 568 bytes, Stack size 16 bytes, stm32g4xx_hal_dma.o(i.HAL_DMA_Init))
<BR><BR>[Stack]<UL><LI>Max Depth = 28<LI>Call Chain = HAL_DMA_Init &rArr; DMA_CalcDMAMUXChannelBaseAndMask
</UL>
<BR>[Calls]<UL><LI><a href="#[be]">&gt;&gt;</a>&nbsp;&nbsp;&nbsp;assert_failed
<LI><a href="#[da]">&gt;&gt;</a>&nbsp;&nbsp;&nbsp;DMA_CalcDMAMUXRequestGenBaseAndMask
<LI><a href="#[d9]">&gt;&gt;</a>&nbsp;&nbsp;&nbsp;DMA_CalcDMAMUXChannelBaseAndMask
</UL>
<BR>[Called By]<UL><LI><a href="#[d1]">&gt;&gt;</a>&nbsp;&nbsp;&nbsp;HAL_ADC_MspInit
<LI><a href="#[f3]">&gt;&gt;</a>&nbsp;&nbsp;&nbsp;HAL_FMAC_MspInit
</UL>

<P><STRONG><a name="[b7]"></a>HAL_DMA_Start_IT</STRONG> (Thumb, 214 bytes, Stack size 24 bytes, stm32g4xx_hal_dma.o(i.HAL_DMA_Start_IT))
<BR><BR>[Stack]<UL><LI>Max Depth = 36<LI>Call Chain = HAL_DMA_Start_IT &rArr; DMA_SetConfig
</UL>
<BR>[Calls]<UL><LI><a href="#[be]">&gt;&gt;</a>&nbsp;&nbsp;&nbsp;assert_failed
<LI><a href="#[db]">&gt;&gt;</a>&nbsp;&nbsp;&nbsp;DMA_SetConfig
</UL>
<BR>[Called By]<UL><LI><a href="#[ac]">&gt;&gt;</a>&nbsp;&nbsp;&nbsp;HAL_ADC_Start_DMA
<LI><a href="#[bd]">&gt;&gt;</a>&nbsp;&nbsp;&nbsp;FMAC_FilterConfig
<LI><a href="#[78]">&gt;&gt;</a>&nbsp;&nbsp;&nbsp;FMAC_DMAFilterConfig
<LI><a href="#[b6]">&gt;&gt;</a>&nbsp;&nbsp;&nbsp;FMAC_ConfigFilterOutputBufferUpdateState
</UL>

<P><STRONG><a name="[dc]"></a>HAL_Delay</STRONG> (Thumb, 36 bytes, Stack size 16 bytes, stm32g4xx_hal.o(i.HAL_Delay))
<BR><BR>[Stack]<UL><LI>Max Depth = 16<LI>Call Chain = HAL_Delay
</UL>
<BR>[Calls]<UL><LI><a href="#[a5]">&gt;&gt;</a>&nbsp;&nbsp;&nbsp;HAL_GetTick
</UL>
<BR>[Called By]<UL><LI><a href="#[8b]">&gt;&gt;</a>&nbsp;&nbsp;&nbsp;main
<LI><a href="#[11b]">&gt;&gt;</a>&nbsp;&nbsp;&nbsp;HAL_OPAMP_SelfCalibrate
</UL>

<P><STRONG><a name="[b3]"></a>HAL_FDCAN_ActivateNotification</STRONG> (Thumb, 334 bytes, Stack size 24 bytes, stm32g4xx_hal_fdcan.o(i.HAL_FDCAN_ActivateNotification))
<BR><BR>[Stack]<UL><LI>Max Depth = 24<LI>Call Chain = HAL_FDCAN_ActivateNotification
</UL>
<BR>[Calls]<UL><LI><a href="#[be]">&gt;&gt;</a>&nbsp;&nbsp;&nbsp;assert_failed
</UL>
<BR>[Called By]<UL><LI><a href="#[b1]">&gt;&gt;</a>&nbsp;&nbsp;&nbsp;FDCAN_Config_Filter
</UL>

<P><STRONG><a name="[af]"></a>HAL_FDCAN_AddMessageToTxFifoQ</STRONG> (Thumb, 412 bytes, Stack size 24 bytes, stm32g4xx_hal_fdcan.o(i.HAL_FDCAN_AddMessageToTxFifoQ))
<BR><BR>[Stack]<UL><LI>Max Depth = 48<LI>Call Chain = HAL_FDCAN_AddMessageToTxFifoQ &rArr; FDCAN_CopyMessageToRAM
</UL>
<BR>[Calls]<UL><LI><a href="#[be]">&gt;&gt;</a>&nbsp;&nbsp;&nbsp;assert_failed
<LI><a href="#[dd]">&gt;&gt;</a>&nbsp;&nbsp;&nbsp;FDCAN_CopyMessageToRAM
</UL>
<BR>[Called By]<UL><LI><a href="#[ae]">&gt;&gt;</a>&nbsp;&nbsp;&nbsp;FDCAN3_Send_Msg
</UL>

<P><STRONG><a name="[b2]"></a>HAL_FDCAN_ConfigFilter</STRONG> (Thumb, 378 bytes, Stack size 32 bytes, stm32g4xx_hal_fdcan.o(i.HAL_FDCAN_ConfigFilter))
<BR><BR>[Stack]<UL><LI>Max Depth = 32<LI>Call Chain = HAL_FDCAN_ConfigFilter
</UL>
<BR>[Calls]<UL><LI><a href="#[be]">&gt;&gt;</a>&nbsp;&nbsp;&nbsp;assert_failed
</UL>
<BR>[Called By]<UL><LI><a href="#[b1]">&gt;&gt;</a>&nbsp;&nbsp;&nbsp;FDCAN_Config_Filter
</UL>

<P><STRONG><a name="[e9]"></a>HAL_FDCAN_ErrorCallback</STRONG> (Thumb, 2 bytes, Stack size 0 bytes, stm32g4xx_hal_fdcan.o(i.HAL_FDCAN_ErrorCallback))
<BR><BR>[Called By]<UL><LI><a href="#[ad]">&gt;&gt;</a>&nbsp;&nbsp;&nbsp;HAL_FDCAN_IRQHandler
</UL>

<P><STRONG><a name="[e8]"></a>HAL_FDCAN_ErrorStatusCallback</STRONG> (Thumb, 2 bytes, Stack size 0 bytes, stm32g4xx_hal_fdcan.o(i.HAL_FDCAN_ErrorStatusCallback))
<BR><BR>[Called By]<UL><LI><a href="#[ad]">&gt;&gt;</a>&nbsp;&nbsp;&nbsp;HAL_FDCAN_IRQHandler
</UL>

<P><STRONG><a name="[de]"></a>HAL_FDCAN_GetRxMessage</STRONG> (Thumb, 368 bytes, Stack size 40 bytes, stm32g4xx_hal_fdcan.o(i.HAL_FDCAN_GetRxMessage))
<BR><BR>[Stack]<UL><LI>Max Depth = 40<LI>Call Chain = HAL_FDCAN_GetRxMessage
</UL>
<BR>[Calls]<UL><LI><a href="#[be]">&gt;&gt;</a>&nbsp;&nbsp;&nbsp;assert_failed
</UL>
<BR>[Called By]<UL><LI><a href="#[e2]">&gt;&gt;</a>&nbsp;&nbsp;&nbsp;HAL_FDCAN_RxFifo0Callback
</UL>

<P><STRONG><a name="[df]"></a>HAL_FDCAN_HighPriorityMessageCallback</STRONG> (Thumb, 2 bytes, Stack size 0 bytes, stm32g4xx_hal_fdcan.o(i.HAL_FDCAN_HighPriorityMessageCallback))
<BR><BR>[Called By]<UL><LI><a href="#[ad]">&gt;&gt;</a>&nbsp;&nbsp;&nbsp;HAL_FDCAN_IRQHandler
</UL>

<P><STRONG><a name="[ad]"></a>HAL_FDCAN_IRQHandler</STRONG> (Thumb, 424 bytes, Stack size 48 bytes, stm32g4xx_hal_fdcan.o(i.HAL_FDCAN_IRQHandler))
<BR><BR>[Stack]<UL><LI>Max Depth = 112<LI>Call Chain = HAL_FDCAN_IRQHandler &rArr; HAL_FDCAN_RxFifo0Callback &rArr; HAL_FDCAN_GetRxMessage
</UL>
<BR>[Calls]<UL><LI><a href="#[e4]">&gt;&gt;</a>&nbsp;&nbsp;&nbsp;HAL_FDCAN_TxFifoEmptyCallback
<LI><a href="#[e1]">&gt;&gt;</a>&nbsp;&nbsp;&nbsp;HAL_FDCAN_TxEventFifoCallback
<LI><a href="#[e5]">&gt;&gt;</a>&nbsp;&nbsp;&nbsp;HAL_FDCAN_TxBufferCompleteCallback
<LI><a href="#[e0]">&gt;&gt;</a>&nbsp;&nbsp;&nbsp;HAL_FDCAN_TxBufferAbortCallback
<LI><a href="#[e6]">&gt;&gt;</a>&nbsp;&nbsp;&nbsp;HAL_FDCAN_TimestampWraparoundCallback
<LI><a href="#[e7]">&gt;&gt;</a>&nbsp;&nbsp;&nbsp;HAL_FDCAN_TimeoutOccurredCallback
<LI><a href="#[e3]">&gt;&gt;</a>&nbsp;&nbsp;&nbsp;HAL_FDCAN_RxFifo1Callback
<LI><a href="#[df]">&gt;&gt;</a>&nbsp;&nbsp;&nbsp;HAL_FDCAN_HighPriorityMessageCallback
<LI><a href="#[e8]">&gt;&gt;</a>&nbsp;&nbsp;&nbsp;HAL_FDCAN_ErrorStatusCallback
<LI><a href="#[e9]">&gt;&gt;</a>&nbsp;&nbsp;&nbsp;HAL_FDCAN_ErrorCallback
<LI><a href="#[e2]">&gt;&gt;</a>&nbsp;&nbsp;&nbsp;HAL_FDCAN_RxFifo0Callback
</UL>
<BR>[Called By]<UL><LI><a href="#[65]">&gt;&gt;</a>&nbsp;&nbsp;&nbsp;FDCAN3_IT0_IRQHandler
</UL>

<P><STRONG><a name="[ea]"></a>HAL_FDCAN_Init</STRONG> (Thumb, 1120 bytes, Stack size 16 bytes, stm32g4xx_hal_fdcan.o(i.HAL_FDCAN_Init))
<BR><BR>[Stack]<UL><LI>Max Depth = 184<LI>Call Chain = HAL_FDCAN_Init &rArr; HAL_FDCAN_MspInit &rArr; HAL_NVIC_SetPriority &rArr; __NVIC_SetPriority
</UL>
<BR>[Calls]<UL><LI><a href="#[eb]">&gt;&gt;</a>&nbsp;&nbsp;&nbsp;HAL_FDCAN_MspInit
<LI><a href="#[be]">&gt;&gt;</a>&nbsp;&nbsp;&nbsp;assert_failed
<LI><a href="#[a5]">&gt;&gt;</a>&nbsp;&nbsp;&nbsp;HAL_GetTick
<LI><a href="#[ec]">&gt;&gt;</a>&nbsp;&nbsp;&nbsp;FDCAN_CalcultateRamBlockAddresses
</UL>
<BR>[Called By]<UL><LI><a href="#[17c]">&gt;&gt;</a>&nbsp;&nbsp;&nbsp;MX_FDCAN3_Init
</UL>

<P><STRONG><a name="[eb]"></a>HAL_FDCAN_MspInit</STRONG> (Thumb, 150 bytes, Stack size 120 bytes, fdcan.o(i.HAL_FDCAN_MspInit))
<BR><BR>[Stack]<UL><LI>Max Depth = 168<LI>Call Chain = HAL_FDCAN_MspInit &rArr; HAL_NVIC_SetPriority &rArr; __NVIC_SetPriority
</UL>
<BR>[Calls]<UL><LI><a href="#[d4]">&gt;&gt;</a>&nbsp;&nbsp;&nbsp;HAL_RCCEx_PeriphCLKConfig
<LI><a href="#[d6]">&gt;&gt;</a>&nbsp;&nbsp;&nbsp;HAL_GPIO_Init
<LI><a href="#[b4]">&gt;&gt;</a>&nbsp;&nbsp;&nbsp;Error_Handler
<LI><a href="#[ed]">&gt;&gt;</a>&nbsp;&nbsp;&nbsp;HAL_NVIC_SetPriority
<LI><a href="#[ee]">&gt;&gt;</a>&nbsp;&nbsp;&nbsp;HAL_NVIC_EnableIRQ
<LI><a href="#[d3]">&gt;&gt;</a>&nbsp;&nbsp;&nbsp;__aeabi_memclr4
</UL>
<BR>[Called By]<UL><LI><a href="#[ea]">&gt;&gt;</a>&nbsp;&nbsp;&nbsp;HAL_FDCAN_Init
</UL>

<P><STRONG><a name="[e2]"></a>HAL_FDCAN_RxFifo0Callback</STRONG> (Thumb, 48 bytes, Stack size 24 bytes, fdcan_init.o(i.HAL_FDCAN_RxFifo0Callback))
<BR><BR>[Stack]<UL><LI>Max Depth = 64<LI>Call Chain = HAL_FDCAN_RxFifo0Callback &rArr; HAL_FDCAN_GetRxMessage
</UL>
<BR>[Calls]<UL><LI><a href="#[de]">&gt;&gt;</a>&nbsp;&nbsp;&nbsp;HAL_FDCAN_GetRxMessage
</UL>
<BR>[Called By]<UL><LI><a href="#[ad]">&gt;&gt;</a>&nbsp;&nbsp;&nbsp;HAL_FDCAN_IRQHandler
</UL>

<P><STRONG><a name="[e3]"></a>HAL_FDCAN_RxFifo1Callback</STRONG> (Thumb, 2 bytes, Stack size 0 bytes, stm32g4xx_hal_fdcan.o(i.HAL_FDCAN_RxFifo1Callback))
<BR><BR>[Called By]<UL><LI><a href="#[ad]">&gt;&gt;</a>&nbsp;&nbsp;&nbsp;HAL_FDCAN_IRQHandler
</UL>

<P><STRONG><a name="[b5]"></a>HAL_FDCAN_Start</STRONG> (Thumb, 46 bytes, Stack size 0 bytes, stm32g4xx_hal_fdcan.o(i.HAL_FDCAN_Start))
<BR><BR>[Called By]<UL><LI><a href="#[b1]">&gt;&gt;</a>&nbsp;&nbsp;&nbsp;FDCAN_Config_Filter
</UL>

<P><STRONG><a name="[e7]"></a>HAL_FDCAN_TimeoutOccurredCallback</STRONG> (Thumb, 2 bytes, Stack size 0 bytes, stm32g4xx_hal_fdcan.o(i.HAL_FDCAN_TimeoutOccurredCallback))
<BR><BR>[Called By]<UL><LI><a href="#[ad]">&gt;&gt;</a>&nbsp;&nbsp;&nbsp;HAL_FDCAN_IRQHandler
</UL>

<P><STRONG><a name="[e6]"></a>HAL_FDCAN_TimestampWraparoundCallback</STRONG> (Thumb, 2 bytes, Stack size 0 bytes, stm32g4xx_hal_fdcan.o(i.HAL_FDCAN_TimestampWraparoundCallback))
<BR><BR>[Called By]<UL><LI><a href="#[ad]">&gt;&gt;</a>&nbsp;&nbsp;&nbsp;HAL_FDCAN_IRQHandler
</UL>

<P><STRONG><a name="[e0]"></a>HAL_FDCAN_TxBufferAbortCallback</STRONG> (Thumb, 2 bytes, Stack size 0 bytes, stm32g4xx_hal_fdcan.o(i.HAL_FDCAN_TxBufferAbortCallback))
<BR><BR>[Called By]<UL><LI><a href="#[ad]">&gt;&gt;</a>&nbsp;&nbsp;&nbsp;HAL_FDCAN_IRQHandler
</UL>

<P><STRONG><a name="[e5]"></a>HAL_FDCAN_TxBufferCompleteCallback</STRONG> (Thumb, 2 bytes, Stack size 0 bytes, stm32g4xx_hal_fdcan.o(i.HAL_FDCAN_TxBufferCompleteCallback))
<BR><BR>[Called By]<UL><LI><a href="#[ad]">&gt;&gt;</a>&nbsp;&nbsp;&nbsp;HAL_FDCAN_IRQHandler
</UL>

<P><STRONG><a name="[e1]"></a>HAL_FDCAN_TxEventFifoCallback</STRONG> (Thumb, 2 bytes, Stack size 0 bytes, stm32g4xx_hal_fdcan.o(i.HAL_FDCAN_TxEventFifoCallback))
<BR><BR>[Called By]<UL><LI><a href="#[ad]">&gt;&gt;</a>&nbsp;&nbsp;&nbsp;HAL_FDCAN_IRQHandler
</UL>

<P><STRONG><a name="[e4]"></a>HAL_FDCAN_TxFifoEmptyCallback</STRONG> (Thumb, 2 bytes, Stack size 0 bytes, stm32g4xx_hal_fdcan.o(i.HAL_FDCAN_TxFifoEmptyCallback))
<BR><BR>[Called By]<UL><LI><a href="#[ad]">&gt;&gt;</a>&nbsp;&nbsp;&nbsp;HAL_FDCAN_IRQHandler
</UL>

<P><STRONG><a name="[b8]"></a>HAL_FMAC_ErrorCallback</STRONG> (Thumb, 2 bytes, Stack size 0 bytes, stm32g4xx_hal_fmac.o(i.HAL_FMAC_ErrorCallback))
<BR><BR>[Called By]<UL><LI><a href="#[78]">&gt;&gt;</a>&nbsp;&nbsp;&nbsp;FMAC_DMAFilterConfig
<LI><a href="#[77]">&gt;&gt;</a>&nbsp;&nbsp;&nbsp;FMAC_DMAError
</UL>

<P><STRONG><a name="[ef]"></a>HAL_FMAC_FilterConfig</STRONG> (Thumb, 18 bytes, Stack size 16 bytes, stm32g4xx_hal_fmac.o(i.HAL_FMAC_FilterConfig))
<BR><BR>[Stack]<UL><LI>Max Depth = 84<LI>Call Chain = HAL_FMAC_FilterConfig &rArr; FMAC_FilterConfig &rArr; HAL_DMA_Start_IT &rArr; DMA_SetConfig
</UL>
<BR>[Calls]<UL><LI><a href="#[bd]">&gt;&gt;</a>&nbsp;&nbsp;&nbsp;FMAC_FilterConfig
</UL>
<BR>[Called By]<UL><LI><a href="#[f0]">&gt;&gt;</a>&nbsp;&nbsp;&nbsp;HAL_FMAC_FilterConfig_my
</UL>

<P><STRONG><a name="[b9]"></a>HAL_FMAC_FilterConfigCallback</STRONG> (Thumb, 2 bytes, Stack size 0 bytes, stm32g4xx_hal_fmac.o(i.HAL_FMAC_FilterConfigCallback))
<BR><BR>[Called By]<UL><LI><a href="#[78]">&gt;&gt;</a>&nbsp;&nbsp;&nbsp;FMAC_DMAFilterConfig
</UL>

<P><STRONG><a name="[f0]"></a>HAL_FMAC_FilterConfig_my</STRONG> (Thumb, 132 bytes, Stack size 56 bytes, fmac.o(i.HAL_FMAC_FilterConfig_my))
<BR><BR>[Stack]<UL><LI>Max Depth = 140<LI>Call Chain = HAL_FMAC_FilterConfig_my &rArr; HAL_FMAC_FilterConfig &rArr; FMAC_FilterConfig &rArr; HAL_DMA_Start_IT &rArr; DMA_SetConfig
</UL>
<BR>[Calls]<UL><LI><a href="#[f1]">&gt;&gt;</a>&nbsp;&nbsp;&nbsp;HAL_FMAC_FilterStart
<LI><a href="#[ef]">&gt;&gt;</a>&nbsp;&nbsp;&nbsp;HAL_FMAC_FilterConfig
</UL>
<BR>[Called By]<UL><LI><a href="#[8b]">&gt;&gt;</a>&nbsp;&nbsp;&nbsp;main
</UL>

<P><STRONG><a name="[f1]"></a>HAL_FMAC_FilterStart</STRONG> (Thumb, 142 bytes, Stack size 24 bytes, stm32g4xx_hal_fmac.o(i.HAL_FMAC_FilterStart))
<BR><BR>[Stack]<UL><LI>Max Depth = 76<LI>Call Chain = HAL_FMAC_FilterStart &rArr; FMAC_ConfigFilterOutputBufferUpdateState &rArr; HAL_DMA_Start_IT &rArr; DMA_SetConfig
</UL>
<BR>[Calls]<UL><LI><a href="#[b6]">&gt;&gt;</a>&nbsp;&nbsp;&nbsp;FMAC_ConfigFilterOutputBufferUpdateState
</UL>
<BR>[Called By]<UL><LI><a href="#[f0]">&gt;&gt;</a>&nbsp;&nbsp;&nbsp;HAL_FMAC_FilterConfig_my
</UL>

[...]
<BR><BR>[Stack]<UL><LI>Max Depth = 16<LI>Call Chain = RCC_GetSysClockFreqFromPLLSource
</UL>
<BR>[Called By]<UL><LI><a href="#[11e]">&gt;&gt;</a>&nbsp;&nbsp;&nbsp;HAL_RCC_ClockConfig
</UL>

<P><STRONG><a name="[d9]"></a>DMA_CalcDMAMUXChannelBaseAndMask</STRONG> (Thumb, 58 bytes, Stack size 12 bytes, stm32g4xx_hal_dma.o(i.DMA_CalcDMAMUXChannelBaseAndMask))
<BR><BR>[Stack]<UL><LI>Max Depth = 12<LI>Call Chain = DMA_CalcDMAMUXChannelBaseAndMask
</UL>
<BR>[Called By]<UL><LI><a href="#[d5]">&gt;&gt;</a>&nbsp;&nbsp;&nbsp;HAL_DMA_Init
</UL>

<P><STRONG><a name="[da]"></a>DMA_CalcDMAMUXRequestGenBaseAndMask</STRONG> (Thumb, 32 bytes, Stack size 0 bytes, stm32g4xx_hal_dma.o(i.DMA_CalcDMAMUXRequestGenBaseAndMask))
<BR><BR>[Called By]<UL><LI><a href="#[d5]">&gt;&gt;</a>&nbsp;&nbsp;&nbsp;HAL_DMA_Init
</UL>

<P><STRONG><a name="[db]"></a>DMA_SetConfig</STRONG> (Thumb, 64 bytes, Stack size 12 bytes, stm32g4xx_hal_dma.o(i.DMA_SetConfig))
<BR><BR>[Stack]<UL><LI>Max Depth = 12<LI>Call Chain = DMA_SetConfig
</UL>
<BR>[Called By]<UL><LI><a href="#[b7]">&gt;&gt;</a>&nbsp;&nbsp;&nbsp;HAL_DMA_Start_IT
</UL>

<P><STRONG><a name="[117]"></a>__NVIC_GetPriorityGrouping</STRONG> (Thumb, 10 bytes, Stack size 0 bytes, stm32g4xx_hal_cortex.o(i.__NVIC_GetPriorityGrouping))
<BR><BR>[Called By]<UL><LI><a href="#[ed]">&gt;&gt;</a>&nbsp;&nbsp;&nbsp;HAL_NVIC_SetPriority
</UL>

<P><STRONG><a name="[118]"></a>__NVIC_SetPriority</STRONG> (Thumb, 32 bytes, Stack size 8 bytes, stm32g4xx_hal_cortex.o(i.__NVIC_SetPriority))
<BR><BR>[Stack]<UL><LI>Max Depth = 8<LI>Call Chain = __NVIC_SetPriority
</UL>
<BR>[Called By]<UL><LI><a href="#[ed]">&gt;&gt;</a>&nbsp;&nbsp;&nbsp;HAL_NVIC_SetPriority
<LI><a href="#[115]">&gt;&gt;</a>&nbsp;&nbsp;&nbsp;HAL_SYSTICK_Config
</UL>

<P><STRONG><a name="[ec]"></a>FDCAN_CalcultateRamBlockAddresses</STRONG> (Thumb, 120 bytes, Stack size 8 bytes, stm32g4xx_hal_fdcan.o(i.FDCAN_CalcultateRamBlockAddresses))
<BR><BR>[Stack]<UL><LI>Max Depth = 8<LI>Call Chain = FDCAN_CalcultateRamBlockAddresses
</UL>
<BR>[Called By]<UL><LI><a href="#[ea]">&gt;&gt;</a>&nbsp;&nbsp;&nbsp;HAL_FDCAN_Init
</UL>

<P><STRONG><a name="[dd]"></a>FDCAN_CopyMessageToRAM</STRONG> (Thumb, 198 bytes, Stack size 24 bytes, stm32g4xx_hal_fdcan.o(i.FDCAN_CopyMessageToRAM))
<BR><BR>[Stack]<UL><LI>Max Depth = 24<LI>Call Chain = FDCAN_CopyMessageToRAM
</UL>
<BR>[Called By]<UL><LI><a href="#[af]">&gt;&gt;</a>&nbsp;&nbsp;&nbsp;HAL_FDCAN_AddMessageToTxFifoQ
</UL>

<P><STRONG><a name="[b6]"></a>FMAC_ConfigFilterOutputBufferUpdateState</STRONG> (Thumb, 120 bytes, Stack size 16 bytes, stm32g4xx_hal_fmac.o(i.FMAC_ConfigFilterOutputBufferUpdateState))
<BR><BR>[Stack]<UL><LI>Max Depth = 52<LI>Call Chain = FMAC_ConfigFilterOutputBufferUpdateState &rArr; HAL_DMA_Start_IT &rArr; DMA_SetConfig
</UL>
<BR>[Calls]<UL><LI><a href="#[b7]">&gt;&gt;</a>&nbsp;&nbsp;&nbsp;HAL_DMA_Start_IT
</UL>
<BR>[Called By]<UL><LI><a href="#[f1]">&gt;&gt;</a>&nbsp;&nbsp;&nbsp;HAL_FMAC_FilterStart
</UL>

<P><STRONG><a name="[77]"></a>FMAC_DMAError</STRONG> (Thumb, 28 bytes, Stack size 16 bytes, stm32g4xx_hal_fmac.o(i.FMAC_DMAError))
<BR><BR>[Stack]<UL><LI>Max Depth = 16<LI>Call Chain = FMAC_DMAError
</UL>
<BR>[Calls]<UL><LI><a href="#[b8]">&gt;&gt;</a>&nbsp;&nbsp;&nbsp;HAL_FMAC_ErrorCallback
</UL>
<BR>[Address Reference Count : 3]<UL><LI> stm32g4xx_hal_fmac.o(i.FMAC_ConfigFilterOutputBufferUpdateState)
<LI> stm32g4xx_hal_fmac.o(i.FMAC_DMAFilterConfig)
<LI> stm32g4xx_hal_fmac.o(i.FMAC_FilterConfig)
</UL>
<P><STRONG><a name="[78]"></a>FMAC_DMAFilterConfig</STRONG> (Thumb, 142 bytes, Stack size 24 bytes, stm32g4xx_hal_fmac.o(i.FMAC_DMAFilterConfig))
<BR><BR>[Stack]<UL><LI>Max Depth = 60<LI>Call Chain = FMAC_DMAFilterConfig &rArr; HAL_DMA_Start_IT &rArr; DMA_SetConfig
</UL>
<BR>[Calls]<UL><LI><a href="#[b7]">&gt;&gt;</a>&nbsp;&nbsp;&nbsp;HAL_DMA_Start_IT
<LI><a href="#[b9]">&gt;&gt;</a>&nbsp;&nbsp;&nbsp;HAL_FMAC_FilterConfigCallback
<LI><a href="#[b8]">&gt;&gt;</a>&nbsp;&nbsp;&nbsp;HAL_FMAC_ErrorCallback
</UL>
<BR>[Address Reference Count : 2]<UL><LI> stm32g4xx_hal_fmac.o(i.FMAC_DMAFilterConfig)
<LI> stm32g4xx_hal_fmac.o(i.FMAC_FilterConfig)
</UL>
<P><STRONG><a name="[75]"></a>FMAC_DMAHalfOutputDataReady</STRONG> (Thumb, 14 bytes, Stack size 16 bytes, stm32g4xx_hal_fmac.o(i.FMAC_DMAHalfOutputDataReady))
<BR><BR>[Stack]<UL><LI>Max Depth = 16<LI>Call Chain = FMAC_DMAHalfOutputDataReady
</UL>
<BR>[Calls]<UL><LI><a href="#[ba]">&gt;&gt;</a>&nbsp;&nbsp;&nbsp;HAL_FMAC_HalfOutputDataReadyCallback
</UL>
<BR>[Address Reference Count : 1]<UL><LI> stm32g4xx_hal_fmac.o(i.FMAC_ConfigFilterOutputBufferUpdateState)
</UL>
<P><STRONG><a name="[76]"></a>FMAC_DMAOutputDataReady</STRONG> (Thumb, 20 bytes, Stack size 16 bytes, stm32g4xx_hal_fmac.o(i.FMAC_DMAOutputDataReady))
<BR><BR>[Stack]<UL><LI>Max Depth = 16<LI>Call Chain = FMAC_DMAOutputDataReady
</UL>
<BR>[Calls]<UL><LI><a href="#[bc]">&gt;&gt;</a>&nbsp;&nbsp;&nbsp;HAL_FMAC_OutputDataReadyCallback
<LI><a href="#[bb]">&gt;&gt;</a>&nbsp;&nbsp;&nbsp;FMAC_ResetOutputStateAndDataPointers
</UL>
<BR>[Address Reference Count : 1]<UL><LI> stm32g4xx_hal_fmac.o(i.FMAC_ConfigFilterOutputBufferUpdateState)
</UL>
<P><STRONG><a name="[bd]"></a>FMAC_FilterConfig</STRONG> (Thumb, 1164 bytes, Stack size 32 bytes, stm32g4xx_hal_fmac.o(i.FMAC_FilterConfig))
<BR><BR>[Stack]<UL><LI>Max Depth = 68<LI>Call Chain = FMAC_FilterConfig &rArr; HAL_DMA_Start_IT &rArr; DMA_SetConfig
</UL>
<BR>[Calls]<UL><LI><a href="#[be]">&gt;&gt;</a>&nbsp;&nbsp;&nbsp;assert_failed
<LI><a href="#[a5]">&gt;&gt;</a>&nbsp;&nbsp;&nbsp;HAL_GetTick
<LI><a href="#[b7]">&gt;&gt;</a>&nbsp;&nbsp;&nbsp;HAL_DMA_Start_IT
<LI><a href="#[bf]">&gt;&gt;</a>&nbsp;&nbsp;&nbsp;FMAC_WritePreloadDataIncrementPtr
<LI><a href="#[c0]">&gt;&gt;</a>&nbsp;&nbsp;&nbsp;FMAC_WaitOnStartUntilTimeout
</UL>
<BR>[Called By]<UL><LI><a href="#[ef]">&gt;&gt;</a>&nbsp;&nbsp;&nbsp;HAL_FMAC_FilterConfig
</UL>

<P><STRONG><a name="[c1]"></a>FMAC_Reset</STRONG> (Thumb, 66 bytes, Stack size 16 bytes, stm32g4xx_hal_fmac.o(i.FMAC_Reset))
<BR><BR>[Stack]<UL><LI>Max Depth = 16<LI>Call Chain = FMAC_Reset
</UL>
<BR>[Calls]<UL><LI><a href="#[a5]">&gt;&gt;</a>&nbsp;&nbsp;&nbsp;HAL_GetTick
</UL>
<BR>[Called By]<UL><LI><a href="#[f2]">&gt;&gt;</a>&nbsp;&nbsp;&nbsp;HAL_FMAC_Init
</UL>

<P><STRONG><a name="[c2]"></a>FMAC_ResetDataPointers</STRONG> (Thumb, 18 bytes, Stack size 8 bytes, stm32g4xx_hal_fmac.o(i.FMAC_ResetDataPointers))
<BR><BR>[Stack]<UL><LI>Max Depth = 8<LI>Call Chain = FMAC_ResetDataPointers
</UL>
<BR>[Calls]<UL><LI><a href="#[bb]">&gt;&gt;</a>&nbsp;&nbsp;&nbsp;FMAC_ResetOutputStateAndDataPointers
<LI><a href="#[c3]">&gt;&gt;</a>&nbsp;&nbsp;&nbsp;FMAC_ResetInputStateAndDataPointers
</UL>
<BR>[Called By]<UL><LI><a href="#[f2]">&gt;&gt;</a>&nbsp;&nbsp;&nbsp;HAL_FMAC_Init
</UL>

<P><STRONG><a name="[c3]"></a>FMAC_ResetInputStateAndDataPointers</STRONG> (Thumb, 16 bytes, Stack size 0 bytes, stm32g4xx_hal_fmac.o(i.FMAC_ResetInputStateAndDataPointers))
<BR><BR>[Called By]<UL><LI><a href="#[c2]">&gt;&gt;</a>&nbsp;&nbsp;&nbsp;FMAC_ResetDataPointers
</UL>

<P><STRONG><a name="[bb]"></a>FMAC_ResetOutputStateAndDataPointers</STRONG> (Thumb, 16 bytes, Stack size 0 bytes, stm32g4xx_hal_fmac.o(i.FMAC_ResetOutputStateAndDataPointers))
<BR><BR>[Called By]<UL><LI><a href="#[c2]">&gt;&gt;</a>&nbsp;&nbsp;&nbsp;FMAC_ResetDataPointers
<LI><a href="#[76]">&gt;&gt;</a>&nbsp;&nbsp;&nbsp;FMAC_DMAOutputDataReady
</UL>

<P><STRONG><a name="[c0]"></a>FMAC_WaitOnStartUntilTimeout</STRONG> (Thumb, 48 bytes, Stack size 16 bytes, stm32g4xx_hal_fmac.o(i.FMAC_WaitOnStartUntilTimeout))
<BR><BR>[Stack]<UL><LI>Max Depth = 16<LI>Call Chain = FMAC_WaitOnStartUntilTimeout
</UL>
<BR>[Calls]<UL><LI><a href="#[a5]">&gt;&gt;</a>&nbsp;&nbsp;&nbsp;HAL_GetTick
</UL>
<BR>[Called By]<UL><LI><a href="#[bd]">&gt;&gt;</a>&nbsp;&nbsp;&nbsp;FMAC_FilterConfig
</UL>

<P><STRONG><a name="[bf]"></a>FMAC_WritePreloadDataIncrementPtr</STRONG> (Thumb, 32 bytes, Stack size 12 bytes, stm32g4xx_hal_fmac.o(i.FMAC_WritePreloadDataIncrementPtr))
<BR><BR>[Stack]<UL><LI>Max Depth = 12<LI>Call Chain = FMAC_WritePreloadDataIncrementPtr
</UL>
<BR>[Called By]<UL><LI><a href="#[bd]">&gt;&gt;</a>&nbsp;&nbsp;&nbsp;FMAC_FilterConfig
</UL>

<P><STRONG><a name="[10e]"></a>HRTIM_ForceRegistersUpdate</STRONG> (Thumb, 148 bytes, Stack size 0 bytes, stm32g4xx_hal_hrtim.o(i.HRTIM_ForceRegistersUpdate))
<BR><BR>[Called By]<UL><LI><a href="#[10f]">&gt;&gt;</a>&nbsp;&nbsp;&nbsp;HAL_HRTIM_WaveformTimerControl
<LI><a href="#[10b]">&gt;&gt;</a>&nbsp;&nbsp;&nbsp;HAL_HRTIM_WaveformTimerConfig
</UL>

<P><STRONG><a name="[fa]"></a>HRTIM_HRTIM_ISR</STRONG> (Thumb, 200 bytes, Stack size 16 bytes, stm32g4xx_hal_hrtim.o(i.HRTIM_HRTIM_ISR))
<BR><BR>[Stack]<UL><LI>Max Depth = 16<LI>Call Chain = HRTIM_HRTIM_ISR
</UL>
<BR>[Calls]<UL><LI><a href="#[166]">&gt;&gt;</a>&nbsp;&nbsp;&nbsp;HAL_HRTIM_SystemFaultCallback
<LI><a href="#[165]">&gt;&gt;</a>&nbsp;&nbsp;&nbsp;HAL_HRTIM_Fault6Callback
<LI><a href="#[164]">&gt;&gt;</a>&nbsp;&nbsp;&nbsp;HAL_HRTIM_Fault5Callback
<LI><a href="#[163]">&gt;&gt;</a>&nbsp;&nbsp;&nbsp;HAL_HRTIM_Fault4Callback
<LI><a href="#[162]">&gt;&gt;</a>&nbsp;&nbsp;&nbsp;HAL_HRTIM_Fault3Callback
<LI><a href="#[161]">&gt;&gt;</a>&nbsp;&nbsp;&nbsp;HAL_HRTIM_Fault2Callback
<LI><a href="#[160]">&gt;&gt;</a>&nbsp;&nbsp;&nbsp;HAL_HRTIM_Fault1Callback
</UL>
<BR>[Called By]<UL><LI><a href="#[f9]">&gt;&gt;</a>&nbsp;&nbsp;&nbsp;HAL_HRTIM_IRQHandler
</UL>

<P><STRONG><a name="[102]"></a>HRTIM_MasterBase_Config</STRONG> (Thumb, 40 bytes, Stack size 8 bytes, stm32g4xx_hal_hrtim.o(i.HRTIM_MasterBase_Config))
<BR><BR>[Stack]<UL><LI>Max Depth = 8<LI>Call Chain = HRTIM_MasterBase_Config
</UL>
<BR>[Called By]<UL><LI><a href="#[101]">&gt;&gt;</a>&nbsp;&nbsp;&nbsp;HAL_HRTIM_TimeBaseConfig
</UL>

<P><STRONG><a name="[10c]"></a>HRTIM_MasterWaveform_Config</STRONG> (Thumb, 158 bytes, Stack size 8 bytes, stm32g4xx_hal_hrtim.o(i.HRTIM_MasterWaveform_Config))
<BR><BR>[Stack]<UL><LI>Max Depth = 8<LI>Call Chain = HRTIM_MasterWaveform_Config
</UL>
<BR>[Called By]<UL><LI><a href="#[10b]">&gt;&gt;</a>&nbsp;&nbsp;&nbsp;HAL_HRTIM_WaveformTimerConfig
</UL>

<P><STRONG><a name="[fb]"></a>HRTIM_Master_ISR</STRONG> (Thumb, 282 bytes, Stack size 24 bytes, stm32g4xx_hal_hrtim.o(i.HRTIM_Master_ISR))
<BR><BR>[Stack]<UL><LI>Max Depth = 24<LI>Call Chain = HRTIM_Master_ISR
</UL>
<BR>[Calls]<UL><LI><a href="#[16e]">&gt;&gt;</a>&nbsp;&nbsp;&nbsp;HAL_HRTIM_SynchronizationEventCallback
<LI><a href="#[16d]">&gt;&gt;</a>&nbsp;&nbsp;&nbsp;HAL_HRTIM_RepetitionEventCallback
<LI><a href="#[16f]">&gt;&gt;</a>&nbsp;&nbsp;&nbsp;HAL_HRTIM_RegistersUpdateCallback
<LI><a href="#[167]">&gt;&gt;</a>&nbsp;&nbsp;&nbsp;HAL_HRTIM_DLLCalibrationReadyCallback
<LI><a href="#[16c]">&gt;&gt;</a>&nbsp;&nbsp;&nbsp;HAL_HRTIM_Compare4EventCallback
<LI><a href="#[16b]">&gt;&gt;</a>&nbsp;&nbsp;&nbsp;HAL_HRTIM_Compare3EventCallback
<LI><a href="#[16a]">&gt;&gt;</a>&nbsp;&nbsp;&nbsp;HAL_HRTIM_Compare2EventCallback
<LI><a href="#[169]">&gt;&gt;</a>&nbsp;&nbsp;&nbsp;HAL_HRTIM_Compare1EventCallback
<LI><a href="#[168]">&gt;&gt;</a>&nbsp;&nbsp;&nbsp;HAL_HRTIM_BurstModePeriodCallback
</UL>
<BR>[Called By]<UL><LI><a href="#[f9]">&gt;&gt;</a>&nbsp;&nbsp;&nbsp;HAL_HRTIM_IRQHandler
</UL>

<P><STRONG><a name="[108]"></a>HRTIM_OutputConfig</STRONG> (Thumb, 262 bytes, Stack size 20 bytes, stm32g4xx_hal_hrtim.o(i.HRTIM_OutputConfig))
<BR><BR>[Stack]<UL><LI>Max Depth = 20<LI>Call Chain = HRTIM_OutputConfig
</UL>
<BR>[Called By]<UL><LI><a href="#[107]">&gt;&gt;</a>&nbsp;&nbsp;&nbsp;HAL_HRTIM_WaveformOutputConfig
</UL>

<P><STRONG><a name="[fc]"></a>HRTIM_Timer_ISR</STRONG> (Thumb, 494 bytes, Stack size 24 bytes, stm32g4xx_hal_hrtim.o(i.HRTIM_Timer_ISR))
<BR><BR>[Stack]<UL><LI>Max Depth = 24<LI>Call Chain = HRTIM_Timer_ISR
</UL>
<BR>[Calls]<UL><LI><a href="#[16d]">&gt;&gt;</a>&nbsp;&nbsp;&nbsp;HAL_HRTIM_RepetitionEventCallback
<LI><a href="#[16f]">&gt;&gt;</a>&nbsp;&nbsp;&nbsp;HAL_HRTIM_RegistersUpdateCallback
<LI><a href="#[174]">&gt;&gt;</a>&nbsp;&nbsp;&nbsp;HAL_HRTIM_Output2SetCallback
<LI><a href="#[175]">&gt;&gt;</a>&nbsp;&nbsp;&nbsp;HAL_HRTIM_Output2ResetCallback
<LI><a href="#[172]">&gt;&gt;</a>&nbsp;&nbsp;&nbsp;HAL_HRTIM_Output1SetCallback
<LI><a href="#[173]">&gt;&gt;</a>&nbsp;&nbsp;&nbsp;HAL_HRTIM_Output1ResetCallback
<LI><a href="#[177]">&gt;&gt;</a>&nbsp;&nbsp;&nbsp;HAL_HRTIM_DelayedProtectionCallback
<LI><a href="#[176]">&gt;&gt;</a>&nbsp;&nbsp;&nbsp;HAL_HRTIM_CounterResetCallback
<LI><a href="#[16c]">&gt;&gt;</a>&nbsp;&nbsp;&nbsp;HAL_HRTIM_Compare4EventCallback
<LI><a href="#[16b]">&gt;&gt;</a>&nbsp;&nbsp;&nbsp;HAL_HRTIM_Compare3EventCallback
<LI><a href="#[16a]">&gt;&gt;</a>&nbsp;&nbsp;&nbsp;HAL_HRTIM_Compare2EventCallback
<LI><a href="#[169]">&gt;&gt;</a>&nbsp;&nbsp;&nbsp;HAL_HRTIM_Compare1EventCallback
<LI><a href="#[171]">&gt;&gt;</a>&nbsp;&nbsp;&nbsp;HAL_HRTIM_Capture2EventCallback
<LI><a href="#[170]">&gt;&gt;</a>&nbsp;&nbsp;&nbsp;HAL_HRTIM_Capture1EventCallback
</UL>
<BR>[Called By]<UL><LI><a href="#[f9]">&gt;&gt;</a>&nbsp;&nbsp;&nbsp;HAL_HRTIM_IRQHandler
</UL>

<P><STRONG><a name="[103]"></a>HRTIM_TimingUnitBase_Config</STRONG> (Thumb, 64 bytes, Stack size 12 bytes, stm32g4xx_hal_hrtim.o(i.HRTIM_TimingUnitBase_Config))
<BR><BR>[Stack]<UL><LI>Max Depth = 12<LI>Call Chain = HRTIM_TimingUnitBase_Config
</UL>
<BR>[Called By]<UL><LI><a href="#[101]">&gt;&gt;</a>&nbsp;&nbsp;&nbsp;HAL_HRTIM_TimeBaseConfig
</UL>

<P><STRONG><a name="[10d]"></a>HRTIM_TimingUnitWaveform_Config</STRONG> (Thumb, 582 bytes, Stack size 24 bytes, stm32g4xx_hal_hrtim.o(i.HRTIM_TimingUnitWaveform_Config))
<BR><BR>[Stack]<UL><LI>Max Depth = 24<LI>Call Chain = HRTIM_TimingUnitWaveform_Config
</UL>
<BR>[Called By]<UL><LI><a href="#[10b]">&gt;&gt;</a>&nbsp;&nbsp;&nbsp;HAL_HRTIM_WaveformTimerConfig
</UL>

<P><STRONG><a name="[110]"></a>HRTIM_TimingUnitWaveform_Control</STRONG> (Thumb, 90 bytes, Stack size 8 bytes, stm32g4xx_hal_hrtim.o(i.HRTIM_TimingUnitWaveform_Control))
<BR><BR>[Stack]<UL><LI>Max Depth = 8<LI>Call Chain = HRTIM_TimingUnitWaveform_Control
</UL>
<BR>[Called By]<UL><LI><a href="#[10f]">&gt;&gt;</a>&nbsp;&nbsp;&nbsp;HAL_HRTIM_WaveformTimerControl
</UL>

<P><STRONG><a name="[12d]"></a>TIM_ITRx_SetConfig</STRONG> (Thumb, 18 bytes, Stack size 0 bytes, stm32g4xx_hal_tim.o(i.TIM_ITRx_SetConfig))
<BR><BR>[Called By]<UL><LI><a href="#[12a]">&gt;&gt;</a>&nbsp;&nbsp;&nbsp;HAL_TIM_ConfigClockSource
</UL>

<P><STRONG><a name="[13e]"></a>TIM_OC1_SetConfig</STRONG> (Thumb, 246 bytes, Stack size 24 bytes, stm32g4xx_hal_tim.o(i.TIM_OC1_SetConfig))
<BR><BR>[Stack]<UL><LI>Max Depth = 24<LI>Call Chain = TIM_OC1_SetConfig
</UL>
<BR>[Calls]<UL><LI><a href="#[be]">&gt;&gt;</a>&nbsp;&nbsp;&nbsp;assert_failed
</UL>
<BR>[Called By]<UL><LI><a href="#[13d]">&gt;&gt;</a>&nbsp;&nbsp;&nbsp;HAL_TIM_PWM_ConfigChannel
</UL>

<P><STRONG><a name="[140]"></a>TIM_OC3_SetConfig</STRONG> (Thumb, 254 bytes, Stack size 24 bytes, stm32g4xx_hal_tim.o(i.TIM_OC3_SetConfig))
<BR><BR>[Stack]<UL><LI>Max Depth = 24<LI>Call Chain = TIM_OC3_SetConfig
</UL>
<BR>[Calls]<UL><LI><a href="#[be]">&gt;&gt;</a>&nbsp;&nbsp;&nbsp;assert_failed
</UL>
<BR>[Called By]<UL><LI><a href="#[13d]">&gt;&gt;</a>&nbsp;&nbsp;&nbsp;HAL_TIM_PWM_ConfigChannel
</UL>

<P><STRONG><a name="[141]"></a>TIM_OC4_SetConfig</STRONG> (Thumb, 254 bytes, Stack size 24 bytes, stm32g4xx_hal_tim.o(i.TIM_OC4_SetConfig))
<BR><BR>[Stack]<UL><LI>Max Depth = 24<LI>Call Chain = TIM_OC4_SetConfig
</UL>
<BR>[Calls]<UL><LI><a href="#[be]">&gt;&gt;</a>&nbsp;&nbsp;&nbsp;assert_failed
</UL>
<BR>[Called By]<UL><LI><a href="#[13d]">&gt;&gt;</a>&nbsp;&nbsp;&nbsp;HAL_TIM_PWM_ConfigChannel
</UL>

<P><STRONG><a name="[142]"></a>TIM_OC5_SetConfig</STRONG> (Thumb, 92 bytes, Stack size 12 bytes, stm32g4xx_hal_tim.o(i.TIM_OC5_SetConfig))
<BR><BR>[Stack]<UL><LI>Max Depth = 12<LI>Call Chain = TIM_OC5_SetConfig
</UL>
<BR>[Called By]<UL><LI><a href="#[13d]">&gt;&gt;</a>&nbsp;&nbsp;&nbsp;HAL_TIM_PWM_ConfigChannel
</UL>

<P><STRONG><a name="[143]"></a>TIM_OC6_SetConfig</STRONG> (Thumb, 94 bytes, Stack size 12 bytes, stm32g4xx_hal_tim.o(i.TIM_OC6_SetConfig))
<BR><BR>[Stack]<UL><LI>Max Depth = 12<LI>Call Chain = TIM_OC6_SetConfig
</UL>
<BR>[Called By]<UL><LI><a href="#[13d]">&gt;&gt;</a>&nbsp;&nbsp;&nbsp;HAL_TIM_PWM_ConfigChannel
</UL>

<P><STRONG><a name="[12c]"></a>TIM_TI1_ConfigInputStage</STRONG> (Thumb, 38 bytes, Stack size 12 bytes, stm32g4xx_hal_tim.o(i.TIM_TI1_ConfigInputStage))
<BR><BR>[Stack]<UL><LI>Max Depth = 12<LI>Call Chain = TIM_TI1_ConfigInputStage
</UL>
<BR>[Called By]<UL><LI><a href="#[12a]">&gt;&gt;</a>&nbsp;&nbsp;&nbsp;HAL_TIM_ConfigClockSource
</UL>

<P><STRONG><a name="[12e]"></a>TIM_TI2_ConfigInputStage</STRONG> (Thumb, 40 bytes, Stack size 12 bytes, stm32g4xx_hal_tim.o(i.TIM_TI2_ConfigInputStage))
<BR><BR>[Stack]<UL><LI>Max Depth = 12<LI>Call Chain = TIM_TI2_ConfigInputStage
</UL>
<BR>[Called By]<UL><LI><a href="#[12a]">&gt;&gt;</a>&nbsp;&nbsp;&nbsp;HAL_TIM_ConfigClockSource
</UL>

<P><STRONG><a name="[194]"></a>UART_EndRxTransfer</STRONG> (Thumb, 104 bytes, Stack size 0 bytes, stm32g4xx_hal_uart.o(i.UART_EndRxTransfer))
<BR><BR>[Called By]<UL><LI><a href="#[15e]">&gt;&gt;</a>&nbsp;&nbsp;&nbsp;UART_WaitOnFlagUntilTimeout
</UL>

<P><STRONG><a name="[7c]"></a>UART_RxISR_16BIT</STRONG> (Thumb, 256 bytes, Stack size 24 bytes, stm32g4xx_hal_uart.o(i.UART_RxISR_16BIT))
<BR><BR>[Stack]<UL><LI>Max Depth = 24<LI>Call Chain = UART_RxISR_16BIT
</UL>
<BR>[Calls]<UL><LI><a href="#[191]">&gt;&gt;</a>&nbsp;&nbsp;&nbsp;HAL_UART_RxCpltCallback
<LI><a href="#[190]">&gt;&gt;</a>&nbsp;&nbsp;&nbsp;HAL_UARTEx_RxEventCallback
</UL>
<BR>[Address Reference Count : 2]<UL><LI> stm32g4xx_hal_uart.o(i.UART_RxISR_16BIT_FIFOEN)
<LI> stm32g4xx_hal_uart.o(i.UART_Start_Receive_IT)
</UL>
<P><STRONG><a name="[7e]"></a>UART_RxISR_16BIT_FIFOEN</STRONG> (Thumb, 498 bytes, Stack size 40 bytes, stm32g4xx_hal_uart.o(i.UART_RxISR_16BIT_FIFOEN))
<BR><BR>[Stack]<UL><LI>Max Depth = 40<LI>Call Chain = UART_RxISR_16BIT_FIFOEN
</UL>
<BR>[Calls]<UL><LI><a href="#[191]">&gt;&gt;</a>&nbsp;&nbsp;&nbsp;HAL_UART_RxCpltCallback
<LI><a href="#[192]">&gt;&gt;</a>&nbsp;&nbsp;&nbsp;HAL_UART_ErrorCallback
<LI><a href="#[190]">&gt;&gt;</a>&nbsp;&nbsp;&nbsp;HAL_UARTEx_RxEventCallback
</UL>
<BR>[Address Reference Count : 1]<UL><LI> stm32g4xx_hal_uart.o(i.UART_Start_Receive_IT)
</UL>
<P><STRONG><a name="[7d]"></a>UART_RxISR_8BIT</STRONG> (Thumb, 254 bytes, Stack size 16 bytes, stm32g4xx_hal_uart.o(i.UART_RxISR_8BIT))
<BR><BR>[Stack]<UL><LI>Max Depth = 16<LI>Call Chain = UART_RxISR_8BIT
</UL>
<BR>[Calls]<UL><LI><a href="#[191]">&gt;&gt;</a>&nbsp;&nbsp;&nbsp;HAL_UART_RxCpltCallback
<LI><a href="#[190]">&gt;&gt;</a>&nbsp;&nbsp;&nbsp;HAL_UARTEx_RxEventCallback
</UL>
<BR>[Address Reference Count : 2]<UL><LI> stm32g4xx_hal_uart.o(i.UART_RxISR_8BIT_FIFOEN)
<LI> stm32g4xx_hal_uart.o(i.UART_Start_Receive_IT)
</UL>
<P><STRONG><a name="[7f]"></a>UART_RxISR_8BIT_FIFOEN</STRONG> (Thumb, 496 bytes, Stack size 40 bytes, stm32g4xx_hal_uart.o(i.UART_RxISR_8BIT_FIFOEN))
<BR><BR>[Stack]<UL><LI>Max Depth = 40<LI>Call Chain = UART_RxISR_8BIT_FIFOEN
</UL>
<BR>[Calls]<UL><LI><a href="#[191]">&gt;&gt;</a>&nbsp;&nbsp;&nbsp;HAL_UART_RxCpltCallback
<LI><a href="#[192]">&gt;&gt;</a>&nbsp;&nbsp;&nbsp;HAL_UART_ErrorCallback
<LI><a href="#[190]">&gt;&gt;</a>&nbsp;&nbsp;&nbsp;HAL_UARTEx_RxEventCallback
</UL>
<BR>[Address Reference Count : 1]<UL><LI> stm32g4xx_hal_uart.o(i.UART_Start_Receive_IT)
</UL>
<P><STRONG><a name="[156]"></a>UARTEx_SetNbDataToProcess</STRONG> (Thumb, 78 bytes, Stack size 16 bytes, stm32g4xx_hal_uart_ex.o(i.UARTEx_SetNbDataToProcess))
<BR><BR>[Stack]<UL><LI>Max Depth = 16<LI>Call Chain = UARTEx_SetNbDataToProcess
</UL>
<BR>[Called By]<UL><LI><a href="#[157]">&gt;&gt;</a>&nbsp;&nbsp;&nbsp;HAL_UARTEx_SetTxFifoThreshold
<LI><a href="#[155]">&gt;&gt;</a>&nbsp;&nbsp;&nbsp;HAL_UARTEx_SetRxFifoThreshold
</UL>
<P>
<H3>
Undefined Global Symbols
</H3><HR></body></html>
