Component: ARM Compiler 5.06 update 5 (build 528) Tool: armlink [4d35e2]

==============================================================================

Section Cross References

    startup_stm32g474xx.o(STACK) refers (Special) to heapauxi.o(.text) for __use_two_region_memory
    startup_stm32g474xx.o(HEAP) refers (Special) to heapauxi.o(.text) for __use_two_region_memory
    startup_stm32g474xx.o(RESET) refers (Special) to heapauxi.o(.text) for __use_two_region_memory
    startup_stm32g474xx.o(RESET) refers to startup_stm32g474xx.o(STACK) for __initial_sp
    startup_stm32g474xx.o(RESET) refers to startup_stm32g474xx.o(.text) for Reset_Handler
    startup_stm32g474xx.o(RESET) refers to stm32g4xx_it.o(i.NMI_Handler) for NMI_Handler
    startup_stm32g474xx.o(RESET) refers to stm32g4xx_it.o(i.HardFault_Handler) for HardFault_Handler
    startup_stm32g474xx.o(RESET) refers to stm32g4xx_it.o(i.MemManage_Handler) for MemManage_Handler
    startup_stm32g474xx.o(RESET) refers to stm32g4xx_it.o(i.BusFault_Handler) for BusFault_Handler
    startup_stm32g474xx.o(RESET) refers to stm32g4xx_it.o(i.UsageFault_Handler) for UsageFault_Handler
    startup_stm32g474xx.o(RESET) refers to stm32g4xx_it.o(i.SVC_Handler) for SVC_Handler
    startup_stm32g474xx.o(RESET) refers to stm32g4xx_it.o(i.DebugMon_Handler) for DebugMon_Handler
    startup_stm32g474xx.o(RESET) refers to stm32g4xx_it.o(i.PendSV_Handler) for PendSV_Handler
    startup_stm32g474xx.o(RESET) refers to stm32g4xx_it.o(i.SysTick_Handler) for SysTick_Handler
    startup_stm32g474xx.o(RESET) refers to stm32g4xx_it.o(i.TIM2_IRQHandler) for TIM2_IRQHandler
    startup_stm32g474xx.o(RESET) refers to stm32g4xx_it.o(i.TIM3_IRQHandler) for TIM3_IRQHandler
    startup_stm32g474xx.o(RESET) refers to stm32g4xx_it.o(i.TIM4_IRQHandler) for TIM4_IRQHandler
    startup_stm32g474xx.o(RESET) refers to stm32g4xx_it.o(i.HRTIM1_Master_IRQHandler) for HRTIM1_Master_IRQHandler
    startup_stm32g474xx.o(RESET) refers to stm32g4xx_it.o(i.FDCAN3_IT0_IRQHandler) for FDCAN3_IT0_IRQHandler
    startup_stm32g474xx.o(.text) refers (Special) to heapauxi.o(.text) for __use_two_region_memory
    startup_stm32g474xx.o(.text) refers to system_stm32g4xx.o(i.SystemInit) for SystemInit
    startup_stm32g474xx.o(.text) refers to __main.o(!!!main) for __main
    startup_stm32g474xx.o(.text) refers to startup_stm32g474xx.o(HEAP) for Heap_Mem
    startup_stm32g474xx.o(.text) refers to startup_stm32g474xx.o(STACK) for Stack_Mem
    main.o(i.SystemClock_Config) refers to rt_memclr_w.o(.text) for __aeabi_memclr4
    main.o(i.SystemClock_Config) refers to stm32g4xx_hal_pwr_ex.o(i.HAL_PWREx_ControlVoltageScaling) for HAL_PWREx_ControlVoltageScaling
    main.o(i.SystemClock_Config) refers to stm32g4xx_hal_rcc.o(i.HAL_RCC_OscConfig) for HAL_RCC_OscConfig
    main.o(i.SystemClock_Config) refers to main.o(i.Error_Handler) for Error_Handler
    main.o(i.SystemClock_Config) refers to stm32g4xx_hal_rcc.o(i.HAL_RCC_ClockConfig) for HAL_RCC_ClockConfig
    main.o(i.main) refers to stm32g4xx_hal.o(i.HAL_Init) for HAL_Init
    main.o(i.main) refers to main.o(i.SystemClock_Config) for SystemClock_Config
    main.o(i.main) refers to gpio.o(i.MX_GPIO_Init) for MX_GPIO_Init
    main.o(i.main) refers to dma.o(i.MX_DMA_Init) for MX_DMA_Init
    main.o(i.main) refers to hrtim.o(i.MX_HRTIM1_Init) for MX_HRTIM1_Init
    main.o(i.main) refers to fmac.o(i.MX_FMAC_Init) for MX_FMAC_Init
    main.o(i.main) refers to fdcan.o(i.MX_FDCAN3_Init) for MX_FDCAN3_Init
    main.o(i.main) refers to adc.o(i.MX_ADC3_Init) for MX_ADC3_Init
    main.o(i.main) refers to tim.o(i.MX_TIM2_Init) for MX_TIM2_Init
    main.o(i.main) refers to tim.o(i.MX_TIM5_Init) for MX_TIM5_Init
    main.o(i.main) refers to usart.o(i.MX_USART1_UART_Init) for MX_USART1_UART_Init
    main.o(i.main) refers to adc.o(i.MX_ADC2_Init) for MX_ADC2_Init
    main.o(i.main) refers to adc.o(i.MX_ADC4_Init) for MX_ADC4_Init
    main.o(i.main) refers to opamp.o(i.MX_OPAMP2_Init) for MX_OPAMP2_Init
    main.o(i.main) refers to tim.o(i.MX_TIM3_Init) for MX_TIM3_Init
    main.o(i.main) refers to adc.o(i.MX_ADC5_Init) for MX_ADC5_Init
    main.o(i.main) refers to opamp.o(i.MX_OPAMP4_Init) for MX_OPAMP4_Init
    main.o(i.main) refers to tim.o(i.MX_TIM4_Init) for MX_TIM4_Init
    main.o(i.main) refers to vofa_float.o(i.vofa_begin) for vofa_begin
    main.o(i.main) refers to pid_init.o(i.Pid_Init) for Pid_Init
    main.o(i.main) refers to opamp.o(i.OPAMP_Start) for OPAMP_Start
    main.o(i.main) refers to adc_.o(i.ADC_init) for ADC_init
    main.o(i.main) refers to fmac.o(i.HAL_FMAC_FilterConfig_my) for HAL_FMAC_FilterConfig_my
    main.o(i.main) refers to fdcan_init.o(i.FDCAN_Config_Filter) for FDCAN_Config_Filter
    main.o(i.main) refers to stm32g4xx_hal_tim.o(i.HAL_TIM_Base_Start_IT) for HAL_TIM_Base_Start_IT
    main.o(i.main) refers to stm32g4xx_hal_hrtim.o(i.HAL_HRTIM_WaveformCountStart) for HAL_HRTIM_WaveformCountStart
[...]
    DMA2_Channel6_IRQHandler                 0x080002d3   Thumb Code     0  startup_stm32g474xx.o(.text)
    DMA2_Channel7_IRQHandler                 0x080002d3   Thumb Code     0  startup_stm32g474xx.o(.text)
    DMA2_Channel8_IRQHandler                 0x080002d3   Thumb Code     0  startup_stm32g474xx.o(.text)
    DMAMUX_OVR_IRQHandler                    0x080002d3   Thumb Code     0  startup_stm32g474xx.o(.text)
    EXTI0_IRQHandler                         0x080002d3   Thumb Code     0  startup_stm32g474xx.o(.text)
    EXTI15_10_IRQHandler                     0x080002d3   Thumb Code     0  startup_stm32g474xx.o(.text)
    EXTI1_IRQHandler                         0x080002d3   Thumb Code     0  startup_stm32g474xx.o(.text)
    EXTI2_IRQHandler                         0x080002d3   Thumb Code     0  startup_stm32g474xx.o(.text)
    EXTI3_IRQHandler                         0x080002d3   Thumb Code     0  startup_stm32g474xx.o(.text)
    EXTI4_IRQHandler                         0x080002d3   Thumb Code     0  startup_stm32g474xx.o(.text)
    EXTI9_5_IRQHandler                       0x080002d3   Thumb Code     0  startup_stm32g474xx.o(.text)
    FDCAN1_IT0_IRQHandler                    0x080002d3   Thumb Code     0  startup_stm32g474xx.o(.text)
    FDCAN1_IT1_IRQHandler                    0x080002d3   Thumb Code     0  startup_stm32g474xx.o(.text)
    FDCAN2_IT0_IRQHandler                    0x080002d3   Thumb Code     0  startup_stm32g474xx.o(.text)
    FDCAN2_IT1_IRQHandler                    0x080002d3   Thumb Code     0  startup_stm32g474xx.o(.text)
    FDCAN3_IT1_IRQHandler                    0x080002d3   Thumb Code     0  startup_stm32g474xx.o(.text)
    FLASH_IRQHandler                         0x080002d3   Thumb Code     0  startup_stm32g474xx.o(.text)
    FMAC_IRQHandler                          0x080002d3   Thumb Code     0  startup_stm32g474xx.o(.text)
    FMC_IRQHandler                           0x080002d3   Thumb Code     0  startup_stm32g474xx.o(.text)
    FPU_IRQHandler                           0x080002d3   Thumb Code     0  startup_stm32g474xx.o(.text)
    HRTIM1_FLT_IRQHandler                    0x080002d3   Thumb Code     0  startup_stm32g474xx.o(.text)
    HRTIM1_TIMA_IRQHandler                   0x080002d3   Thumb Code     0  startup_stm32g474xx.o(.text)
    HRTIM1_TIMB_IRQHandler                   0x080002d3   Thumb Code     0  startup_stm32g474xx.o(.text)
    HRTIM1_TIMC_IRQHandler                   0x080002d3   Thumb Code     0  startup_stm32g474xx.o(.text)
    HRTIM1_TIMD_IRQHandler                   0x080002d3   Thumb Code     0  startup_stm32g474xx.o(.text)
    HRTIM1_TIME_IRQHandler                   0x080002d3   Thumb Code     0  startup_stm32g474xx.o(.text)
    HRTIM1_TIMF_IRQHandler                   0x080002d3   Thumb Code     0  startup_stm32g474xx.o(.text)
    I2C1_ER_IRQHandler                       0x080002d3   Thumb Code     0  startup_stm32g474xx.o(.text)
    I2C1_EV_IRQHandler                       0x080002d3   Thumb Code     0  startup_stm32g474xx.o(.text)
    I2C2_ER_IRQHandler                       0x080002d3   Thumb Code     0  startup_stm32g474xx.o(.text)
    I2C2_EV_IRQHandler                       0x080002d3   Thumb Code     0  startup_stm32g474xx.o(.text)
    I2C3_ER_IRQHandler                       0x080002d3   Thumb Code     0  startup_stm32g474xx.o(.text)
    I2C3_EV_IRQHandler                       0x080002d3   Thumb Code     0  startup_stm32g474xx.o(.text)
    I2C4_ER_IRQHandler                       0x080002d3   Thumb Code     0  startup_stm32g474xx.o(.text)
    I2C4_EV_IRQHandler                       0x080002d3   Thumb Code     0  startup_stm32g474xx.o(.text)
    LPTIM1_IRQHandler                        0x080002d3   Thumb Code     0  startup_stm32g474xx.o(.text)
    LPUART1_IRQHandler                       0x080002d3   Thumb Code     0  startup_stm32g474xx.o(.text)
    PVD_PVM_IRQHandler                       0x080002d3   Thumb Code     0  startup_stm32g474xx.o(.text)
    QUADSPI_IRQHandler                       0x080002d3   Thumb Code     0  startup_stm32g474xx.o(.text)
    RCC_IRQHandler                           0x080002d3   Thumb Code     0  startup_stm32g474xx.o(.text)
    RNG_IRQHandler                           0x080002d3   Thumb Code     0  startup_stm32g474xx.o(.text)
    RTC_Alarm_IRQHandler                     0x080002d3   Thumb Code     0  startup_stm32g474xx.o(.text)
    RTC_TAMP_LSECSS_IRQHandler               0x080002d3   Thumb Code     0  startup_stm32g474xx.o(.text)
    RTC_WKUP_IRQHandler                      0x080002d3   Thumb Code     0  startup_stm32g474xx.o(.text)
    SAI1_IRQHandler                          0x080002d3   Thumb Code     0  startup_stm32g474xx.o(.text)
    SPI1_IRQHandler                          0x080002d3   Thumb Code     0  startup_stm32g474xx.o(.text)
    SPI2_IRQHandler                          0x080002d3   Thumb Code     0  startup_stm32g474xx.o(.text)
    SPI3_IRQHandler                          0x080002d3   Thumb Code     0  startup_stm32g474xx.o(.text)
    SPI4_IRQHandler                          0x080002d3   Thumb Code     0  startup_stm32g474xx.o(.text)
    TIM1_BRK_TIM15_IRQHandler                0x080002d3   Thumb Code     0  startup_stm32g474xx.o(.text)
    TIM1_CC_IRQHandler                       0x080002d3   Thumb Code     0  startup_stm32g474xx.o(.text)
    TIM1_TRG_COM_TIM17_IRQHandler            0x080002d3   Thumb Code     0  startup_stm32g474xx.o(.text)
    TIM1_UP_TIM16_IRQHandler                 0x080002d3   Thumb Code     0  startup_stm32g474xx.o(.text)
    TIM20_BRK_IRQHandler                     0x080002d3   Thumb Code     0  startup_stm32g474xx.o(.text)
    TIM20_CC_IRQHandler                      0x080002d3   Thumb Code     0  startup_stm32g474xx.o(.text)
    TIM20_TRG_COM_IRQHandler                 0x080002d3   Thumb Code     0  startup_stm32g474xx.o(.text)
    TIM20_UP_IRQHandler                      0x080002d3   Thumb Code     0  startup_stm32g474xx.o(.text)
    TIM5_IRQHandler                          0x080002d3   Thumb Code     0  startup_stm32g474xx.o(.text)
    TIM6_DAC_IRQHandler                      0x080002d3   Thumb Code     0  startup_stm32g474xx.o(.text)
    TIM7_DAC_IRQHandler                      0x080002d3   Thumb Code     0  startup_stm32g474xx.o(.text)
    TIM8_BRK_IRQHandler                      0x080002d3   Thumb Code     0  startup_stm32g474xx.o(.text)
    TIM8_CC_IRQHandler                       0x080002d3   Thumb Code     0  startup_stm32g474xx.o(.text)
    TIM8_TRG_COM_IRQHandler                  0x080002d3   Thumb Code     0  startup_stm32g474xx.o(.text)
    TIM8_UP_IRQHandler                       0x080002d3   Thumb Code     0  startup_stm32g474xx.o(.text)
    UART4_IRQHandler                         0x080002d3   Thumb Code     0  startup_stm32g474xx.o(.text)
    UART5_IRQHandler                         0x080002d3   Thumb Code     0  startup_stm32g474xx.o(.text)
    UCPD1_IRQHandler                         0x080002d3   Thumb Code     0  startup_stm32g474xx.o(.text)
    USART1_IRQHandler                        0x080002d3   Thumb Code     0  startup_stm32g474xx.o(.text)
    USART2_IRQHandler                        0x080002d3   Thumb Code     0  startup_stm32g474xx.o(.text)
    USART3_IRQHandler                        0x080002d3   Thumb Code     0  startup_stm32g474xx.o(.text)
    USBWakeUp_IRQHandler                     0x080002d3   Thumb Code     0  startup_stm32g474xx.o(.text)
    USB_HP_IRQHandler                        0x080002d3   Thumb Code     0  startup_stm32g474xx.o(.text)
    USB_LP_IRQHandler                        0x080002d3   Thumb Code     0  startup_stm32g474xx.o(.text)
    WWDG_IRQHandler                          0x080002d3   Thumb Code     0  startup_stm32g474xx.o(.text)
    __user_initial_stackheap                 0x080002d5   Thumb Code     0  startup_stm32g474xx.o(.text)
    __aeabi_uldivmod                         0x080002f9   Thumb Code     0  lludivv7m.o(.text)
    _ll_udiv                                 0x080002f9   Thumb Code   238  lludivv7m.o(.text)
    __aeabi_memclr4                          0x080003e7   Thumb Code     0  rt_memclr_w.o(.text)
    __aeabi_memclr8                          0x080003e7   Thumb Code     0  rt_memclr_w.o(.text)
    __rt_memclr_w                            0x080003e7   Thumb Code    78  rt_memclr_w.o(.text)
    _memset_w                                0x080003eb   Thumb Code     0  rt_memclr_w.o(.text)
    __use_two_region_memory                  0x08000435   Thumb Code     2  heapauxi.o(.text)
    __rt_heap_escrow$2region                 0x08000437   Thumb Code     2  heapauxi.o(.text)
    __rt_heap_expand$2region                 0x08000439   Thumb Code     2  heapauxi.o(.text)
    __user_libspace                          0x0800043d   Thumb Code     8  libspace.o(.text)
    __user_perproc_libspace                  0x0800043d   Thumb Code     0  libspace.o(.text)
    __user_perthread_libspace                0x0800043d   Thumb Code     0  libspace.o(.text)
    __user_setup_stackheap                   0x08000445   Thumb Code    74  sys_stackheap_outer.o(.text)
    exit                                     0x0800048f   Thumb Code    18  exit.o(.text)
    _sys_exit                                0x080004a1   Thumb Code     8  sys_exit.o(.text)
    __I$use$semihosting                      0x080004ad   Thumb Code     0  use_no_semi.o(.text)
    __use_no_semihosting_swi                 0x080004ad   Thumb Code     2  use_no_semi.o(.text)
    __semihosting_library_function           0x080004af   Thumb Code     0  indicate_semi.o(.text)
    low_filter_calc                          0x080004af   Thumb Code    52  fliter.o(ccmram)
    All_pid_clean                            0x080004e5   Thumb Code    58  power_control_fox.o(ccmram)
    Buck_Boost_mix_pid                       0x0800051f   Thumb Code   462  power_control_fox.o(ccmram)
    Buck_pid                                 0x080006ed   Thumb Code   346  power_control_fox.o(ccmram)
    BuckBoostVLoopCtlPID                     0x08000847   Thumb Code   254  power_control_fox.o(ccmram)
    PID_calc                                 0x08000945   Thumb Code   258  pid.o(ccmram)
    PID_clear                                0x08000a47   Thumb Code    64  pid.o(ccmram)
    ADC1_dispose                             0x08000a8d   Thumb Code    56  adc_.o(i.ADC1_dispose)
    ADC2_dispose                             0x08000add   Thumb Code    74  adc_.o(i.ADC2_dispose)
    ADC3_dispose                             0x08000b45   Thumb Code   144  adc_.o(i.ADC3_dispose)
    ADC4_dispose                             0x08000c01   Thumb Code    74  adc_.o(i.ADC4_dispose)
    ADC_DMAConvCplt                          0x08000c69   Thumb Code   146  stm32g4xx_hal_adc.o(i.ADC_DMAConvCplt)
    ADC_DMAError                             0x08000cfb   Thumb Code    30  stm32g4xx_hal_adc.o(i.ADC_DMAError)
    ADC_DMAHalfConvCplt                      0x08000d19   Thumb Code    14  stm32g4xx_hal_adc.o(i.ADC_DMAHalfConvCplt)
    ADC_Disable                              0x08000d29   Thumb Code   142  stm32g4xx_hal_adc.o(i.ADC_Disable)
    ADC_Enable                               0x08000dbd   Thumb Code   200  stm32g4xx_hal_adc.o(i.ADC_Enable)
    ADC_init                                 0x08000e9d   Thumb Code   158  adc_.o(i.ADC_init)
    Buck_Boost_Status                        0x08000f85   Thumb Code   296  function.o(i.Buck_Boost_Status)
    BusFault_Handler                         0x080010c9   Thumb Code     4  stm32g4xx_it.o(i.BusFault_Handler)
    Buzzer_error                             0x080010cd   Thumb Code   128  function.o(i.Buzzer_error)
    DebugMon_Handler                         0x08001201   Thumb Code     2  stm32g4xx_it.o(i.DebugMon_Handler)
    Error_Handler                            0x08001203   Thumb Code     6  main.o(i.Error_Handler)
    FDCAN3_IT0_IRQHandler                    0x08001209   Thumb Code    10  stm32g4xx_it.o(i.FDCAN3_IT0_IRQHandler)
    FDCAN3_Send_Msg                          0x08001219   Thumb Code    48  fdcan_init.o(i.FDCAN3_Send_Msg)
    FDCAN3_Send_PowerInfo                    0x0800124d   Thumb Code    28  fdcan_init.o(i.FDCAN3_Send_PowerInfo)
    FDCAN_Config_Filter                      0x080012ed   Thumb Code    62  fdcan_init.o(i.FDCAN_Config_Filter)
    HAL_ADCEx_Calibration_Start              0x08001ab1   Thumb Code   236  stm32g4xx_hal_adc_ex.o(i.HAL_ADCEx_Calibration_Start)
    HAL_ADCEx_MultiModeConfigChannel         0x08001bf5   Thumb Code   632  stm32g4xx_hal_adc_ex.o(i.HAL_ADCEx_MultiModeConfigChannel)
    HAL_ADC_ConfigChannel                    0x08001ec1   Thumb Code  2758  stm32g4xx_hal_adc.o(i.HAL_ADC_ConfigChannel)
    HAL_ADC_ConvCpltCallback                 0x080029b9   Thumb Code     2  stm32g4xx_hal_adc.o(i.HAL_ADC_ConvCpltCallback)
    HAL_ADC_ConvHalfCpltCallback             0x080029bb   Thumb Code     2  stm32g4xx_hal_adc.o(i.HAL_ADC_ConvHalfCpltCallback)
    HAL_ADC_ErrorCallback                    0x080029bd   Thumb Code     2  stm32g4xx_hal_adc.o(i.HAL_ADC_ErrorCallback)
    HAL_ADC_Init                             0x080029c1   Thumb Code  1884  stm32g4xx_hal_adc.o(i.HAL_ADC_Init)
    HAL_ADC_MspInit                          0x08003145   Thumb Code   642  adc.o(i.HAL_ADC_MspInit)
    HAL_ADC_Start_DMA                        0x080033f9   Thumb Code   358  stm32g4xx_hal_adc.o(i.HAL_ADC_Start_DMA)
    HAL_DMA_Init                             0x080035bd   Thumb Code   568  stm32g4xx_hal_dma.o(i.HAL_DMA_Init)
    HAL_DMA_Start_IT                         0x08003835   Thumb Code   214  stm32g4xx_hal_dma.o(i.HAL_DMA_Start_IT)
    HAL_Delay                                0x08003945   Thumb Code    36  stm32g4xx_hal.o(i.HAL_Delay)
    HAL_FDCAN_ActivateNotification           0x0800396d   Thumb Code   334  stm32g4xx_hal_fdcan.o(i.HAL_FDCAN_ActivateNotification)
    HAL_FDCAN_AddMessageToTxFifoQ            0x08003af9   Thumb Code   412  stm32g4xx_hal_fdcan.o(i.HAL_FDCAN_AddMessageToTxFifoQ)
    HAL_FDCAN_ConfigFilter                   0x08003cd1   Thumb Code   378  stm32g4xx_hal_fdcan.o(i.HAL_FDCAN_ConfigFilter)
    HAL_FDCAN_ErrorCallback                  0x08003e89   Thumb Code     2  stm32g4xx_hal_fdcan.o(i.HAL_FDCAN_ErrorCallback)
    HAL_FDCAN_ErrorStatusCallback            0x08003e8b   Thumb Code     2  stm32g4xx_hal_fdcan.o(i.HAL_FDCAN_ErrorStatusCallback)
    HAL_FDCAN_GetRxMessage                   0x08003e8d   Thumb Code   368  stm32g4xx_hal_fdcan.o(i.HAL_FDCAN_GetRxMessage)
    HAL_FDCAN_HighPriorityMessageCallback    0x0800403d   Thumb Code     2  stm32g4xx_hal_fdcan.o(i.HAL_FDCAN_HighPriorityMessageCallback)
    HAL_FDCAN_IRQHandler                     0x0800403f   Thumb Code   424  stm32g4xx_hal_fdcan.o(i.HAL_FDCAN_IRQHandler)
    HAL_FDCAN_Init                           0x080041e9   Thumb Code  1120  stm32g4xx_hal_fdcan.o(i.HAL_FDCAN_Init)
    HAL_FDCAN_MspInit                        0x08004649   Thumb Code   150  fdcan.o(i.HAL_FDCAN_MspInit)
    HAL_FDCAN_RxFifo0Callback                0x080046ed   Thumb Code    48  fdcan_init.o(i.HAL_FDCAN_RxFifo0Callback)
    HAL_FDCAN_RxFifo1Callback                0x08004729   Thumb Code     2  stm32g4xx_hal_fdcan.o(i.HAL_FDCAN_RxFifo1Callback)
    HAL_FDCAN_Start                          0x0800472b   Thumb Code    46  stm32g4xx_hal_fdcan.o(i.HAL_FDCAN_Start)
    HAL_FDCAN_TimeoutOccurredCallback        0x08004759   Thumb Code     2  stm32g4xx_hal_fdcan.o(i.HAL_FDCAN_TimeoutOccurredCallback)
    HAL_FDCAN_TimestampWraparoundCallback    0x0800475b   Thumb Code     2  stm32g4xx_hal_fdcan.o(i.HAL_FDCAN_TimestampWraparoundCallback)
    HAL_FDCAN_TxBufferAbortCallback          0x0800475d   Thumb Code     2  stm32g4xx_hal_fdcan.o(i.HAL_FDCAN_TxBufferAbortCallback)
    HAL_FDCAN_TxBufferCompleteCallback       0x0800475f   Thumb Code     2  stm32g4xx_hal_fdcan.o(i.HAL_FDCAN_TxBufferCompleteCallback)
    HAL_FDCAN_TxEventFifoCallback            0x08004761   Thumb Code     2  stm32g4xx_hal_fdcan.o(i.HAL_FDCAN_TxEventFifoCallback)
    HAL_FDCAN_TxFifoEmptyCallback            0x08004763   Thumb Code     2  stm32g4xx_hal_fdcan.o(i.HAL_FDCAN_TxFifoEmptyCallback)
    HAL_FMAC_ErrorCallback                   0x08004765   Thumb Code     2  stm32g4xx_hal_fmac.o(i.HAL_FMAC_ErrorCallback)
    HAL_FMAC_FilterConfig                    0x08004767   Thumb Code    18  stm32g4xx_hal_fmac.o(i.HAL_FMAC_FilterConfig)
    HAL_FMAC_FilterConfigCallback            0x08004779   Thumb Code     2  stm32g4xx_hal_fmac.o(i.HAL_FMAC_FilterConfigCallback)
    HAL_FMAC_FilterConfig_my                 0x0800477d   Thumb Code   132  fmac.o(i.HAL_FMAC_FilterConfig_my)
    HAL_FMAC_FilterStart                     0x08004811   Thumb Code   142  stm32g4xx_hal_fmac.o(i.HAL_FMAC_FilterStart)
    HAL_FMAC_HalfOutputDataReadyCallback     0x0800489f   Thumb Code     2  stm32g4xx_hal_fmac.o(i.HAL_FMAC_HalfOutputDataReadyCallback)
    HAL_FMAC_Init                            0x080048a1   Thumb Code   112  stm32g4xx_hal_fmac.o(i.HAL_FMAC_Init)
    HAL_FMAC_MspInit                         0x08004951   Thumb Code   102  fmac.o(i.HAL_FMAC_MspInit)
    HAL_FMAC_OutputDataReadyCallback         0x080049c9   Thumb Code     2  stm32g4xx_hal_fmac.o(i.HAL_FMAC_OutputDataReadyCallback)
    HAL_GPIO_Init                            0x080049cd   Thumb Code   746  stm32g4xx_hal_gpio.o(i.HAL_GPIO_Init)
    HAL_GPIO_WritePin                        0x08004d19   Thumb Code    58  stm32g4xx_hal_gpio.o(i.HAL_GPIO_WritePin)
    HAL_GetTick                              0x08004d91   Thumb Code     6  stm32g4xx_hal.o(i.HAL_GetTick)
    HAL_HRTIM_ADCPostScalerConfig            0x08004d9d   Thumb Code   388  stm32g4xx_hal_hrtim.o(i.HAL_HRTIM_ADCPostScalerConfig)
    HAL_HRTIM_ADCTriggerConfig               0x08004f5d   Thumb Code   756  stm32g4xx_hal_hrtim.o(i.HAL_HRTIM_ADCTriggerConfig)
    HAL_HRTIM_BurstModePeriodCallback        0x0800528d   Thumb Code     2  stm32g4xx_hal_hrtim.o(i.HAL_HRTIM_BurstModePeriodCallback)
    HAL_HRTIM_Capture1EventCallback          0x0800528f   Thumb Code     2  stm32g4xx_hal_hrtim.o(i.HAL_HRTIM_Capture1EventCallback)
    HAL_HRTIM_Capture2EventCallback          0x08005291   Thumb Code     2  stm32g4xx_hal_hrtim.o(i.HAL_HRTIM_Capture2EventCallback)
    HAL_HRTIM_Compare1EventCallback          0x08005293   Thumb Code     2  stm32g4xx_hal_hrtim.o(i.HAL_HRTIM_Compare1EventCallback)
    HAL_HRTIM_Compare2EventCallback          0x08005295   Thumb Code     2  stm32g4xx_hal_hrtim.o(i.HAL_HRTIM_Compare2EventCallback)
    HAL_HRTIM_Compare3EventCallback          0x08005297   Thumb Code     2  stm32g4xx_hal_hrtim.o(i.HAL_HRTIM_Compare3EventCallback)
    HAL_HRTIM_Compare4EventCallback          0x08005299   Thumb Code     2  stm32g4xx_hal_hrtim.o(i.HAL_HRTIM_Compare4EventCallback)
    HAL_HRTIM_CounterResetCallback           0x0800529b   Thumb Code     2  stm32g4xx_hal_hrtim.o(i.HAL_HRTIM_CounterResetCallback)
    HAL_HRTIM_DLLCalibrationReadyCallback    0x0800529d   Thumb Code     2  stm32g4xx_hal_hrtim.o(i.HAL_HRTIM_DLLCalibrationReadyCallback)
    HAL_HRTIM_DLLCalibrationStart            0x080052a1   Thumb Code   162  stm32g4xx_hal_hrtim.o(i.HAL_HRTIM_DLLCalibrationStart)
    HAL_HRTIM_DeadTimeConfig                 0x08005381   Thumb Code   418  stm32g4xx_hal_hrtim.o(i.HAL_HRTIM_DeadTimeConfig)
    HAL_HRTIM_DelayedProtectionCallback      0x08005569   Thumb Code     2  stm32g4xx_hal_hrtim.o(i.HAL_HRTIM_DelayedProtectionCallback)
    HAL_HRTIM_Fault1Callback                 0x0800556b   Thumb Code     2  stm32g4xx_hal_hrtim.o(i.HAL_HRTIM_Fault1Callback)
    HAL_HRTIM_Fault2Callback                 0x0800556d   Thumb Code     2  stm32g4xx_hal_hrtim.o(i.HAL_HRTIM_Fault2Callback)
    HAL_HRTIM_Fault3Callback                 0x0800556f   Thumb Code     2  stm32g4xx_hal_hrtim.o(i.HAL_HRTIM_Fault3Callback)
    HAL_HRTIM_Fault4Callback                 0x08005571   Thumb Code     2  stm32g4xx_hal_hrtim.o(i.HAL_HRTIM_Fault4Callback)
    HAL_HRTIM_Fault5Callback                 0x08005573   Thumb Code     2  stm32g4xx_hal_hrtim.o(i.HAL_HRTIM_Fault5Callback)
    HAL_HRTIM_Fault6Callback                 0x08005575   Thumb Code     2  stm32g4xx_hal_hrtim.o(i.HAL_HRTIM_Fault6Callback)
    HAL_HRTIM_IRQHandler                     0x08005577   Thumb Code    40  stm32g4xx_hal_hrtim.o(i.HAL_HRTIM_IRQHandler)
    HAL_HRTIM_Init                           0x080055a1   Thumb Code   404  stm32g4xx_hal_hrtim.o(i.HAL_HRTIM_Init)
    HAL_HRTIM_MspInit                        0x0800577d   Thumb Code    58  hrtim.o(i.HAL_HRTIM_MspInit)
    HAL_HRTIM_MspPostInit                    0x080057c1   Thumb Code    84  hrtim.o(i.HAL_HRTIM_MspPostInit)
    HAL_HRTIM_Output1ResetCallback           0x0800581d   Thumb Code     2  stm32g4xx_hal_hrtim.o(i.HAL_HRTIM_Output1ResetCallback)
    HAL_HRTIM_Output1SetCallback             0x0800581f   Thumb Code     2  stm32g4xx_hal_hrtim.o(i.HAL_HRTIM_Output1SetCallback)
    HAL_HRTIM_Output2ResetCallback           0x08005821   Thumb Code     2  stm32g4xx_hal_hrtim.o(i.HAL_HRTIM_Output2ResetCallback)
    HAL_HRTIM_Output2SetCallback             0x08005823   Thumb Code     2  stm32g4xx_hal_hrtim.o(i.HAL_HRTIM_Output2SetCallback)
    HAL_HRTIM_PollForDLLCalibration          0x08005825   Thumb Code    74  stm32g4xx_hal_hrtim.o(i.HAL_HRTIM_PollForDLLCalibration)
    HAL_HRTIM_RegistersUpdateCallback        0x0800586f   Thumb Code     2  stm32g4xx_hal_hrtim.o(i.HAL_HRTIM_RegistersUpdateCallback)
    HAL_HRTIM_RepetitionEventCallback        0x08005871   Thumb Code     2  stm32g4xx_hal_hrtim.o(i.HAL_HRTIM_RepetitionEventCallback)
    HAL_HRTIM_SynchronizationEventCallback   0x08005873   Thumb Code     2  stm32g4xx_hal_hrtim.o(i.HAL_HRTIM_SynchronizationEventCallback)
    HAL_HRTIM_SystemFaultCallback            0x08005875   Thumb Code     2  stm32g4xx_hal_hrtim.o(i.HAL_HRTIM_SystemFaultCallback)
    HAL_HRTIM_TimeBaseConfig                 0x08005879   Thumb Code   182  stm32g4xx_hal_hrtim.o(i.HAL_HRTIM_TimeBaseConfig)
    HAL_HRTIM_WaveformCompareConfig          0x0800596d   Thumb Code   702  stm32g4xx_hal_hrtim.o(i.HAL_HRTIM_WaveformCompareConfig)
    HAL_HRTIM_WaveformCountStart             0x08005c69   Thumb Code    82  stm32g4xx_hal_hrtim.o(i.HAL_HRTIM_WaveformCountStart)
    HAL_HRTIM_WaveformCountStart_IT          0x08005cf9   Thumb Code   176  stm32g4xx_hal_hrtim.o(i.HAL_HRTIM_WaveformCountStart_IT)
    HAL_HRTIM_WaveformOutputConfig           0x08005de9   Thumb Code   318  stm32g4xx_hal_hrtim.o(i.HAL_HRTIM_WaveformOutputConfig)
    HAL_HRTIM_WaveformOutputStart            0x08005f65   Thumb Code    86  stm32g4xx_hal_hrtim.o(i.HAL_HRTIM_WaveformOutputStart)
    HAL_HRTIM_WaveformOutputStop             0x08005ff9   Thumb Code    86  stm32g4xx_hal_hrtim.o(i.HAL_HRTIM_WaveformOutputStop)
    HAL_HRTIM_WaveformTimerConfig            0x0800608d   Thumb Code   954  stm32g4xx_hal_hrtim.o(i.HAL_HRTIM_WaveformTimerConfig)
    HAL_HRTIM_WaveformTimerControl           0x0800648d   Thumb Code   282  stm32g4xx_hal_hrtim.o(i.HAL_HRTIM_WaveformTimerControl)
    HAL_IncTick                              0x080065e5   Thumb Code    16  stm32g4xx_hal.o(i.HAL_IncTick)
    HAL_Init                                 0x080065fd   Thumb Code    30  stm32g4xx_hal.o(i.HAL_Init)
    HAL_InitTick                             0x0800661d   Thumb Code    74  stm32g4xx_hal.o(i.HAL_InitTick)
    HAL_MspInit                              0x08006675   Thumb Code    62  stm32g4xx_hal_msp.o(i.HAL_MspInit)
    HAL_NVIC_EnableIRQ                       0x080066b9   Thumb Code    56  stm32g4xx_hal_cortex.o(i.HAL_NVIC_EnableIRQ)
    HAL_NVIC_SetPriority                     0x0800672d   Thumb Code   150  stm32g4xx_hal_cortex.o(i.HAL_NVIC_SetPriority)
    HAL_NVIC_SetPriorityGrouping             0x08006801   Thumb Code    66  stm32g4xx_hal_cortex.o(i.HAL_NVIC_SetPriorityGrouping)
    HAL_OPAMP_Init                           0x08006889   Thumb Code   762  stm32g4xx_hal_opamp.o(i.HAL_OPAMP_Init)
    HAL_OPAMP_MspInit                        0x08006bcd   Thumb Code   136  opamp.o(i.HAL_OPAMP_MspInit)
    HAL_OPAMP_SelfCalibrate                  0x08006c61   Thumb Code   466  stm32g4xx_hal_opamp.o(i.HAL_OPAMP_SelfCalibrate)
    HAL_OPAMP_Start                          0x08006e75   Thumb Code   118  stm32g4xx_hal_opamp.o(i.HAL_OPAMP_Start)
    HAL_PWREx_ControlVoltageScaling          0x08006f2d   Thumb Code   294  stm32g4xx_hal_pwr_ex.o(i.HAL_PWREx_ControlVoltageScaling)
    HAL_PWREx_DisableUCPDDeadBattery         0x0800709d   Thumb Code    14  stm32g4xx_hal_pwr_ex.o(i.HAL_PWREx_DisableUCPDDeadBattery)
    HAL_RCCEx_PeriphCLKConfig                0x080070b1   Thumb Code  2034  stm32g4xx_hal_rcc_ex.o(i.HAL_RCCEx_PeriphCLKConfig)
    HAL_RCC_ClockConfig                      0x080078a9   Thumb Code   814  stm32g4xx_hal_rcc.o(i.HAL_RCC_ClockConfig)
    HAL_RCC_GetHCLKFreq                      0x08007c29   Thumb Code     6  stm32g4xx_hal_rcc.o(i.HAL_RCC_GetHCLKFreq)
    HAL_RCC_GetPCLK1Freq                     0x08007c35   Thumb Code    26  stm32g4xx_hal_rcc.o(i.HAL_RCC_GetPCLK1Freq)
    HAL_RCC_GetPCLK2Freq                     0x08007c59   Thumb Code    26  stm32g4xx_hal_rcc.o(i.HAL_RCC_GetPCLK2Freq)
    HAL_RCC_GetSysClockFreq                  0x08007c7d   Thumb Code   138  stm32g4xx_hal_rcc.o(i.HAL_RCC_GetSysClockFreq)
    HAL_RCC_OscConfig                        0x08007d15   Thumb Code  1866  stm32g4xx_hal_rcc.o(i.HAL_RCC_OscConfig)
    HAL_SYSTICK_Config                       0x0800846d   Thumb Code    52  stm32g4xx_hal_cortex.o(i.HAL_SYSTICK_Config)
    HAL_TIMEx_Break2Callback                 0x080084a1   Thumb Code     2  stm32g4xx_hal_tim_ex.o(i.HAL_TIMEx_Break2Callback)
    HAL_TIMEx_BreakCallback                  0x080084a3   Thumb Code     2  stm32g4xx_hal_tim_ex.o(i.HAL_TIMEx_BreakCallback)
    HAL_TIMEx_CommutCallback                 0x080084a5   Thumb Code     2  stm32g4xx_hal_tim_ex.o(i.HAL_TIMEx_CommutCallback)
    HAL_TIMEx_DirectionChangeCallback        0x080084a7   Thumb Code     2  stm32g4xx_hal_tim_ex.o(i.HAL_TIMEx_DirectionChangeCallback)
    HAL_TIMEx_EncoderIndexCallback           0x080084a9   Thumb Code     2  stm32g4xx_hal_tim_ex.o(i.HAL_TIMEx_EncoderIndexCallback)
    HAL_TIMEx_IndexErrorCallback             0x080084ab   Thumb Code     2  stm32g4xx_hal_tim_ex.o(i.HAL_TIMEx_IndexErrorCallback)
    HAL_TIMEx_MasterConfigSynchronization    0x080084ad   Thumb Code   514  stm32g4xx_hal_tim_ex.o(i.HAL_TIMEx_MasterConfigSynchronization)
    HAL_TIMEx_TransitionErrorCallback        0x08008715   Thumb Code     2  stm32g4xx_hal_tim_ex.o(i.HAL_TIMEx_TransitionErrorCallback)
    HAL_TIM_Base_Init                        0x08008719   Thumb Code   410  stm32g4xx_hal_tim.o(i.HAL_TIM_Base_Init)
    HAL_TIM_Base_MspInit                     0x0800891d   Thumb Code   204  tim.o(i.HAL_TIM_Base_MspInit)
    HAL_TIM_Base_Start_IT                    0x080089f9   Thumb Code   256  stm32g4xx_hal_tim.o(i.HAL_TIM_Base_Start_IT)
    HAL_TIM_ConfigClockSource                0x08008b61   Thumb Code  2528  stm32g4xx_hal_tim.o(i.HAL_TIM_ConfigClockSource)
    HAL_TIM_IC_CaptureCallback               0x08009549   Thumb Code     2  stm32g4xx_hal_tim.o(i.HAL_TIM_IC_CaptureCallback)
    HAL_TIM_IRQHandler                       0x0800954b   Thumb Code   544  stm32g4xx_hal_tim.o(i.HAL_TIM_IRQHandler)
    HAL_TIM_MspPostInit                      0x0800976d   Thumb Code    82  tim.o(i.HAL_TIM_MspPostInit)
    HAL_TIM_OC_DelayElapsedCallback          0x080097c9   Thumb Code     2  stm32g4xx_hal_tim.o(i.HAL_TIM_OC_DelayElapsedCallback)
    HAL_TIM_PWM_ConfigChannel                0x080097cd   Thumb Code   892  stm32g4xx_hal_tim.o(i.HAL_TIM_PWM_ConfigChannel)
    HAL_TIM_PWM_Init                         0x08009ba9   Thumb Code   410  stm32g4xx_hal_tim.o(i.HAL_TIM_PWM_Init)
    HAL_TIM_PWM_MspInit                      0x08009dad   Thumb Code     2  stm32g4xx_hal_tim.o(i.HAL_TIM_PWM_MspInit)
    HAL_TIM_PWM_PulseFinishedCallback        0x08009daf   Thumb Code     2  stm32g4xx_hal_tim.o(i.HAL_TIM_PWM_PulseFinishedCallback)
    HAL_TIM_PWM_Start                        0x08009db1   Thumb Code   556  stm32g4xx_hal_tim.o(i.HAL_TIM_PWM_Start)
    HAL_TIM_PeriodElapsedCallback            0x0800a03d   Thumb Code   140  tim_init.o(i.HAL_TIM_PeriodElapsedCallback)
    HAL_TIM_TriggerCallback                  0x0800a0e9   Thumb Code     2  stm32g4xx_hal_tim.o(i.HAL_TIM_TriggerCallback)
    HAL_UARTEx_DisableFifoMode               0x0800a0ed   Thumb Code   140  stm32g4xx_hal_uart_ex.o(i.HAL_UARTEx_DisableFifoMode)
    HAL_UARTEx_ReceiveToIdle_IT              0x0800a1cd   Thumb Code    96  stm32g4xx_hal_uart_ex.o(i.HAL_UARTEx_ReceiveToIdle_IT)
    HAL_UARTEx_RxEventCallback               0x0800a22d   Thumb Code     2  stm32g4xx_hal_uart.o(i.HAL_UARTEx_RxEventCallback)
    HAL_UARTEx_SetRxFifoThreshold            0x0800a231   Thumb Code   198  stm32g4xx_hal_uart_ex.o(i.HAL_UARTEx_SetRxFifoThreshold)
    HAL_UARTEx_SetTxFifoThreshold            0x0800a34d   Thumb Code   198  stm32g4xx_hal_uart_ex.o(i.HAL_UARTEx_SetTxFifoThreshold)
    HAL_UART_ErrorCallback                   0x0800a469   Thumb Code     2  stm32g4xx_hal_uart.o(i.HAL_UART_ErrorCallback)
    HAL_UART_Init                            0x0800a46d   Thumb Code   238  stm32g4xx_hal_uart.o(i.HAL_UART_Init)
    HAL_UART_MspInit                         0x0800a5b1   Thumb Code   134  usart.o(i.HAL_UART_MspInit)
    HAL_UART_RxCpltCallback                  0x0800a645   Thumb Code     2  stm32g4xx_hal_uart.o(i.HAL_UART_RxCpltCallback)
    HAL_UART_Transmit                        0x0800a647   Thumb Code   194  stm32g4xx_hal_uart.o(i.HAL_UART_Transmit)
    HRTIM1_Master_IRQHandler                 0x0800a709   Thumb Code    32  stm32g4xx_it.o(i.HRTIM1_Master_IRQHandler)
    HardFault_Handler                        0x0800b043   Thumb Code     4  stm32g4xx_it.o(i.HardFault_Handler)
    MX_ADC2_Init                             0x0800b149   Thumb Code   152  adc.o(i.MX_ADC2_Init)
    MX_ADC3_Init                             0x0800b1ed   Thumb Code   186  adc.o(i.MX_ADC3_Init)
    MX_ADC4_Init                             0x0800b2b9   Thumb Code   134  adc.o(i.MX_ADC4_Init)
    MX_ADC5_Init                             0x0800b34d   Thumb Code   152  adc.o(i.MX_ADC5_Init)
    MX_DMA_Init                              0x0800b3f1   Thumb Code    84  dma.o(i.MX_DMA_Init)
    MX_FDCAN3_Init                           0x0800b449   Thumb Code    82  fdcan.o(i.MX_FDCAN3_Init)
    MX_FMAC_Init                             0x0800b4a5   Thumb Code    22  fmac.o(i.MX_FMAC_Init)
    MX_GPIO_Init                             0x0800b4c5   Thumb Code   316  gpio.o(i.MX_GPIO_Init)
    MX_HRTIM1_Init                           0x0800b611   Thumb Code   754  hrtim.o(i.MX_HRTIM1_Init)
    MX_OPAMP2_Init                           0x0800b90d   Thumb Code    44  opamp.o(i.MX_OPAMP2_Init)
    MX_OPAMP4_Init                           0x0800b941   Thumb Code    44  opamp.o(i.MX_OPAMP4_Init)
    MX_TIM2_Init                             0x0800b975   Thumb Code   104  tim.o(i.MX_TIM2_Init)
    MX_TIM3_Init                             0x0800b9e5   Thumb Code   102  tim.o(i.MX_TIM3_Init)
    MX_TIM4_Init                             0x0800ba55   Thumb Code   102  tim.o(i.MX_TIM4_Init)
    MX_TIM5_Init                             0x0800bac5   Thumb Code   156  tim.o(i.MX_TIM5_Init)
    MX_USART1_UART_Init                      0x0800bb69   Thumb Code    98  usart.o(i.MX_USART1_UART_Init)
    MemManage_Handler                        0x0800bbd5   Thumb Code     4  stm32g4xx_it.o(i.MemManage_Handler)
    NMI_Handler                              0x0800bbd9   Thumb Code     4  stm32g4xx_it.o(i.NMI_Handler)
    OPAMP_Start                              0x0800bbdd   Thumb Code    28  opamp.o(i.OPAMP_Start)
    PID_init                                 0x0800bc01   Thumb Code    82  pid.o(i.PID_init)
    PendSV_Handler                           0x0800bc59   Thumb Code     2  stm32g4xx_it.o(i.PendSV_Handler)
    Pid_Init                                 0x0800bc5d   Thumb Code   262  pid_init.o(i.Pid_Init)
    SVC_Handler                              0x0800be3d   Thumb Code     2  stm32g4xx_it.o(i.SVC_Handler)
    ShortOff                                 0x0800be41   Thumb Code   162  function.o(i.ShortOff)
    StateM                                   0x0800bf09   Thumb Code    92  function.o(i.StateM)
    StateMErr                                0x0800bf71   Thumb Code    30  function.o(i.StateMErr)
    StateMRise                               0x0800bfa1   Thumb Code   352  function.o(i.StateMRise)
    StateMRun                                0x0800c13d   Thumb Code     2  function.o(i.StateMRun)
    StateMWait                               0x0800c141   Thumb Code    66  function.o(i.StateMWait)
    SwOCP                                    0x0800c19d   Thumb Code   194  function.o(i.SwOCP)
    SysTick_Handler                          0x0800c281   Thumb Code     8  stm32g4xx_it.o(i.SysTick_Handler)
    SystemClock_Config                       0x0800c289   Thumb Code   108  main.o(i.SystemClock_Config)
    SystemInit                               0x0800c2f5   Thumb Code    14  system_stm32g4xx.o(i.SystemInit)
    TIM2_IRQHandler                          0x0800c309   Thumb Code    10  stm32g4xx_it.o(i.TIM2_IRQHandler)
    TIM3_IRQHandler                          0x0800c319   Thumb Code    10  stm32g4xx_it.o(i.TIM3_IRQHandler)
    TIM4_IRQHandler                          0x0800c329   Thumb Code    10  stm32g4xx_it.o(i.TIM4_IRQHandler)
    TIM_Base_SetConfig                       0x0800c339   Thumb Code   204  stm32g4xx_hal_tim.o(i.TIM_Base_SetConfig)
    TIM_CCxChannelCmd                        0x0800c429   Thumb Code   154  stm32g4xx_hal_tim.o(i.TIM_CCxChannelCmd)
    TIM_ETR_SetConfig                        0x0800c521   Thumb Code    22  stm32g4xx_hal_tim.o(i.TIM_ETR_SetConfig)
    TIM_OC2_SetConfig                        0x0800c69d   Thumb Code   254  stm32g4xx_hal_tim.o(i.TIM_OC2_SetConfig)
    UART_AdvFeatureConfig                    0x0800cc35   Thumb Code   554  stm32g4xx_hal_uart.o(i.UART_AdvFeatureConfig)
    UART_CheckIdleState                      0x0800ceb1   Thumb Code   234  stm32g4xx_hal_uart.o(i.UART_CheckIdleState)
    UART_SetConfig                           0x0800d60d   Thumb Code  1374  stm32g4xx_hal_uart.o(i.UART_SetConfig)
    UART_Start_Receive_IT                    0x0800db75   Thumb Code   332  stm32g4xx_hal_uart.o(i.UART_Start_Receive_IT)
    UART_WaitOnFlagUntilTimeout              0x0800dcd1   Thumb Code   172  stm32g4xx_hal_uart.o(i.UART_WaitOnFlagUntilTimeout)
    Upper_Computer_Init                      0x0800dd7d   Thumb Code    28  vofa_float.o(i.Upper_Computer_Init)
    Upper_Computer_Show_Wave                 0x0800dda1   Thumb Code   148  vofa_float.o(i.Upper_Computer_Show_Wave)
    UsageFault_Handler                       0x0800de45   Thumb Code     4  stm32g4xx_it.o(i.UsageFault_Handler)
    VinSwOVP                                 0x0800de49   Thumb Code    84  function.o(i.VinSwOVP)
    VinSwUVP                                 0x0800deb5   Thumb Code   184  function.o(i.VinSwUVP)
    VoutSwOVP                                0x0800df8d   Thumb Code    84  function.o(i.VoutSwOVP)
    assert_failed                            0x0800e031   Thumb Code     2  main.o(i.assert_failed)
    low_filter_init                          0x0800e035   Thumb Code   134  fliter.o(i.low_filter_init)
    main                                     0x0800e0c5   Thumb Code   146  main.o(i.main)
    vofa_begin                               0x0800e169   Thumb Code    14  vofa_float.o(i.vofa_begin)
    _fp_init                                 0x0800e181   Thumb Code    10  fpinit.o(x$fpl$fpinit)
    __fplib_config_fpu_vfp                   0x0800e189   Thumb Code     0  fpinit.o(x$fpl$fpinit)
    __fplib_config_pureend_doubles           0x0800e189   Thumb Code     0  fpinit.o(x$fpl$fpinit)
    UARTPrescTable                           0x0800e19a   Data          24  stm32g4xx_hal_uart.o(.constdata)
    AHBPrescTable                            0x0800e1c2   Data          16  system_stm32g4xx.o(.constdata)
    APBPrescTable                            0x0800e1d2   Data           8  system_stm32g4xx.o(.constdata)
    Region$$Table$$Base                      0x0800e1dc   Number         0  anon$$obj.o(Region$$Table)
    Region$$Table$$Limit                     0x0800e1fc   Number         0  anon$$obj.o(Region$$Table)
    I_IN_Fmac                                0x20000004   Data           2  fmac.o(.data)
    uwTick                                   0x20000010   Data           4  stm32g4xx_hal.o(.data)
    uwTickPrio                               0x20000014   Data           4  stm32g4xx_hal.o(.data)
    uwTickFreq                               0x20000018   Data           4  stm32g4xx_hal.o(.data)
    SystemCoreClock                          0x20000038   Data           4  system_stm32g4xx.o(.data)
    rxData                                   0x2000003c   Data           8  fdcan_init.o(.data)
    rxBuffer                                 0x20000044   Data           6  vofa_float.o(.data)
    Data_Number                              0x2000004a   Data           1  vofa_float.o(.data)
    vrefint_cal                              0x2000004c   Data           2  adc_.o(.data)
    adc_Data_hadc1                           0x2000004e   Data           2  adc_.o(.data)
    adc_Data_hadc2                           0x20000050   Data           2  adc_.o(.data)
    adc_Data_hadc3                           0x20000052   Data           4  adc_.o(.data)
    adc_Data_hadc4                           0x20000056   Data           2  adc_.o(.data)
    adc_Data_hadc5                           0x20000058   Data           2  adc_.o(.data)
    I_Chassis                                0x2000005c   Data           4  adc_.o(.data)
    I_In                                     0x20000060   Data           4  adc_.o(.data)
    V_In                                     0x20000064   Data           4  adc_.o(.data)
    V_Cap                                    0x20000068   Data           4  adc_.o(.data)
    V_WPT                                    0x2000006c   Data           4  adc_.o(.data)
    I_WPT                                    0x20000070   Data           4  adc_.o(.data)
    I_Cap                                    0x20000074   Data           4  adc_.o(.data)
    vrefint                                  0x20000078   Data           4  adc_.o(.data)
    V_IN_K                                   0x2000007c   Data           4  adc_.o(.data)
    V_IN_D                                   0x20000080   Data           4  adc_.o(.data)
    V_Cap_K                                  0x20000084   Data           4  adc_.o(.data)
    V_Cap_D                                  0x20000088   Data           4  adc_.o(.data)
    I_IN_K                                   0x2000008c   Data           4  adc_.o(.data)
    I_IN_D                                   0x20000090   Data           4  adc_.o(.data)
    I_CHASSIS_K                              0x20000094   Data           4  adc_.o(.data)
    I_CHASSIS_D                              0x20000098   Data           4  adc_.o(.data)
    I_CAP_K                                  0x2000009c   Data           4  adc_.o(.data)
    I_CAP_D                                  0x200000a0   Data           4  adc_.o(.data)
    Status_                                  0x200000a4   Data           1  function.o(.data)
    Status_mem                               0x200000a5   Data           1  function.o(.data)
    Mode_Change                              0x200000a6   Data           1  function.o(.data)
    PwmEnFlag                                0x200000a7   Data           1  function.o(.data)
    SMFlag                                   0x200000a8   Data           1  function.o(.data)
    Cap_Error                                0x200000aa   Data           2  function.o(.data)
    STState                                  0x200000ac   Data           1  function.o(.data)
    Flag_Boost_Error                         0x200000ad   Data           1  function.o(.data)
    outputDuty                               0x200000b0   Data           4  function.o(.data)
    imu_pid_power_buck                       0x200000d4   Data          68  pid_init.o(ccmram)
    imu_pid_power_boost                      0x20000118   Data          68  pid_init.o(ccmram)
    imu_pid_power_buck_boost_mix             0x2000015c   Data          68  pid_init.o(ccmram)
    imu_pid_vel_buck                         0x200001a0   Data          68  pid_init.o(ccmram)
    imu_pid_vel_boost                        0x200001e4   Data          68  pid_init.o(ccmram)
    imu_pid_vel_buck_boost_mix               0x20000228   Data          68  pid_init.o(ccmram)
    imu_pid_cur_buck                         0x2000026c   Data          68  pid_init.o(ccmram)
    imu_pid_cur_boost                        0x200002b0   Data          68  pid_init.o(ccmram)
    imu_pid_cur_buck_boost_mix               0x200002f4   Data          68  pid_init.o(ccmram)
    hadc2                                    0x20000338   Data         108  adc.o(.bss)
    hadc3                                    0x200003a4   Data         108  adc.o(.bss)
    hadc4                                    0x20000410   Data         108  adc.o(.bss)
    hadc5                                    0x2000047c   Data         108  adc.o(.bss)
    hdma_adc2                                0x200004e8   Data          96  adc.o(.bss)
    hdma_adc3                                0x20000548   Data          96  adc.o(.bss)
    hdma_adc4                                0x200005a8   Data          96  adc.o(.bss)
    hdma_adc5                                0x20000608   Data          96  adc.o(.bss)
    hfdcan3                                  0x20000668   Data         100  fdcan.o(.bss)
    hfmac                                    0x200006cc   Data          56  fmac.o(.bss)
    hdma_fmac_read                           0x20000704   Data          96  fmac.o(.bss)
    hhrtim1                                  0x20000764   Data         252  hrtim.o(.bss)
    hopamp2                                  0x20000860   Data          60  opamp.o(.bss)
    hopamp4                                  0x2000089c   Data          60  opamp.o(.bss)
    htim2                                    0x200008d8   Data          76  tim.o(.bss)
    htim3                                    0x20000924   Data          76  tim.o(.bss)
    htim4                                    0x20000970   Data          76  tim.o(.bss)
    htim5                                    0x200009bc   Data          76  tim.o(.bss)
    huart1                                   0x20000a08   Data         148  usart.o(.bss)
    TxHeader                                 0x20000a9c   Data          36  fdcan_init.o(.bss)
    rxHeader                                 0x20000ac0   Data          40  fdcan_init.o(.bss)
    data_to_send                             0x20000ae8   Data          24  vofa_float.o(.bss)
    UserData                                 0x20000b00   Data          20  vofa_float.o(.bss)
    I_Chassis_lowpass                        0x20000b14   Data          24  adc_.o(.bss)
    I_In_lowpass                             0x20000b2c   Data          24  adc_.o(.bss)
    V_In_lowpass                             0x20000b44   Data          24  adc_.o(.bss)
    V_Cap_lowpass                            0x20000b5c   Data          24  adc_.o(.bss)
    I_Cap_lowpass                            0x20000b74   Data          24  adc_.o(.bss)
    CtrValue                                 0x20000b8c   Data          28  power_control_fox.o(.bss)
    __libspace_start                         0x20000ba8   Data          96  libspace.o(.bss)
    __temporary_stack_top$libspace           0x20000c08   Data           0  libspace.o(.bss)



==============================================================================

Memory Map of the image

  Image Entry point : 0x080001d9

  Load Region LR_IROM1 (Base: 0x08000000, Size: 0x0000e534, Max: 0x00080000, ABSOLUTE, COMPRESSED[0x0000e240])

    Execution Region ER_IROM1 (Exec base: 0x08000000, Load base: 0x08000000, Size: 0x0000e1fc, Max: 0x00080000, ABSOLUTE)

    Exec Addr    Load Addr    Size         Type   Attr      Idx    E Section Name        Object

    0x08000000   0x08000000   0x000001d8   Data   RO            3    RESET               startup_stm32g474xx.o
    0x080001d8   0x080001d8   0x00000008   Code   RO        13379  * !!!main             c_w.l(__main.o)
    0x080001e0   0x080001e0   0x00000034   Code   RO        13800    !!!scatter          c_w.l(__scatter.o)
    0x08000214   0x08000214   0x0000005a   Code   RO        13798    !!dczerorl2         c_w.l(__dczerorl2.o)
    0x0800026e   0x0800026e   0x00000002   PAD
    0x08000270   0x08000270   0x0000001c   Code   RO        13802    !!handler_zi        c_w.l(__scatter_zi.o)
    0x0800028c   0x0800028c   0x00000002   Code   RO        13671    .ARM.Collect$$libinit$$00000000  c_w.l(libinit.o)
    0x0800028e   0x0800028e   0x00000004   Code   RO        13680    .ARM.Collect$$libinit$$00000001  c_w.l(libinit2.o)
    0x08000292   0x08000292   0x00000000   Code   RO        13683    .ARM.Collect$$libinit$$00000004  c_w.l(libinit2.o)
    0x08000292   0x08000292   0x00000000   Code   RO        13686    .ARM.Collect$$libinit$$0000000A  c_w.l(libinit2.o)
    0x08000292   0x08000292   0x00000000   Code   RO        13688    .ARM.Collect$$libinit$$0000000C  c_w.l(libinit2.o)
    0x08000292   0x08000292   0x00000000   Code   RO        13690    .ARM.Collect$$libinit$$0000000E  c_w.l(libinit2.o)
    0x08000292   0x08000292   0x00000000   Code   RO        13693    .ARM.Collect$$libinit$$00000011  c_w.l(libinit2.o)
    0x08000292   0x08000292   0x00000000   Code   RO        13695    .ARM.Collect$$libinit$$00000013  c_w.l(libinit2.o)
    0x08000292   0x08000292   0x00000000   Code   RO        13697    .ARM.Collect$$libinit$$00000015  c_w.l(libinit2.o)
    0x08000292   0x08000292   0x00000000   Code   RO        13699    .ARM.Collect$$libinit$$00000017  c_w.l(libinit2.o)
    0x08000292   0x08000292   0x00000000   Code   RO        13701    .ARM.Collect$$libinit$$00000019  c_w.l(libinit2.o)
    0x08000292   0x08000292   0x00000000   Code   RO        13703    .ARM.Collect$$libinit$$0000001B  c_w.l(libinit2.o)
    0x08000292   0x08000292   0x00000000   Code   RO        13705    .ARM.Collect$$libinit$$0000001D  c_w.l(libinit2.o)
    0x08000292   0x08000292   0x00000000   Code   RO        13707    .ARM.Collect$$libinit$$0000001F  c_w.l(libinit2.o)
    0x08000292   0x08000292   0x00000000   Code   RO        13709    .ARM.Collect$$libinit$$00000021  c_w.l(libinit2.o)
    0x08000292   0x08000292   0x00000000   Code   RO        13711    .ARM.Collect$$libinit$$00000023  c_w.l(libinit2.o)
    0x08000292   0x08000292   0x00000000   Code   RO        13713    .ARM.Collect$$libinit$$00000025  c_w.l(libinit2.o)
    0x08000292   0x08000292   0x00000000   Code   RO        13717    .ARM.Collect$$libinit$$0000002C  c_w.l(libinit2.o)
    0x08000292   0x08000292   0x00000000   Code   RO        13719    .ARM.Collect$$libinit$$0000002E  c_w.l(libinit2.o)
    0x08000292   0x08000292   0x00000000   Code   RO        13721    .ARM.Collect$$libinit$$00000030  c_w.l(libinit2.o)
    0x08000292   0x08000292   0x00000000   Code   RO        13723    .ARM.Collect$$libinit$$00000032  c_w.l(libinit2.o)
    0x08000292   0x08000292   0x00000002   Code   RO        13724    .ARM.Collect$$libinit$$00000033  c_w.l(libinit2.o)
    0x08000294   0x08000294   0x00000002   Code   RO        13755    .ARM.Collect$$libshutdown$$00000000  c_w.l(libshutdown.o)
    0x08000296   0x08000296   0x00000000   Code   RO        13781    .ARM.Collect$$libshutdown$$00000002  c_w.l(libshutdown2.o)
    0x08000296   0x08000296   0x00000000   Code   RO        13783    .ARM.Collect$$libshutdown$$00000004  c_w.l(libshutdown2.o)
    0x08000296   0x08000296   0x00000000   Code   RO        13786    .ARM.Collect$$libshutdown$$00000007  c_w.l(libshutdown2.o)
    0x08000296   0x08000296   0x00000000   Code   RO        13789    .ARM.Collect$$libshutdown$$0000000A  c_w.l(libshutdown2.o)
    0x08000296   0x08000296   0x00000000   Code   RO        13791    .ARM.Collect$$libshutdown$$0000000C  c_w.l(libshutdown2.o)
    0x08000296   0x08000296   0x00000000   Code   RO        13794    .ARM.Collect$$libshutdown$$0000000F  c_w.l(libshutdown2.o)
    0x08000296   0x08000296   0x00000002   Code   RO        13795    .ARM.Collect$$libshutdown$$00000010  c_w.l(libshutdown2.o)
    0x08000298   0x08000298   0x00000000   Code   RO        13559    .ARM.Collect$$rtentry$$00000000  c_w.l(__rtentry.o)
    0x08000298   0x08000298   0x00000000   Code   RO        13634    .ARM.Collect$$rtentry$$00000002  c_w.l(__rtentry2.o)
    0x08000298   0x08000298   0x00000006   Code   RO        13646    .ARM.Collect$$rtentry$$00000004  c_w.l(__rtentry4.o)
    0x0800029e   0x0800029e   0x00000000   Code   RO        13636    .ARM.Collect$$rtentry$$00000009  c_w.l(__rtentry2.o)
    0x0800029e   0x0800029e   0x00000004   Code   RO        13637    .ARM.Collect$$rtentry$$0000000A  c_w.l(__rtentry2.o)
    0x080002a2   0x080002a2   0x00000000   Code   RO        13639    .ARM.Collect$$rtentry$$0000000C  c_w.l(__rtentry2.o)
    0x080002a2   0x080002a2   0x00000008   Code   RO        13640    .ARM.Collect$$rtentry$$0000000D  c_w.l(__rtentry2.o)
    0x080002aa   0x080002aa   0x00000002   Code   RO        13672    .ARM.Collect$$rtexit$$00000000  c_w.l(rtexit.o)
    0x080002ac   0x080002ac   0x00000000   Code   RO        13728    .ARM.Collect$$rtexit$$00000002  c_w.l(rtexit2.o)
    0x080002ac   0x080002ac   0x00000004   Code   RO        13729    .ARM.Collect$$rtexit$$00000003  c_w.l(rtexit2.o)
    0x080002b0   0x080002b0   0x00000006   Code   RO        13730    .ARM.Collect$$rtexit$$00000004  c_w.l(rtexit2.o)
    0x080002b6   0x080002b6   0x00000002   PAD
    0x080002b8   0x080002b8   0x00000040   Code   RO            4    .text               startup_stm32g474xx.o
    0x080002f8   0x080002f8   0x000000ee   Code   RO        13363    .text               c_w.l(lludivv7m.o)
    0x080003e6   0x080003e6   0x0000004e   Code   RO        13375    .text               c_w.l(rt_memclr_w.o)
    0x08000434   0x08000434   0x00000006   Code   RO        13377    .text               c_w.l(heapauxi.o)
    0x0800043a   0x0800043a   0x00000002   PAD
    0x0800043c   0x0800043c   0x00000008   Code   RO        13655    .text               c_w.l(libspace.o)
    0x08000444   0x08000444   0x0000004a   Code   RO        13658    .text               c_w.l(sys_stackheap_outer.o)
    0x0800048e   0x0800048e   0x00000012   Code   RO        13660    .text               c_w.l(exit.o)
    0x080004a0   0x080004a0   0x0000000c   Code   RO        13725    .text               c_w.l(sys_exit.o)
    0x080004ac   0x080004ac   0x00000002   Code   RO        13744    .text               c_w.l(use_no_semi.o)
    0x080004ae   0x080004ae   0x00000000   Code   RO        13746    .text               c_w.l(indicate_semi.o)
    0x080004ae   0x080004ae   0x00000034   Code   RO           13    ccmram              fliter.o
    0x080004e2   0x080004e2   0x00000002   PAD
    0x080004e4   0x080004e4   0x00000460   Code   RO         6680    ccmram              power_control_fox.o
    0x08000944   0x08000944   0x00000148   Code   RO         6852    ccmram              pid.o
    0x08000a8c   0x08000a8c   0x00000050   Code   RO         6581    i.ADC1_dispose      adc_.o
    0x08000adc   0x08000adc   0x00000068   Code   RO         6582    i.ADC2_dispose      adc_.o
    0x08000b44   0x08000b44   0x000000bc   Code   RO         6583    i.ADC3_dispose      adc_.o
    0x08000c00   0x08000c00   0x00000068   Code   RO         6584    i.ADC4_dispose      adc_.o
    0x08000c68   0x08000c68   0x00000092   Code   RO         1024    i.ADC_DMAConvCplt   stm32g4xx_hal_adc.o
    0x08000cfa   0x08000cfa   0x0000001e   Code   RO         1025    i.ADC_DMAError      stm32g4xx_hal_adc.o
    0x08000d18   0x08000d18   0x0000000e   Code   RO         1026    i.ADC_DMAHalfConvCplt  stm32g4xx_hal_adc.o
    0x08000d26   0x08000d26   0x00000002   PAD
    0x08000d28   0x08000d28   0x00000094   Code   RO         1027    i.ADC_Disable       stm32g4xx_hal_adc.o
    0x08000dbc   0x08000dbc   0x000000e0   Code   RO         1028    i.ADC_Enable        stm32g4xx_hal_adc.o
    0x08000e9c   0x08000e9c   0x000000e8   Code   RO         6586    i.ADC_init          adc_.o
    0x08000f84   0x08000f84   0x00000144   Code   RO         6712    i.Buck_Boost_Status  function.o
    0x080010c8   0x080010c8   0x00000004   Code   RO          893    i.BusFault_Handler  stm32g4xx_it.o
    0x080010cc   0x080010cc   0x0000008c   Code   RO         6713    i.Buzzer_error      function.o
    0x08001158   0x08001158   0x00000044   Code   RO         2472    i.DMA_CalcDMAMUXChannelBaseAndMask  stm32g4xx_hal_dma.o
    0x0800119c   0x0800119c   0x00000024   Code   RO         2473    i.DMA_CalcDMAMUXRequestGenBaseAndMask  stm32g4xx_hal_dma.o
    0x080011c0   0x080011c0   0x00000040   Code   RO         2474    i.DMA_SetConfig     stm32g4xx_hal_dma.o
    0x08001200   0x08001200   0x00000002   Code   RO          894    i.DebugMon_Handler  stm32g4xx_it.o
    0x08001202   0x08001202   0x00000006   Code   RO          252    i.Error_Handler     main.o
    0x08001208   0x08001208   0x00000010   Code   RO          895    i.FDCAN3_IT0_IRQHandler  stm32g4xx_it.o
    0x08001218   0x08001218   0x00000034   Code   RO         6489    i.FDCAN3_Send_Msg   fdcan_init.o
    0x0800124c   0x0800124c   0x0000001c   Code   RO         6490    i.FDCAN3_Send_PowerInfo  fdcan_init.o
    0x08001268   0x08001268   0x00000084   Code   RO         3131    i.FDCAN_CalcultateRamBlockAddresses  stm32g4xx_hal_fdcan.o
    0x080012ec   0x080012ec   0x00000044   Code   RO         6491    i.FDCAN_Config_Filter  fdcan_init.o
    0x08001330   0x08001330   0x000000cc   Code   RO         3132    i.FDCAN_CopyMessageToRAM  stm32g4xx_hal_fdcan.o
    0x080013fc   0x080013fc   0x00000084   Code   RO         3522    i.FMAC_ConfigFilterOutputBufferUpdateState  stm32g4xx_hal_fmac.o
    0x08001480   0x08001480   0x0000001c   Code   RO         3523    i.FMAC_DMAError     stm32g4xx_hal_fmac.o
    0x0800149c   0x0800149c   0x00000098   Code   RO         3524    i.FMAC_DMAFilterConfig  stm32g4xx_hal_fmac.o
    0x08001534   0x08001534   0x0000000e   Code   RO         3528    i.FMAC_DMAHalfOutputDataReady  stm32g4xx_hal_fmac.o
    0x08001542   0x08001542   0x00000014   Code   RO         3529    i.FMAC_DMAOutputDataReady  stm32g4xx_hal_fmac.o
    0x08001556   0x08001556   0x00000002   PAD
    0x08001558   0x08001558   0x00000494   Code   RO         3530    i.FMAC_FilterConfig  stm32g4xx_hal_fmac.o
    0x080019ec   0x080019ec   0x00000042   Code   RO         3533    i.FMAC_Reset        stm32g4xx_hal_fmac.o
    0x08001a2e   0x08001a2e   0x00000012   Code   RO         3534    i.FMAC_ResetDataPointers  stm32g4xx_hal_fmac.o
    0x08001a40   0x08001a40   0x00000010   Code   RO         3535    i.FMAC_ResetInputStateAndDataPointers  stm32g4xx_hal_fmac.o
    0x08001a50   0x08001a50   0x00000010   Code   RO         3536    i.FMAC_ResetOutputStateAndDataPointers  stm32g4xx_hal_fmac.o
    0x08001a60   0x08001a60   0x00000030   Code   RO         3537    i.FMAC_WaitOnStartUntilTimeout  stm32g4xx_hal_fmac.o
    0x08001a90   0x08001a90   0x00000020   Code   RO         3539    i.FMAC_WritePreloadDataIncrementPtr  stm32g4xx_hal_fmac.o
    0x08001ab0   0x08001ab0   0x00000144   Code   RO         1316    i.HAL_ADCEx_Calibration_Start  stm32g4xx_hal_adc_ex.o
    0x08001bf4   0x08001bf4   0x000002cc   Code   RO         1333    i.HAL_ADCEx_MultiModeConfigChannel  stm32g4xx_hal_adc_ex.o
    0x08001ec0   0x08001ec0   0x00000af8   Code   RO         1030    i.HAL_ADC_ConfigChannel  stm32g4xx_hal_adc.o
    0x080029b8   0x080029b8   0x00000002   Code   RO         1031    i.HAL_ADC_ConvCpltCallback  stm32g4xx_hal_adc.o
    0x080029ba   0x080029ba   0x00000002   Code   RO         1032    i.HAL_ADC_ConvHalfCpltCallback  stm32g4xx_hal_adc.o
    0x080029bc   0x080029bc   0x00000002   Code   RO         1034    i.HAL_ADC_ErrorCallback  stm32g4xx_hal_adc.o
    0x080029be   0x080029be   0x00000002   PAD
    0x080029c0   0x080029c0   0x00000784   Code   RO         1039    i.HAL_ADC_Init      stm32g4xx_hal_adc.o
    0x08003144   0x08003144   0x000002b4   Code   RO          504    i.HAL_ADC_MspInit   adc.o
    0x080033f8   0x080033f8   0x000001c4   Code   RO         1047    i.HAL_ADC_Start_DMA  stm32g4xx_hal_adc.o
    0x080035bc   0x080035bc   0x00000278   Code   RO         2481    i.HAL_DMA_Init      stm32g4xx_hal_dma.o
    0x08003834   0x08003834   0x00000110   Code   RO         2485    i.HAL_DMA_Start_IT  stm32g4xx_hal_dma.o
    0x08003944   0x08003944   0x00000028   Code   RO         1562    i.HAL_Delay         stm32g4xx_hal.o
    0x0800396c   0x0800396c   0x0000018c   Code   RO         3134    i.HAL_FDCAN_ActivateNotification  stm32g4xx_hal_fdcan.o
    0x08003af8   0x08003af8   0x000001d8   Code   RO         3135    i.HAL_FDCAN_AddMessageToTxFifoQ  stm32g4xx_hal_fdcan.o
    0x08003cd0   0x08003cd0   0x000001b8   Code   RO         3137    i.HAL_FDCAN_ConfigFilter  stm32g4xx_hal_fdcan.o
    0x08003e88   0x08003e88   0x00000002   Code   RO         3158    i.HAL_FDCAN_ErrorCallback  stm32g4xx_hal_fdcan.o
    0x08003e8a   0x08003e8a   0x00000002   Code   RO         3159    i.HAL_FDCAN_ErrorStatusCallback  stm32g4xx_hal_fdcan.o
    0x08003e8c   0x08003e8c   0x000001b0   Code   RO         3168    i.HAL_FDCAN_GetRxMessage  stm32g4xx_hal_fdcan.o
    0x0800403c   0x0800403c   0x00000002   Code   RO         3174    i.HAL_FDCAN_HighPriorityMessageCallback  stm32g4xx_hal_fdcan.o
    0x0800403e   0x0800403e   0x000001a8   Code   RO         3175    i.HAL_FDCAN_IRQHandler  stm32g4xx_hal_fdcan.o
    0x080041e6   0x080041e6   0x00000002   PAD
    0x080041e8   0x080041e8   0x00000460   Code   RO         3176    i.HAL_FDCAN_Init    stm32g4xx_hal_fdcan.o
    0x08004648   0x08004648   0x000000a4   Code   RO          593    i.HAL_FDCAN_MspInit  fdcan.o
    0x080046ec   0x080046ec   0x0000003c   Code   RO         6492    i.HAL_FDCAN_RxFifo0Callback  fdcan_init.o
    0x08004728   0x08004728   0x00000002   Code   RO         3184    i.HAL_FDCAN_RxFifo1Callback  stm32g4xx_hal_fdcan.o
    0x0800472a   0x0800472a   0x0000002e   Code   RO         3185    i.HAL_FDCAN_Start   stm32g4xx_hal_fdcan.o
    0x08004758   0x08004758   0x00000002   Code   RO         3187    i.HAL_FDCAN_TimeoutOccurredCallback  stm32g4xx_hal_fdcan.o
    0x0800475a   0x0800475a   0x00000002   Code   RO         3188    i.HAL_FDCAN_TimestampWraparoundCallback  stm32g4xx_hal_fdcan.o
    0x0800475c   0x0800475c   0x00000002   Code   RO         3189    i.HAL_FDCAN_TxBufferAbortCallback  stm32g4xx_hal_fdcan.o
    0x0800475e   0x0800475e   0x00000002   Code   RO         3190    i.HAL_FDCAN_TxBufferCompleteCallback  stm32g4xx_hal_fdcan.o
    0x08004760   0x08004760   0x00000002   Code   RO         3191    i.HAL_FDCAN_TxEventFifoCallback  stm32g4xx_hal_fdcan.o
    0x08004762   0x08004762   0x00000002   Code   RO         3192    i.HAL_FDCAN_TxFifoEmptyCallback  stm32g4xx_hal_fdcan.o
    0x08004764   0x08004764   0x00000002   Code   RO         3543    i.HAL_FMAC_ErrorCallback  stm32g4xx_hal_fmac.o
    0x08004766   0x08004766   0x00000012   Code   RO         3544    i.HAL_FMAC_FilterConfig  stm32g4xx_hal_fmac.o
    0x08004778   0x08004778   0x00000002   Code   RO         3545    i.HAL_FMAC_FilterConfigCallback  stm32g4xx_hal_fmac.o
    0x0800477a   0x0800477a   0x00000002   PAD
    0x0800477c   0x0800477c   0x00000094   Code   RO          634    i.HAL_FMAC_FilterConfig_my  fmac.o
    0x08004810   0x08004810   0x0000008e   Code   RO         3550    i.HAL_FMAC_FilterStart  stm32g4xx_hal_fmac.o
    0x0800489e   0x0800489e   0x00000002   Code   RO         3556    i.HAL_FMAC_HalfOutputDataReadyCallback  stm32g4xx_hal_fmac.o
    0x080048a0   0x080048a0   0x000000b0   Code   RO         3558    i.HAL_FMAC_Init     stm32g4xx_hal_fmac.o
    0x08004950   0x08004950   0x00000078   Code   RO          636    i.HAL_FMAC_MspInit  fmac.o
    0x080049c8   0x080049c8   0x00000002   Code   RO         3561    i.HAL_FMAC_OutputDataReadyCallback  stm32g4xx_hal_fmac.o
    0x080049ca   0x080049ca   0x00000002   PAD
    0x080049cc   0x080049cc   0x0000034c   Code   RO         2337    i.HAL_GPIO_Init     stm32g4xx_hal_gpio.o
    0x08004d18   0x08004d18   0x00000078   Code   RO         2341    i.HAL_GPIO_WritePin  stm32g4xx_hal_gpio.o
    0x08004d90   0x08004d90   0x0000000c   Code   RO         1566    i.HAL_GetTick       stm32g4xx_hal.o
    0x08004d9c   0x08004d9c   0x000001c0   Code   RO         3773    i.HAL_HRTIM_ADCPostScalerConfig  stm32g4xx_hal_hrtim.o
    0x08004f5c   0x08004f5c   0x00000330   Code   RO         3774    i.HAL_HRTIM_ADCTriggerConfig  stm32g4xx_hal_hrtim.o
    0x0800528c   0x0800528c   0x00000002   Code   RO         3780    i.HAL_HRTIM_BurstModePeriodCallback  stm32g4xx_hal_hrtim.o
    0x0800528e   0x0800528e   0x00000002   Code   RO         3782    i.HAL_HRTIM_Capture1EventCallback  stm32g4xx_hal_hrtim.o
    0x08005290   0x08005290   0x00000002   Code   RO         3783    i.HAL_HRTIM_Capture2EventCallback  stm32g4xx_hal_hrtim.o
    0x08005292   0x08005292   0x00000002   Code   RO         3785    i.HAL_HRTIM_Compare1EventCallback  stm32g4xx_hal_hrtim.o
    0x08005294   0x08005294   0x00000002   Code   RO         3786    i.HAL_HRTIM_Compare2EventCallback  stm32g4xx_hal_hrtim.o
    0x08005296   0x08005296   0x00000002   Code   RO         3787    i.HAL_HRTIM_Compare3EventCallback  stm32g4xx_hal_hrtim.o
    0x08005298   0x08005298   0x00000002   Code   RO         3788    i.HAL_HRTIM_Compare4EventCallback  stm32g4xx_hal_hrtim.o
    0x0800529a   0x0800529a   0x00000002   Code   RO         3789    i.HAL_HRTIM_CounterResetCallback  stm32g4xx_hal_hrtim.o
    0x0800529c   0x0800529c   0x00000002   Code   RO         3790    i.HAL_HRTIM_DLLCalibrationReadyCallback  stm32g4xx_hal_hrtim.o
    0x0800529e   0x0800529e   0x00000002   PAD
    0x080052a0   0x080052a0   0x000000e0   Code   RO         3791    i.HAL_HRTIM_DLLCalibrationStart  stm32g4xx_hal_hrtim.o
    0x08005380   0x08005380   0x000001e8   Code   RO         3794    i.HAL_HRTIM_DeadTimeConfig  stm32g4xx_hal_hrtim.o
    0x08005568   0x08005568   0x00000002   Code   RO         3795    i.HAL_HRTIM_DelayedProtectionCallback  stm32g4xx_hal_hrtim.o
    0x0800556a   0x0800556a   0x00000002   Code   RO         3803    i.HAL_HRTIM_Fault1Callback  stm32g4xx_hal_hrtim.o
    0x0800556c   0x0800556c   0x00000002   Code   RO         3804    i.HAL_HRTIM_Fault2Callback  stm32g4xx_hal_hrtim.o
    0x0800556e   0x0800556e   0x00000002   Code   RO         3805    i.HAL_HRTIM_Fault3Callback  stm32g4xx_hal_hrtim.o
    0x08005570   0x08005570   0x00000002   Code   RO         3806    i.HAL_HRTIM_Fault4Callback  stm32g4xx_hal_hrtim.o
    0x08005572   0x08005572   0x00000002   Code   RO         3807    i.HAL_HRTIM_Fault5Callback  stm32g4xx_hal_hrtim.o
    0x08005574   0x08005574   0x00000002   Code   RO         3808    i.HAL_HRTIM_Fault6Callback  stm32g4xx_hal_hrtim.o
    0x08005576   0x08005576   0x00000028   Code   RO         3823    i.HAL_HRTIM_IRQHandler  stm32g4xx_hal_hrtim.o
    0x0800559e   0x0800559e   0x00000002   PAD
    0x080055a0   0x080055a0   0x000001dc   Code   RO         3824    i.HAL_HRTIM_Init    stm32g4xx_hal_hrtim.o
    0x0800577c   0x0800577c   0x00000044   Code   RO          684    i.HAL_HRTIM_MspInit  hrtim.o
    0x080057c0   0x080057c0   0x0000005c   Code   RO          685    i.HAL_HRTIM_MspPostInit  hrtim.o
    0x0800581c   0x0800581c   0x00000002   Code   RO         3827    i.HAL_HRTIM_Output1ResetCallback  stm32g4xx_hal_hrtim.o
    0x0800581e   0x0800581e   0x00000002   Code   RO         3828    i.HAL_HRTIM_Output1SetCallback  stm32g4xx_hal_hrtim.o
    0x08005820   0x08005820   0x00000002   Code   RO         3829    i.HAL_HRTIM_Output2ResetCallback  stm32g4xx_hal_hrtim.o
    0x08005822   0x08005822   0x00000002   Code   RO         3830    i.HAL_HRTIM_Output2SetCallback  stm32g4xx_hal_hrtim.o
    0x08005824   0x08005824   0x0000004a   Code   RO         3833    i.HAL_HRTIM_PollForDLLCalibration  stm32g4xx_hal_hrtim.o
    0x0800586e   0x0800586e   0x00000002   Code   RO         3834    i.HAL_HRTIM_RegistersUpdateCallback  stm32g4xx_hal_hrtim.o
    0x08005870   0x08005870   0x00000002   Code   RO         3835    i.HAL_HRTIM_RepetitionEventCallback  stm32g4xx_hal_hrtim.o
    0x08005872   0x08005872   0x00000002   Code   RO         3873    i.HAL_HRTIM_SynchronizationEventCallback  stm32g4xx_hal_hrtim.o
    0x08005874   0x08005874   0x00000002   Code   RO         3874    i.HAL_HRTIM_SystemFaultCallback  stm32g4xx_hal_hrtim.o
    0x08005876   0x08005876   0x00000002   PAD
    0x08005878   0x08005878   0x000000f4   Code   RO         3875    i.HAL_HRTIM_TimeBaseConfig  stm32g4xx_hal_hrtim.o
    0x0800596c   0x0800596c   0x000002fc   Code   RO         3881    i.HAL_HRTIM_WaveformCompareConfig  stm32g4xx_hal_hrtim.o
    0x08005c68   0x08005c68   0x00000090   Code   RO         3882    i.HAL_HRTIM_WaveformCountStart  stm32g4xx_hal_hrtim.o
    0x08005cf8   0x08005cf8   0x000000f0   Code   RO         3884    i.HAL_HRTIM_WaveformCountStart_IT  stm32g4xx_hal_hrtim.o
    0x08005de8   0x08005de8   0x0000017c   Code   RO         3890    i.HAL_HRTIM_WaveformOutputConfig  stm32g4xx_hal_hrtim.o
    0x08005f64   0x08005f64   0x00000094   Code   RO         3891    i.HAL_HRTIM_WaveformOutputStart  stm32g4xx_hal_hrtim.o
    0x08005ff8   0x08005ff8   0x00000094   Code   RO         3892    i.HAL_HRTIM_WaveformOutputStop  stm32g4xx_hal_hrtim.o
    0x0800608c   0x0800608c   0x00000400   Code   RO         3894    i.HAL_HRTIM_WaveformTimerConfig  stm32g4xx_hal_hrtim.o
    0x0800648c   0x0800648c   0x00000158   Code   RO         3895    i.HAL_HRTIM_WaveformTimerControl  stm32g4xx_hal_hrtim.o
    0x080065e4   0x080065e4   0x00000018   Code   RO         1572    i.HAL_IncTick       stm32g4xx_hal.o
    0x080065fc   0x080065fc   0x0000001e   Code   RO         1573    i.HAL_Init          stm32g4xx_hal.o
    0x0800661a   0x0800661a   0x00000002   PAD
    0x0800661c   0x0800661c   0x00000058   Code   RO         1574    i.HAL_InitTick      stm32g4xx_hal.o
    0x08006674   0x08006674   0x00000044   Code   RO          999    i.HAL_MspInit       stm32g4xx_hal_msp.o
    0x080066b8   0x080066b8   0x00000074   Code   RO         2986    i.HAL_NVIC_EnableIRQ  stm32g4xx_hal_cortex.o
    0x0800672c   0x0800672c   0x000000d4   Code   RO         2992    i.HAL_NVIC_SetPriority  stm32g4xx_hal_cortex.o
    0x08006800   0x08006800   0x00000088   Code   RO         2993    i.HAL_NVIC_SetPriorityGrouping  stm32g4xx_hal_cortex.o
    0x08006888   0x08006888   0x00000344   Code   RO         4643    i.HAL_OPAMP_Init    stm32g4xx_hal_opamp.o
    0x08006bcc   0x08006bcc   0x00000094   Code   RO          732    i.HAL_OPAMP_MspInit  opamp.o
    0x08006c60   0x08006c60   0x00000214   Code   RO         4648    i.HAL_OPAMP_SelfCalibrate  stm32g4xx_hal_opamp.o
    0x08006e74   0x08006e74   0x000000b8   Code   RO         4649    i.HAL_OPAMP_Start   stm32g4xx_hal_opamp.o
    0x08006f2c   0x08006f2c   0x00000170   Code   RO         2740    i.HAL_PWREx_ControlVoltageScaling  stm32g4xx_hal_pwr_ex.o
    0x0800709c   0x0800709c   0x00000014   Code   RO         2752    i.HAL_PWREx_DisableUCPDDeadBattery  stm32g4xx_hal_pwr_ex.o
    0x080070b0   0x080070b0   0x000007f8   Code   RO         1938    i.HAL_RCCEx_PeriphCLKConfig  stm32g4xx_hal_rcc_ex.o
    0x080078a8   0x080078a8   0x00000380   Code   RO         1808    i.HAL_RCC_ClockConfig  stm32g4xx_hal_rcc.o
    0x08007c28   0x08007c28   0x0000000c   Code   RO         1814    i.HAL_RCC_GetHCLKFreq  stm32g4xx_hal_rcc.o
    0x08007c34   0x08007c34   0x00000024   Code   RO         1816    i.HAL_RCC_GetPCLK1Freq  stm32g4xx_hal_rcc.o
    0x08007c58   0x08007c58   0x00000024   Code   RO         1817    i.HAL_RCC_GetPCLK2Freq  stm32g4xx_hal_rcc.o
    0x08007c7c   0x08007c7c   0x00000098   Code   RO         1818    i.HAL_RCC_GetSysClockFreq  stm32g4xx_hal_rcc.o
    0x08007d14   0x08007d14   0x00000758   Code   RO         1821    i.HAL_RCC_OscConfig  stm32g4xx_hal_rcc.o
    0x0800846c   0x0800846c   0x00000034   Code   RO         2997    i.HAL_SYSTICK_Config  stm32g4xx_hal_cortex.o
    0x080084a0   0x080084a0   0x00000002   Code   RO         5475    i.HAL_TIMEx_Break2Callback  stm32g4xx_hal_tim_ex.o
    0x080084a2   0x080084a2   0x00000002   Code   RO         5476    i.HAL_TIMEx_BreakCallback  stm32g4xx_hal_tim_ex.o
    0x080084a4   0x080084a4   0x00000002   Code   RO         5477    i.HAL_TIMEx_CommutCallback  stm32g4xx_hal_tim_ex.o
    0x080084a6   0x080084a6   0x00000002   Code   RO         5488    i.HAL_TIMEx_DirectionChangeCallback  stm32g4xx_hal_tim_ex.o
    0x080084a8   0x080084a8   0x00000002   Code   RO         5502    i.HAL_TIMEx_EncoderIndexCallback  stm32g4xx_hal_tim_ex.o
    0x080084aa   0x080084aa   0x00000002   Code   RO         5516    i.HAL_TIMEx_IndexErrorCallback  stm32g4xx_hal_tim_ex.o
    0x080084ac   0x080084ac   0x00000268   Code   RO         5517    i.HAL_TIMEx_MasterConfigSynchronization  stm32g4xx_hal_tim_ex.o
    0x08008714   0x08008714   0x00000002   Code   RO         5538    i.HAL_TIMEx_TransitionErrorCallback  stm32g4xx_hal_tim_ex.o
    0x08008716   0x08008716   0x00000002   PAD
    0x08008718   0x08008718   0x00000204   Code   RO         4750    i.HAL_TIM_Base_Init  stm32g4xx_hal_tim.o
    0x0800891c   0x0800891c   0x000000dc   Code   RO          786    i.HAL_TIM_Base_MspInit  tim.o
    0x080089f8   0x080089f8   0x00000168   Code   RO         4755    i.HAL_TIM_Base_Start_IT  stm32g4xx_hal_tim.o
    0x08008b60   0x08008b60   0x000009e8   Code   RO         4759    i.HAL_TIM_ConfigClockSource  stm32g4xx_hal_tim.o
    0x08009548   0x08009548   0x00000002   Code   RO         4784    i.HAL_TIM_IC_CaptureCallback  stm32g4xx_hal_tim.o
    0x0800954a   0x0800954a   0x00000220   Code   RO         4798    i.HAL_TIM_IRQHandler  stm32g4xx_hal_tim.o
    0x0800976a   0x0800976a   0x00000002   PAD
    0x0800976c   0x0800976c   0x0000005c   Code   RO          787    i.HAL_TIM_MspPostInit  tim.o
    0x080097c8   0x080097c8   0x00000002   Code   RO         4801    i.HAL_TIM_OC_DelayElapsedCallback  stm32g4xx_hal_tim.o
    0x080097ca   0x080097ca   0x00000002   PAD
    0x080097cc   0x080097cc   0x000003dc   Code   RO         4822    i.HAL_TIM_PWM_ConfigChannel  stm32g4xx_hal_tim.o
    0x08009ba8   0x08009ba8   0x00000204   Code   RO         4825    i.HAL_TIM_PWM_Init  stm32g4xx_hal_tim.o
    0x08009dac   0x08009dac   0x00000002   Code   RO         4827    i.HAL_TIM_PWM_MspInit  stm32g4xx_hal_tim.o
    0x08009dae   0x08009dae   0x00000002   Code   RO         4828    i.HAL_TIM_PWM_PulseFinishedCallback  stm32g4xx_hal_tim.o
    0x08009db0   0x08009db0   0x0000028c   Code   RO         4830    i.HAL_TIM_PWM_Start  stm32g4xx_hal_tim.o
    0x0800a03c   0x0800a03c   0x000000ac   Code   RO         6642    i.HAL_TIM_PeriodElapsedCallback  tim_init.o
    0x0800a0e8   0x0800a0e8   0x00000002   Code   RO         4841    i.HAL_TIM_TriggerCallback  stm32g4xx_hal_tim.o
    0x0800a0ea   0x0800a0ea   0x00000002   PAD
    0x0800a0ec   0x0800a0ec   0x000000e0   Code   RO         6329    i.HAL_UARTEx_DisableFifoMode  stm32g4xx_hal_uart_ex.o
    0x0800a1cc   0x0800a1cc   0x00000060   Code   RO         6336    i.HAL_UARTEx_ReceiveToIdle_IT  stm32g4xx_hal_uart_ex.o
    0x0800a22c   0x0800a22c   0x00000002   Code   RO         5913    i.HAL_UARTEx_RxEventCallback  stm32g4xx_hal_uart.o
    0x0800a22e   0x0800a22e   0x00000002   PAD
    0x0800a230   0x0800a230   0x0000011c   Code   RO         6338    i.HAL_UARTEx_SetRxFifoThreshold  stm32g4xx_hal_uart_ex.o
    0x0800a34c   0x0800a34c   0x0000011c   Code   RO         6339    i.HAL_UARTEx_SetTxFifoThreshold  stm32g4xx_hal_uart_ex.o
    0x0800a468   0x0800a468   0x00000002   Code   RO         5929    i.HAL_UART_ErrorCallback  stm32g4xx_hal_uart.o
    0x0800a46a   0x0800a46a   0x00000002   PAD
    0x0800a46c   0x0800a46c   0x00000144   Code   RO         5933    i.HAL_UART_Init     stm32g4xx_hal_uart.o
    0x0800a5b0   0x0800a5b0   0x00000094   Code   RO          852    i.HAL_UART_MspInit  usart.o
    0x0800a644   0x0800a644   0x00000002   Code   RO         5940    i.HAL_UART_RxCpltCallback  stm32g4xx_hal_uart.o
    0x0800a646   0x0800a646   0x000000c2   Code   RO         5942    i.HAL_UART_Transmit  stm32g4xx_hal_uart.o
    0x0800a708   0x0800a708   0x00000024   Code   RO          896    i.HRTIM1_Master_IRQHandler  stm32g4xx_it.o
    0x0800a72c   0x0800a72c   0x00000094   Code   RO         3902    i.HRTIM_ForceRegistersUpdate  stm32g4xx_hal_hrtim.o
    0x0800a7c0   0x0800a7c0   0x000000c8   Code   RO         3906    i.HRTIM_HRTIM_ISR   stm32g4xx_hal_hrtim.o
    0x0800a888   0x0800a888   0x00000028   Code   RO         3907    i.HRTIM_MasterBase_Config  stm32g4xx_hal_hrtim.o
    0x0800a8b0   0x0800a8b0   0x0000009e   Code   RO         3908    i.HRTIM_MasterWaveform_Config  stm32g4xx_hal_hrtim.o
    0x0800a94e   0x0800a94e   0x0000011a   Code   RO         3909    i.HRTIM_Master_ISR  stm32g4xx_hal_hrtim.o
    0x0800aa68   0x0800aa68   0x00000106   Code   RO         3910    i.HRTIM_OutputConfig  stm32g4xx_hal_hrtim.o
    0x0800ab6e   0x0800ab6e   0x000001ee   Code   RO         3912    i.HRTIM_Timer_ISR   stm32g4xx_hal_hrtim.o
    0x0800ad5c   0x0800ad5c   0x00000040   Code   RO         3913    i.HRTIM_TimingUnitBase_Config  stm32g4xx_hal_hrtim.o
    0x0800ad9c   0x0800ad9c   0x0000024c   Code   RO         3915    i.HRTIM_TimingUnitWaveform_Config  stm32g4xx_hal_hrtim.o
    0x0800afe8   0x0800afe8   0x0000005a   Code   RO         3916    i.HRTIM_TimingUnitWaveform_Control  stm32g4xx_hal_hrtim.o
    0x0800b042   0x0800b042   0x00000004   Code   RO          897    i.HardFault_Handler  stm32g4xx_it.o
    0x0800b046   0x0800b046   0x00000002   PAD
    0x0800b048   0x0800b048   0x00000010   Code   RO         1053    i.LL_ADC_Enable     stm32g4xx_hal_adc.o
    0x0800b058   0x0800b058   0x0000000a   Code   RO         1054    i.LL_ADC_GetCommonPathInternalCh  stm32g4xx_hal_adc.o
    0x0800b062   0x0800b062   0x0000000a   Code   RO         1056    i.LL_ADC_GetMultimode  stm32g4xx_hal_adc.o
    0x0800b06c   0x0800b06c   0x00000012   Code   RO         1057    i.LL_ADC_GetOffsetChannel  stm32g4xx_hal_adc.o
    0x0800b07e   0x0800b07e   0x0000000a   Code   RO         1058    i.LL_ADC_GetResolution  stm32g4xx_hal_adc.o
    0x0800b088   0x0800b088   0x0000000a   Code   RO         1059    i.LL_ADC_INJ_IsConversionOngoing  stm32g4xx_hal_adc.o
    0x0800b092   0x0800b092   0x0000000a   Code   RO         1060    i.LL_ADC_IsDisableOngoing  stm32g4xx_hal_adc.o
    0x0800b09c   0x0800b09c   0x0000000a   Code   RO         1061    i.LL_ADC_IsEnabled  stm32g4xx_hal_adc.o
    0x0800b0a6   0x0800b0a6   0x0000000a   Code   RO         1346    i.LL_ADC_IsEnabled  stm32g4xx_hal_adc_ex.o
    0x0800b0b0   0x0800b0b0   0x0000000a   Code   RO         1062    i.LL_ADC_IsInternalRegulatorEnabled  stm32g4xx_hal_adc.o
    0x0800b0ba   0x0800b0ba   0x0000000a   Code   RO         1063    i.LL_ADC_REG_IsConversionOngoing  stm32g4xx_hal_adc.o
    0x0800b0c4   0x0800b0c4   0x0000000a   Code   RO         1347    i.LL_ADC_REG_IsConversionOngoing  stm32g4xx_hal_adc_ex.o
    0x0800b0ce   0x0800b0ce   0x00000012   Code   RO         1064    i.LL_ADC_REG_IsTriggerSourceSWStart  stm32g4xx_hal_adc.o
    0x0800b0e0   0x0800b0e0   0x00000010   Code   RO         1065    i.LL_ADC_REG_StartConversion  stm32g4xx_hal_adc.o
    0x0800b0f0   0x0800b0f0   0x00000028   Code   RO         1067    i.LL_ADC_SetChannelSamplingTime  stm32g4xx_hal_adc.o
    0x0800b118   0x0800b118   0x0000000c   Code   RO         1068    i.LL_ADC_SetCommonPathInternalCh  stm32g4xx_hal_adc.o
    0x0800b124   0x0800b124   0x00000016   Code   RO         1069    i.LL_ADC_SetOffsetState  stm32g4xx_hal_adc.o
    0x0800b13a   0x0800b13a   0x0000000c   Code   RO         1070    i.LL_ADC_SetSamplingTimeCommonConfig  stm32g4xx_hal_adc.o
    0x0800b146   0x0800b146   0x00000002   PAD
    0x0800b148   0x0800b148   0x000000a4   Code   RO          505    i.MX_ADC2_Init      adc.o
    0x0800b1ec   0x0800b1ec   0x000000cc   Code   RO          506    i.MX_ADC3_Init      adc.o
    0x0800b2b8   0x0800b2b8   0x00000094   Code   RO          507    i.MX_ADC4_Init      adc.o
    0x0800b34c   0x0800b34c   0x000000a4   Code   RO          508    i.MX_ADC5_Init      adc.o
    0x0800b3f0   0x0800b3f0   0x00000058   Code   RO          565    i.MX_DMA_Init       dma.o
    0x0800b448   0x0800b448   0x0000005c   Code   RO          594    i.MX_FDCAN3_Init    fdcan.o
    0x0800b4a4   0x0800b4a4   0x00000020   Code   RO          637    i.MX_FMAC_Init      fmac.o
    0x0800b4c4   0x0800b4c4   0x0000014c   Code   RO          357    i.MX_GPIO_Init      gpio.o
    0x0800b610   0x0800b610   0x000002fc   Code   RO          686    i.MX_HRTIM1_Init    hrtim.o
    0x0800b90c   0x0800b90c   0x00000034   Code   RO          733    i.MX_OPAMP2_Init    opamp.o
    0x0800b940   0x0800b940   0x00000034   Code   RO          734    i.MX_OPAMP4_Init    opamp.o
    0x0800b974   0x0800b974   0x00000070   Code   RO          788    i.MX_TIM2_Init      tim.o
    0x0800b9e4   0x0800b9e4   0x00000070   Code   RO          789    i.MX_TIM3_Init      tim.o
    0x0800ba54   0x0800ba54   0x00000070   Code   RO          790    i.MX_TIM4_Init      tim.o
    0x0800bac4   0x0800bac4   0x000000a4   Code   RO          791    i.MX_TIM5_Init      tim.o
    0x0800bb68   0x0800bb68   0x0000006c   Code   RO          853    i.MX_USART1_UART_Init  usart.o
    0x0800bbd4   0x0800bbd4   0x00000004   Code   RO          898    i.MemManage_Handler  stm32g4xx_it.o
    0x0800bbd8   0x0800bbd8   0x00000004   Code   RO          899    i.NMI_Handler       stm32g4xx_it.o
    0x0800bbdc   0x0800bbdc   0x00000024   Code   RO          735    i.OPAMP_Start       opamp.o
    0x0800bc00   0x0800bc00   0x00000058   Code   RO         6853    i.PID_init          pid.o
    0x0800bc58   0x0800bc58   0x00000002   Code   RO          900    i.PendSV_Handler    stm32g4xx_it.o
    0x0800bc5a   0x0800bc5a   0x00000002   PAD
    0x0800bc5c   0x0800bc5c   0x00000178   Code   RO         6814    i.Pid_Init          pid_init.o
    0x0800bdd4   0x0800bdd4   0x00000068   Code   RO         1822    i.RCC_GetSysClockFreqFromPLLSource  stm32g4xx_hal_rcc.o
    0x0800be3c   0x0800be3c   0x00000002   Code   RO          901    i.SVC_Handler       stm32g4xx_it.o
    0x0800be3e   0x0800be3e   0x00000002   PAD
    0x0800be40   0x0800be40   0x000000c8   Code   RO         6714    i.ShortOff          function.o
    0x0800bf08   0x0800bf08   0x00000068   Code   RO         6715    i.StateM            function.o
    0x0800bf70   0x0800bf70   0x00000030   Code   RO         6716    i.StateMErr         function.o
    0x0800bfa0   0x0800bfa0   0x0000019c   Code   RO         6717    i.StateMRise        function.o
    0x0800c13c   0x0800c13c   0x00000002   Code   RO         6718    i.StateMRun         function.o
    0x0800c13e   0x0800c13e   0x00000002   PAD
    0x0800c140   0x0800c140   0x0000005c   Code   RO         6719    i.StateMWait        function.o
    0x0800c19c   0x0800c19c   0x000000e4   Code   RO         6720    i.SwOCP             function.o
    0x0800c280   0x0800c280   0x00000008   Code   RO          902    i.SysTick_Handler   stm32g4xx_it.o
    0x0800c288   0x0800c288   0x0000006c   Code   RO          253    i.SystemClock_Config  main.o
    0x0800c2f4   0x0800c2f4   0x00000014   Code   RO         6453    i.SystemInit        system_stm32g4xx.o
    0x0800c308   0x0800c308   0x00000010   Code   RO          903    i.TIM2_IRQHandler   stm32g4xx_it.o
    0x0800c318   0x0800c318   0x00000010   Code   RO          904    i.TIM3_IRQHandler   stm32g4xx_it.o
    0x0800c328   0x0800c328   0x00000010   Code   RO          905    i.TIM4_IRQHandler   stm32g4xx_it.o
    0x0800c338   0x0800c338   0x000000f0   Code   RO         4843    i.TIM_Base_SetConfig  stm32g4xx_hal_tim.o
    0x0800c428   0x0800c428   0x000000f8   Code   RO         4844    i.TIM_CCxChannelCmd  stm32g4xx_hal_tim.o
    0x0800c520   0x0800c520   0x00000016   Code   RO         4854    i.TIM_ETR_SetConfig  stm32g4xx_hal_tim.o
    0x0800c536   0x0800c536   0x00000002   PAD
    0x0800c538   0x0800c538   0x00000018   Code   RO         4855    i.TIM_ITRx_SetConfig  stm32g4xx_hal_tim.o
    0x0800c550   0x0800c550   0x0000014c   Code   RO         4856    i.TIM_OC1_SetConfig  stm32g4xx_hal_tim.o
    0x0800c69c   0x0800c69c   0x00000154   Code   RO         4857    i.TIM_OC2_SetConfig  stm32g4xx_hal_tim.o
    0x0800c7f0   0x0800c7f0   0x00000154   Code   RO         4858    i.TIM_OC3_SetConfig  stm32g4xx_hal_tim.o
    0x0800c944   0x0800c944   0x00000154   Code   RO         4859    i.TIM_OC4_SetConfig  stm32g4xx_hal_tim.o
    0x0800ca98   0x0800ca98   0x00000078   Code   RO         4860    i.TIM_OC5_SetConfig  stm32g4xx_hal_tim.o
    0x0800cb10   0x0800cb10   0x0000007c   Code   RO         4861    i.TIM_OC6_SetConfig  stm32g4xx_hal_tim.o
    0x0800cb8c   0x0800cb8c   0x00000026   Code   RO         4863    i.TIM_TI1_ConfigInputStage  stm32g4xx_hal_tim.o
    0x0800cbb2   0x0800cbb2   0x00000028   Code   RO         4865    i.TIM_TI2_ConfigInputStage  stm32g4xx_hal_tim.o
    0x0800cbda   0x0800cbda   0x00000002   PAD
    0x0800cbdc   0x0800cbdc   0x00000058   Code   RO         6343    i.UARTEx_SetNbDataToProcess  stm32g4xx_hal_uart_ex.o
    0x0800cc34   0x0800cc34   0x0000027c   Code   RO         5947    i.UART_AdvFeatureConfig  stm32g4xx_hal_uart.o
    0x0800ceb0   0x0800ceb0   0x000000ea   Code   RO         5948    i.UART_CheckIdleState  stm32g4xx_hal_uart.o
    0x0800cf9a   0x0800cf9a   0x00000002   PAD
    0x0800cf9c   0x0800cf9c   0x0000006c   Code   RO         5959    i.UART_EndRxTransfer  stm32g4xx_hal_uart.o
    0x0800d008   0x0800d008   0x00000104   Code   RO         5962    i.UART_RxISR_16BIT  stm32g4xx_hal_uart.o
    0x0800d10c   0x0800d10c   0x00000200   Code   RO         5963    i.UART_RxISR_16BIT_FIFOEN  stm32g4xx_hal_uart.o
    0x0800d30c   0x0800d30c   0x00000104   Code   RO         5964    i.UART_RxISR_8BIT   stm32g4xx_hal_uart.o
    0x0800d410   0x0800d410   0x000001fc   Code   RO         5965    i.UART_RxISR_8BIT_FIFOEN  stm32g4xx_hal_uart.o
    0x0800d60c   0x0800d60c   0x00000568   Code   RO         5966    i.UART_SetConfig    stm32g4xx_hal_uart.o
    0x0800db74   0x0800db74   0x0000015c   Code   RO         5968    i.UART_Start_Receive_IT  stm32g4xx_hal_uart.o
    0x0800dcd0   0x0800dcd0   0x000000ac   Code   RO         5973    i.UART_WaitOnFlagUntilTimeout  stm32g4xx_hal_uart.o
    0x0800dd7c   0x0800dd7c   0x00000024   Code   RO         6538    i.Upper_Computer_Init  vofa_float.o
    0x0800dda0   0x0800dda0   0x000000a4   Code   RO         6539    i.Upper_Computer_Show_Wave  vofa_float.o
    0x0800de44   0x0800de44   0x00000004   Code   RO          906    i.UsageFault_Handler  stm32g4xx_it.o
    0x0800de48   0x0800de48   0x0000006c   Code   RO         6721    i.VinSwOVP          function.o
    0x0800deb4   0x0800deb4   0x000000d8   Code   RO         6722    i.VinSwUVP          function.o
    0x0800df8c   0x0800df8c   0x0000006c   Code   RO         6723    i.VoutSwOVP         function.o
    0x0800dff8   0x0800dff8   0x00000010   Code   RO         2999    i.__NVIC_GetPriorityGrouping  stm32g4xx_hal_cortex.o
    0x0800e008   0x0800e008   0x00000028   Code   RO         3000    i.__NVIC_SetPriority  stm32g4xx_hal_cortex.o
    0x0800e030   0x0800e030   0x00000002   Code   RO          254    i.assert_failed     main.o
    0x0800e032   0x0800e032   0x00000002   PAD
    0x0800e034   0x0800e034   0x00000090   Code   RO           14    i.low_filter_init   fliter.o
    0x0800e0c4   0x0800e0c4   0x000000a4   Code   RO          255    i.main              main.o
    0x0800e168   0x0800e168   0x00000018   Code   RO         6540    i.vofa_begin        vofa_float.o
    0x0800e180   0x0800e180   0x0000000a   Code   RO        13740    x$fpl$fpinit        fz_wm.l(fpinit.o)
    0x0800e18a   0x0800e18a   0x00000010   Data   RO         3193    .constdata          stm32g4xx_hal_fdcan.o
    0x0800e19a   0x0800e19a   0x00000018   Data   RO         5974    .constdata          stm32g4xx_hal_uart.o
    0x0800e1b2   0x0800e1b2   0x00000010   Data   RO         6345    .constdata          stm32g4xx_hal_uart_ex.o
    0x0800e1c2   0x0800e1c2   0x00000018   Data   RO         6454    .constdata          system_stm32g4xx.o
    0x0800e1da   0x0800e1da   0x00000002   PAD
    0x0800e1dc   0x0800e1dc   0x00000020   Data   RO        13796    Region$$Table       anon$$obj.o


    Execution Region RW_IRAM1 (Exec base: 0x20000000, Load base: 0x0800e1fc, Size: 0x00002608, Max: 0x00020000, ABSOLUTE, COMPRESSED[0x00000044])

    Exec Addr    Load Addr    Size         Type   Attr      Idx    E Section Name        Object

    0x20000000   COMPRESSED   0x00000004   Data   RW          510    .data               adc.o
    0x20000004   COMPRESSED   0x0000000c   Data   RW          639    .data               fmac.o
    0x20000010   COMPRESSED   0x0000000c   Data   RW         1593    .data               stm32g4xx_hal.o
    0x2000001c   COMPRESSED   0x0000001c   Data   RW         3917    .data               stm32g4xx_hal_hrtim.o
    0x20000038   COMPRESSED   0x00000004   Data   RW         6455    .data               system_stm32g4xx.o
    0x2000003c   COMPRESSED   0x00000008   Data   RW         6494    .data               fdcan_init.o
    0x20000044   COMPRESSED   0x00000007   Data   RW         6542    .data               vofa_float.o
    0x2000004b   COMPRESSED   0x00000001   PAD
    0x2000004c   COMPRESSED   0x00000058   Data   RW         6588    .data               adc_.o
    0x200000a4   COMPRESSED   0x00000030   Data   RW         6725    .data               function.o
    0x200000d4   COMPRESSED   0x00000264   Data   RW         6816    ccmram              pid_init.o
    0x20000338        -       0x00000330   Zero   RW          509    .bss                adc.o
    0x20000668        -       0x00000064   Zero   RW          595    .bss                fdcan.o
    0x200006cc        -       0x00000098   Zero   RW          638    .bss                fmac.o
    0x20000764        -       0x000000fc   Zero   RW          687    .bss                hrtim.o
    0x20000860        -       0x00000078   Zero   RW          736    .bss                opamp.o
    0x200008d8        -       0x00000130   Zero   RW          792    .bss                tim.o
    0x20000a08        -       0x00000094   Zero   RW          854    .bss                usart.o
    0x20000a9c        -       0x0000004c   Zero   RW         6493    .bss                fdcan_init.o
    0x20000ae8        -       0x0000002c   Zero   RW         6541    .bss                vofa_float.o
    0x20000b14        -       0x00000078   Zero   RW         6587    .bss                adc_.o
    0x20000b8c        -       0x0000001c   Zero   RW         6681    .bss                power_control_fox.o
    0x20000ba8        -       0x00000060   Zero   RW        13656    .bss                c_w.l(libspace.o)
    0x20000c08        -       0x00001200   Zero   RW            2    HEAP                startup_stm32g474xx.o
    0x20001e08        -       0x00000800   Zero   RW            1    STACK               startup_stm32g474xx.o


==============================================================================

Image component sizes


      Code (inc. data)   RO Data    RW Data    ZI Data      Debug   Object Name

      1372        106          0          4        816       4728   adc.o
       708        202          0         88        120       4080   adc_.o
        88          4          0          0          0        894   dma.o
       256         24          0          0        100       1919   fdcan.o
       208         22          0          8         76       3839   fdcan_init.o
       196         10          0          0          0    1024932   fliter.o
       300         44          0         12        152       2530   fmac.o
      1982        314          0         48          0       8775   function.o
       332         16          0          0          0    1068932   gpio.o
       924         28          0          0        252       3123   hrtim.o
       280         18          0          0          0       2796   main.o
       288         36          0          0        120       2886   opamp.o
       416         12          0          0          0       4620   pid.o
       376        114          0        612          0       4601   pid_init.o
      1120        100          0          0         28       2226   power_control_fox.o
        64         26        472          0       6656        868   startup_stm32g474xx.o
       194         32          0         12          0       4573   stm32g4xx_hal.o
      5986        538          0          0          0      88467   stm32g4xx_hal_adc.o
      1060        172          0          0          0      70625   stm32g4xx_hal_adc_ex.o
       572        206          0          0          0      34703   stm32g4xx_hal_cortex.o
      1072        136          0          0          0       4478   stm32g4xx_hal_dma.o
      3686        342         16          0          0      19006   stm32g4xx_hal_fdcan.o
      2058        154          0          0          0      15754   stm32g4xx_hal_fmac.o
       964        160          0          0          0       2436   stm32g4xx_hal_gpio.o
      8376        912          0         28          0      41511   stm32g4xx_hal_hrtim.o
        68          6          0          0          0        926   stm32g4xx_hal_msp.o
      1552        206          0          0          0       3901   stm32g4xx_hal_opamp.o
       388         80          0          0          0       1557   stm32g4xx_hal_pwr_ex.o
      3116        218          0          0          0       7952   stm32g4xx_hal_rcc.o
      2040         76          0          0          0       2456   stm32g4xx_hal_rcc_ex.o
      8330       1214          0          0          0      21564   stm32g4xx_hal_tim.o
       630        102          0          0          0       6052   stm32g4xx_hal_tim_ex.o
      4946        364         24          0          0      34922   stm32g4xx_hal_uart.o
       976        266         16          0          0       4943   stm32g4xx_hal_uart_ex.o
       134         28          0          0          0       7083   stm32g4xx_it.o
        20          6         24          4          0       1235   system_stm32g4xx.o
       812         62          0          0        304       4735   tim.o
       172         32          0          0          0        996   tim_init.o
       256         24          0          0        148       1918   usart.o
       224         34          0          7         44       2683   vofa_float.o

    ----------------------------------------------------------------------
     56594       6446        586        824       8816    2526225   Object Totals
         0          0         32          0          0          0   (incl. Generated)
        52          0          2          1          0          0   (incl. Padding)

    ----------------------------------------------------------------------

      Code (inc. data)   RO Data    RW Data    ZI Data      Debug   Library Member Name

        90          0          0          0          0          0   __dczerorl2.o
         8          0          0          0          0         68   __main.o
         0          0          0          0          0          0   __rtentry.o
        12          0          0          0          0          0   __rtentry2.o
         6          0          0          0          0          0   __rtentry4.o
        52          8          0          0          0          0   __scatter.o
        28          0          0          0          0          0   __scatter_zi.o
        18          0          0          0          0         80   exit.o
         6          0          0          0          0        152   heapauxi.o
         0          0          0          0          0          0   indicate_semi.o
         2          0          0          0          0          0   libinit.o
         6          0          0          0          0          0   libinit2.o
         2          0          0          0          0          0   libshutdown.o
         2          0          0          0          0          0   libshutdown2.o
         8          4          0          0         96         68   libspace.o
       238          0          0          0          0        100   lludivv7m.o
        78          0          0          0          0         80   rt_memclr_w.o
         2          0          0          0          0          0   rtexit.o
        10          0          0          0          0          0   rtexit2.o
        12          4          0          0          0         68   sys_exit.o
        74          0          0          0          0         80   sys_stackheap_outer.o
         2          0          0          0          0         68   use_no_semi.o
        10          0          0          0          0        116   fpinit.o

    ----------------------------------------------------------------------
       672         16          0          0         96        880   Library Totals
         6          0          0          0          0          0   (incl. Padding)

    ----------------------------------------------------------------------

      Code (inc. data)   RO Data    RW Data    ZI Data      Debug   Library Name

       656         16          0          0         96        764   c_w.l
        10          0          0          0          0        116   fz_wm.l

    ----------------------------------------------------------------------
       672         16          0          0         96        880   Library Totals

    ----------------------------------------------------------------------

==============================================================================


      Code (inc. data)   RO Data    RW Data    ZI Data      Debug   

     57266       6462        586        824       8912    2499945   Grand Totals
     57266       6462        586         68       8912    2499945   ELF Image Totals (compressed)
     57266       6462        586         68          0          0   ROM Totals

==============================================================================

    Total RO  Size (Code + RO Data)                57852 (  56.50kB)
    Total RW  Size (RW Data + ZI Data)              9736 (   9.51kB)
    Total ROM Size (Code + RO Data + RW Data)      57920 (  56.56kB)

==============================================================================

